Archive member included to satisfy reference by file (symbol)

/usr/lib/gcc/arm-none-eabi/14.1.0/../../../../arm-none-eabi/lib/thumb/v6-m/nofp/libc_nano.a(libc_a-atexit.o)
                              /usr/lib/gcc/arm-none-eabi/14.1.0/../../../../arm-none-eabi/lib/thumb/v6-m/nofp/crt0.o (atexit)
/usr/lib/gcc/arm-none-eabi/14.1.0/../../../../arm-none-eabi/lib/thumb/v6-m/nofp/libc_nano.a(libc_a-exit.o)
                              /usr/lib/gcc/arm-none-eabi/14.1.0/../../../../arm-none-eabi/lib/thumb/v6-m/nofp/crt0.o (exit)
/usr/lib/gcc/arm-none-eabi/14.1.0/../../../../arm-none-eabi/lib/thumb/v6-m/nofp/libc_nano.a(libc_a-findfp.o)
                              /usr/lib/gcc/arm-none-eabi/14.1.0/../../../../arm-none-eabi/lib/thumb/v6-m/nofp/libc_nano.a(libc_a-exit.o) (__stdio_exit_handler)
/usr/lib/gcc/arm-none-eabi/14.1.0/../../../../arm-none-eabi/lib/thumb/v6-m/nofp/libc_nano.a(libc_a-fwalk.o)
                              /usr/lib/gcc/arm-none-eabi/14.1.0/../../../../arm-none-eabi/lib/thumb/v6-m/nofp/libc_nano.a(libc_a-findfp.o) (_fwalk_sglue)
/usr/lib/gcc/arm-none-eabi/14.1.0/../../../../arm-none-eabi/lib/thumb/v6-m/nofp/libc_nano.a(libc_a-stdio.o)
                              /usr/lib/gcc/arm-none-eabi/14.1.0/../../../../arm-none-eabi/lib/thumb/v6-m/nofp/libc_nano.a(libc_a-findfp.o) (__sread)
/usr/lib/gcc/arm-none-eabi/14.1.0/../../../../arm-none-eabi/lib/thumb/v6-m/nofp/libc_nano.a(libc_a-memset.o)
                              /usr/lib/gcc/arm-none-eabi/14.1.0/../../../../arm-none-eabi/lib/thumb/v6-m/nofp/crt0.o (memset)
/usr/lib/gcc/arm-none-eabi/14.1.0/../../../../arm-none-eabi/lib/thumb/v6-m/nofp/libc_nano.a(libc_a-closer.o)
                              /usr/lib/gcc/arm-none-eabi/14.1.0/../../../../arm-none-eabi/lib/thumb/v6-m/nofp/libc_nano.a(libc_a-stdio.o) (_close_r)
/usr/lib/gcc/arm-none-eabi/14.1.0/../../../../arm-none-eabi/lib/thumb/v6-m/nofp/libc_nano.a(libc_a-reent.o)
                              /usr/lib/gcc/arm-none-eabi/14.1.0/../../../../arm-none-eabi/lib/thumb/v6-m/nofp/libc_nano.a(libc_a-closer.o) (errno)
/usr/lib/gcc/arm-none-eabi/14.1.0/../../../../arm-none-eabi/lib/thumb/v6-m/nofp/libc_nano.a(libc_a-impure.o)
                              /usr/lib/gcc/arm-none-eabi/14.1.0/../../../../arm-none-eabi/lib/thumb/v6-m/nofp/libc_nano.a(libc_a-reent.o) (_impure_ptr)
/usr/lib/gcc/arm-none-eabi/14.1.0/../../../../arm-none-eabi/lib/thumb/v6-m/nofp/libc_nano.a(libc_a-lseekr.o)
                              /usr/lib/gcc/arm-none-eabi/14.1.0/../../../../arm-none-eabi/lib/thumb/v6-m/nofp/libc_nano.a(libc_a-stdio.o) (_lseek_r)
/usr/lib/gcc/arm-none-eabi/14.1.0/../../../../arm-none-eabi/lib/thumb/v6-m/nofp/libc_nano.a(libc_a-readr.o)
                              /usr/lib/gcc/arm-none-eabi/14.1.0/../../../../arm-none-eabi/lib/thumb/v6-m/nofp/libc_nano.a(libc_a-stdio.o) (_read_r)
/usr/lib/gcc/arm-none-eabi/14.1.0/../../../../arm-none-eabi/lib/thumb/v6-m/nofp/libc_nano.a(libc_a-writer.o)
                              /usr/lib/gcc/arm-none-eabi/14.1.0/../../../../arm-none-eabi/lib/thumb/v6-m/nofp/libc_nano.a(libc_a-stdio.o) (_write_r)
/usr/lib/gcc/arm-none-eabi/14.1.0/../../../../arm-none-eabi/lib/thumb/v6-m/nofp/libc_nano.a(libc_a-init.o)
                              /usr/lib/gcc/arm-none-eabi/14.1.0/../../../../arm-none-eabi/lib/thumb/v6-m/nofp/crt0.o (__libc_init_array)
/usr/lib/gcc/arm-none-eabi/14.1.0/../../../../arm-none-eabi/lib/thumb/v6-m/nofp/libc_nano.a(libc_a-fini.o)
                              /usr/lib/gcc/arm-none-eabi/14.1.0/../../../../arm-none-eabi/lib/thumb/v6-m/nofp/crt0.o (__libc_fini_array)
/usr/lib/gcc/arm-none-eabi/14.1.0/../../../../arm-none-eabi/lib/thumb/v6-m/nofp/libc_nano.a(libc_a-lock.o)
                              /usr/lib/gcc/arm-none-eabi/14.1.0/../../../../arm-none-eabi/lib/thumb/v6-m/nofp/libc_nano.a(libc_a-findfp.o) (__retarget_lock_init_recursive)
/usr/lib/gcc/arm-none-eabi/14.1.0/../../../../arm-none-eabi/lib/thumb/v6-m/nofp/libc_nano.a(libc_a-__atexit.o)
                              /usr/lib/gcc/arm-none-eabi/14.1.0/../../../../arm-none-eabi/lib/thumb/v6-m/nofp/libc_nano.a(libc_a-atexit.o) (__register_exitproc)
/usr/lib/gcc/arm-none-eabi/14.1.0/../../../../arm-none-eabi/lib/thumb/v6-m/nofp/libc_nano.a(libc_a-__call_atexit.o)
                              /usr/lib/gcc/arm-none-eabi/14.1.0/../../../../arm-none-eabi/lib/thumb/v6-m/nofp/libc_nano.a(libc_a-__atexit.o) (__call_exitprocs)
/usr/lib/gcc/arm-none-eabi/14.1.0/../../../../arm-none-eabi/lib/thumb/v6-m/nofp/libc_nano.a(libc_a-freer.o)
                              /usr/lib/gcc/arm-none-eabi/14.1.0/../../../../arm-none-eabi/lib/thumb/v6-m/nofp/libc_nano.a(libc_a-reent.o) (_free_r)
/usr/lib/gcc/arm-none-eabi/14.1.0/../../../../arm-none-eabi/lib/thumb/v6-m/nofp/libc_nano.a(libc_a-mallocr.o)
                              /usr/lib/gcc/arm-none-eabi/14.1.0/../../../../arm-none-eabi/lib/thumb/v6-m/nofp/libc_nano.a(libc_a-findfp.o) (_malloc_r)
[...]
Memory Configuration

Name             Origin             Length             Attributes
RAM              0x20000000         0x00001800         xrw
FLASH            0x08000000         0x00004000         xr
*default*        0x00000000         0xffffffff

Linker script and memory map

LOAD /usr/lib/gcc/arm-none-eabi/14.1.0/thumb/v6-m/nofp/crti.o
LOAD /usr/lib/gcc/arm-none-eabi/14.1.0/thumb/v6-m/nofp/crtbegin.o
LOAD /usr/lib/gcc/arm-none-eabi/14.1.0/../../../../arm-none-eabi/lib/thumb/v6-m/nofp/crt0.o
LOAD build/main.o
LOAD build/stm32f0xx_it.o
LOAD build/stm32f0xx_hal_msp.o
LOAD build/usb_device.o
LOAD build/usbd_desc.o
LOAD build/usbd_conf.o
LOAD build/stm32f0xx_ll_usb.o
LOAD build/stm32f0xx_hal_pcd.o
LOAD build/stm32f0xx_hal_pcd_ex.o
LOAD build/stm32f0xx_hal_rcc.o
LOAD build/stm32f0xx_hal_rcc_ex.o
LOAD build/stm32f0xx_hal.o
LOAD build/stm32f0xx_hal_i2c.o
LOAD build/stm32f0xx_hal_i2c_ex.o
LOAD build/stm32f0xx_hal_gpio.o
LOAD build/stm32f0xx_hal_dma.o
LOAD build/stm32f0xx_hal_cortex.o
LOAD build/stm32f0xx_hal_pwr.o
LOAD build/stm32f0xx_hal_pwr_ex.o
LOAD build/stm32f0xx_hal_flash.o
LOAD build/stm32f0xx_hal_flash_ex.o
LOAD build/stm32f0xx_hal_exti.o
LOAD build/stm32f0xx_hal_spi.o
LOAD build/stm32f0xx_hal_spi_ex.o
LOAD build/stm32f0xx_hal_tim.o
LOAD build/stm32f0xx_hal_tim_ex.o
LOAD build/system_stm32f0xx.o
LOAD build/usbd_core.o
LOAD build/usbd_ctlreq.o
LOAD build/usbd_ioreq.o
LOAD build/usbd_hid.o
LOAD build/startup_stm32f042x6.o
LOAD /usr/lib/gcc/arm-none-eabi/14.1.0/../../../../arm-none-eabi/lib/thumb/v6-m/nofp/libc_nano.a
LOAD /usr/lib/gcc/arm-none-eabi/14.1.0/../../../../arm-none-eabi/lib/thumb/v6-m/nofp/libm.a
LOAD /usr/lib/gcc/arm-none-eabi/14.1.0/../../../../arm-none-eabi/lib/thumb/v6-m/nofp/libnosys.a
START GROUP
LOAD /usr/lib/gcc/arm-none-eabi/14.1.0/thumb/v6-m/nofp/libgcc.a
LOAD /usr/lib/gcc/arm-none-eabi/14.1.0/../../../../arm-none-eabi/lib/thumb/v6-m/nofp/libc_nano.a
END GROUP
START GROUP
LOAD /usr/lib/gcc/arm-none-eabi/14.1.0/thumb/v6-m/nofp/libgcc.a
LOAD /usr/lib/gcc/arm-none-eabi/14.1.0/../../../../arm-none-eabi/lib/thumb/v6-m/nofp/libc_nano.a
END GROUP
LOAD /usr/lib/gcc/arm-none-eabi/14.1.0/thumb/v6-m/nofp/crtend.o
LOAD /usr/lib/gcc/arm-none-eabi/14.1.0/thumb/v6-m/nofp/crtn.o
                0x20001800                        _estack = (ORIGIN (RAM) + LENGTH (RAM))
                0x00000000                        _Min_Heap_Size = 0x0
                0x00000100                        _Min_Stack_Size = 0x100

.isr_vector     0x08000000       0xc0
                0x08000000                        . = ALIGN (0x4)
 *(.isr_vector)
 .isr_vector    0x08000000       0xc0 build/startup_stm32f042x6.o
                0x08000000                g_pfnVectors
                0x080000c0                        . = ALIGN (0x4)

.text           0x080000c0     0x3d7c
                0x080000c0                        . = ALIGN (0x4)
 *(.text)
 .text          0x080000c0       0x8c /usr/lib/gcc/arm-none-eabi/14.1.0/thumb/v6-m/nofp/libgcc.a(_udivsi3.o)
                0x080000c0                __udivsi3
                0x080000c0                __aeabi_uidiv
                0x08000138                __aeabi_uidivmod
 .text          0x0800014c        0x4 /usr/lib/gcc/arm-none-eabi/14.1.0/thumb/v6-m/nofp/libgcc.a(_dvmd_tls.o)
                0x0800014c                __aeabi_ldiv0
                0x0800014c                __aeabi_idiv0
 *(.text*)
 .text.__do_global_dtors_aux
                0x08000150       0x28 /usr/lib/gcc/arm-none-eabi/14.1.0/thumb/v6-m/nofp/crtbegin.o
 .text.frame_dummy
                0x08000178       0x20 /usr/lib/gcc/arm-none-eabi/14.1.0/thumb/v6-m/nofp/crtbegin.o
 .text.MX_GPIO_Init
                0x08000198       0x64 build/main.o
 .text.Error_Handler
                0x080001fc        0x4 build/main.o
                0x080001fc                Error_Handler
 .text.MX_SPI1_Init
                0x08000200       0x50 build/main.o
 .text.SystemClock_Config
                0x08000250       0x74 build/main.o
                0x08000250                SystemClock_Config
 .text.main     0x080002c4       0x18 build/main.o
                0x080002c4                main
 .text.NMI_Handler
                0x080002dc        0x2 build/stm32f0xx_it.o
                0x080002dc                NMI_Handler
 .text.HardFault_Handler
                0x080002de        0x2 build/stm32f0xx_it.o
                0x080002de                HardFault_Handler
 .text.SVC_Handler
                0x080002e0        0x2 build/stm32f0xx_it.o
                0x080002e0                SVC_Handler
 .text.PendSV_Handler
                0x080002e2        0x2 build/stm32f0xx_it.o
                0x080002e2                PendSV_Handler
 .text.SysTick_Handler
                0x080002e4        0x8 build/stm32f0xx_it.o
                0x080002e4                SysTick_Handler
 .text.USB_IRQHandler
                0x080002ec       0x10 build/stm32f0xx_it.o
                0x080002ec                USB_IRQHandler
 .text.HAL_MspInit
                0x080002fc       0x30 build/stm32f0xx_hal_msp.o
                0x080002fc                HAL_MspInit
 .text.HAL_SPI_MspInit
                0x0800032c       0x64 build/stm32f0xx_hal_msp.o
                0x0800032c                HAL_SPI_MspInit
 .text.MX_USB_DEVICE_Init
                0x08000390       0x48 build/usb_device.o
                0x08000390                MX_USB_DEVICE_Init
 .text.USBD_FS_DeviceDescriptor
                0x080003d8        0xc build/usbd_desc.o
                0x080003d8                USBD_FS_DeviceDescriptor
 .text.USBD_FS_LangIDStrDescriptor
                0x080003e4        0xc build/usbd_desc.o
                0x080003e4                USBD_FS_LangIDStrDescriptor
 .text.IntToUnicode
                0x080003f0       0x30 build/usbd_desc.o
 .text.Get_SerialNum
                0x08000420       0x40 build/usbd_desc.o
 .text.USBD_FS_SerialStrDescriptor
                0x08000460       0x14 build/usbd_desc.o
                0x08000460                USBD_FS_SerialStrDescriptor
 .text.USBD_FS_ProductStrDescriptor
                0x08000474       0x28 build/usbd_desc.o
                0x08000474                USBD_FS_ProductStrDescriptor
 .text.USBD_FS_ManufacturerStrDescriptor
                0x0800049c       0x1c build/usbd_desc.o
                0x0800049c                USBD_FS_ManufacturerStrDescriptor
 .text.USBD_FS_ConfigStrDescriptor
                0x080004b8       0x28 build/usbd_desc.o
                0x080004b8                USBD_FS_ConfigStrDescriptor
 .text.USBD_FS_InterfaceStrDescriptor
                0x080004e0       0x28 build/usbd_desc.o
                0x080004e0                USBD_FS_InterfaceStrDescriptor
 .text.USBD_Get_USB_Status
                0x08000508       0x16 build/usbd_conf.o
 .text.SystemClockConfig_Resume
                0x0800051e        0x8 build/usbd_conf.o
 *fill*         0x08000526        0x2 
 .text.HAL_PCD_MspInit
                0x08000528       0x40 build/usbd_conf.o
                0x08000528                HAL_PCD_MspInit
 .text.HAL_PCD_SetupStageCallback
                0x08000568       0x16 build/usbd_conf.o
                0x08000568                HAL_PCD_SetupStageCallback
 .text.HAL_PCD_DataOutStageCallback
                0x0800057e       0x1e build/usbd_conf.o
                0x0800057e                HAL_PCD_DataOutStageCallback
 .text.HAL_PCD_DataInStageCallback
                0x0800059c       0x1a build/usbd_conf.o
                0x0800059c                HAL_PCD_DataInStageCallback
 .text.HAL_PCD_SOFCallback
                0x080005b6        0xe build/usbd_conf.o
                0x080005b6                HAL_PCD_SOFCallback
 .text.HAL_PCD_ResetCallback
                0x080005c4       0x24 build/usbd_conf.o
                0x080005c4                HAL_PCD_ResetCallback
 .text.HAL_PCD_SuspendCallback
                0x080005e8       0x24 build/usbd_conf.o
                0x080005e8                HAL_PCD_SuspendCallback
 .text.HAL_PCD_ResumeCallback
                0x0800060c       0x2c build/usbd_conf.o
                0x0800060c                HAL_PCD_ResumeCallback
 .text.USBD_LL_Init
                0x08000638       0x6c build/usbd_conf.o
                0x08000638                USBD_LL_Init
 .text.USBD_LL_Start
                0x080006a4       0x12 build/usbd_conf.o
                0x080006a4                USBD_LL_Start
 .text.USBD_LL_OpenEP
                0x080006b6       0x18 build/usbd_conf.o
                0x080006b6                USBD_LL_OpenEP
 .text.USBD_LL_CloseEP
                0x080006ce       0x12 build/usbd_conf.o
                0x080006ce                USBD_LL_CloseEP
 .text.USBD_LL_StallEP
                0x080006e0       0x12 build/usbd_conf.o
                0x080006e0                USBD_LL_StallEP
 .text.USBD_LL_ClearStallEP
                0x080006f2       0x12 build/usbd_conf.o
                0x080006f2                USBD_LL_ClearStallEP
 .text.USBD_LL_IsStallEP
                0x08000704       0x30 build/usbd_conf.o
                0x08000704                USBD_LL_IsStallEP
 .text.USBD_LL_SetUSBAddress
                0x08000734       0x12 build/usbd_conf.o
                0x08000734                USBD_LL_SetUSBAddress
 .text.USBD_LL_Transmit
                0x08000746       0x12 build/usbd_conf.o
                0x08000746                USBD_LL_Transmit
 .text.USBD_LL_PrepareReceive
                0x08000758       0x12 build/usbd_conf.o
                0x08000758                USBD_LL_PrepareReceive
 *fill*         0x0800076a        0x2 
 .text.USBD_static_malloc
                0x0800076c        0x8 build/usbd_conf.o
                0x0800076c                USBD_static_malloc
 .text.USBD_static_free
                0x08000774        0x2 build/usbd_conf.o
                0x08000774                USBD_static_free
 *fill*         0x08000776        0x2 
 .text.USB_EnableGlobalInt
                0x08000778       0x14 build/stm32f0xx_ll_usb.o
                0x08000778                USB_EnableGlobalInt
 .text.USB_DisableGlobalInt
                0x0800078c       0x14 build/stm32f0xx_ll_usb.o
                0x0800078c                USB_DisableGlobalInt
 .text.USB_DevInit
                0x080007a0       0x1e build/stm32f0xx_ll_usb.o
                0x080007a0                USB_DevInit
 *fill*         0x080007be        0x2 
 .text.USB_ActivateEndpoint
                0x080007c0      0x324 build/stm32f0xx_ll_usb.o
                0x080007c0                USB_ActivateEndpoint
 .text.USB_DeactivateEndpoint
                0x08000ae4      0x170 build/stm32f0xx_ll_usb.o
                0x08000ae4                USB_DeactivateEndpoint
 .text.USB_EPSetStall
                0x08000c54       0x4c build/stm32f0xx_ll_usb.o
                0x08000c54                USB_EPSetStall
 .text.USB_EPClearStall
                0x08000ca0       0x9c build/stm32f0xx_ll_usb.o
                0x08000ca0                USB_EPClearStall
 .text.USB_SetDevAddress
                0x08000d3c        0xe build/stm32f0xx_ll_usb.o
                0x08000d3c                USB_SetDevAddress
 *fill*         0x08000d4a        0x2 
 .text.USB_DevConnect
                0x08000d4c       0x14 build/stm32f0xx_ll_usb.o
                0x08000d4c                USB_DevConnect
 .text.USB_ReadInterrupts
                0x08000d60        0x8 build/stm32f0xx_ll_usb.o
                0x08000d60                USB_ReadInterrupts
 .text.USB_WritePMA
                0x08000d68       0x28 build/stm32f0xx_ll_usb.o
                0x08000d68                USB_WritePMA
 .text.USB_EPStartXfer
                0x08000d90      0x734 build/stm32f0xx_ll_usb.o
                0x08000d90                USB_EPStartXfer
 .text.USB_ReadPMA
                0x080014c4       0x2c build/stm32f0xx_ll_usb.o
                0x080014c4                USB_ReadPMA
 .text.HAL_PCD_EP_DB_Receive
                0x080014f0      0x110 build/stm32f0xx_hal_pcd.o
 .text.HAL_PCD_Init
                0x08001600       0xc0 build/stm32f0xx_hal_pcd.o
                0x08001600                HAL_PCD_Init
 .text.HAL_PCD_Start
                0x080016c0       0x2e build/stm32f0xx_hal_pcd.o
                0x080016c0                HAL_PCD_Start
 *fill*         0x080016ee        0x2 
 .text.HAL_PCD_EP_DB_Transmit
                0x080016f0      0x3d8 build/stm32f0xx_hal_pcd.o
 .text.PCD_EP_ISR_Handler
                0x08001ac8      0x560 build/stm32f0xx_hal_pcd.o
 .text.HAL_PCD_SetAddress
                0x08002028       0x2a build/stm32f0xx_hal_pcd.o
                0x08002028                HAL_PCD_SetAddress
 *fill*         0x08002052        0x2 
 .text.HAL_PCD_IRQHandler
                0x08002054      0x180 build/stm32f0xx_hal_pcd.o
                0x08002054                HAL_PCD_IRQHandler
 .text.HAL_PCD_EP_Open
                0x080021d4       0x7c build/stm32f0xx_hal_pcd.o
                0x080021d4                HAL_PCD_EP_Open
 .text.HAL_PCD_EP_Close
                0x08002250       0x6e build/stm32f0xx_hal_pcd.o
                0x08002250                HAL_PCD_EP_Close
 .text.HAL_PCD_EP_Receive
                0x080022be       0x4a build/stm32f0xx_hal_pcd.o
                0x080022be                HAL_PCD_EP_Receive
 .text.HAL_PCD_EP_Transmit
                0x08002308       0x66 build/stm32f0xx_hal_pcd.o
                0x08002308                HAL_PCD_EP_Transmit
 .text.HAL_PCD_EP_SetStall
                0x0800236e       0x74 build/stm32f0xx_hal_pcd.o
                0x0800236e                HAL_PCD_EP_SetStall
 .text.HAL_PCD_EP_ClrStall
                0x080023e2       0x80 build/stm32f0xx_hal_pcd.o
                0x080023e2                HAL_PCD_EP_ClrStall
 .text.HAL_PCDEx_PMAConfig
                0x08002462       0x3a build/stm32f0xx_hal_pcd_ex.o
                0x08002462                HAL_PCDEx_PMAConfig
 .text.HAL_PCDEx_ActivateLPM
                0x0800249c       0x2a build/stm32f0xx_hal_pcd_ex.o
                0x0800249c                HAL_PCDEx_ActivateLPM
 .text.HAL_PCDEx_LPM_Callback
                0x080024c6        0x2 build/stm32f0xx_hal_pcd_ex.o
                0x080024c6                HAL_PCDEx_LPM_Callback
 .text.HAL_RCC_OscConfig
                0x080024c8      0x544 build/stm32f0xx_hal_rcc.o
                0x080024c8                HAL_RCC_OscConfig
 .text.HAL_RCC_GetSysClockFreq
                0x08002a0c       0x78 build/stm32f0xx_hal_rcc.o
                0x08002a0c                HAL_RCC_GetSysClockFreq
 .text.HAL_RCC_ClockConfig
                0x08002a84      0x144 build/stm32f0xx_hal_rcc.o
                0x08002a84                HAL_RCC_ClockConfig
 .text.HAL_RCCEx_PeriphCLKConfig
                0x08002bc8      0x148 build/stm32f0xx_hal_rcc_ex.o
                0x08002bc8                HAL_RCCEx_PeriphCLKConfig
 .text.HAL_InitTick
                0x08002d10       0x50 build/stm32f0xx_hal.o
                0x08002d10                HAL_InitTick
 .text.HAL_Init
                0x08002d60       0x20 build/stm32f0xx_hal.o
                0x08002d60                HAL_Init
 .text.HAL_IncTick
                0x08002d80       0x18 build/stm32f0xx_hal.o
                0x08002d80                HAL_IncTick
 .text.HAL_GetTick
                0x08002d98        0xc build/stm32f0xx_hal.o
                0x08002d98                HAL_GetTick
 .text.HAL_GPIO_Init
                0x08002da4      0x17c build/stm32f0xx_hal_gpio.o
                0x08002da4                HAL_GPIO_Init
 .text.HAL_GPIO_WritePin
                0x08002f20        0xc build/stm32f0xx_hal_gpio.o
                0x08002f20                HAL_GPIO_WritePin
 .text.__NVIC_SetPriority
                0x08002f2c       0x60 build/stm32f0xx_hal_cortex.o
 .text.SysTick_Config
                0x08002f8c       0x38 build/stm32f0xx_hal_cortex.o
 .text.HAL_NVIC_SetPriority
                0x08002fc4        0x8 build/stm32f0xx_hal_cortex.o
                0x08002fc4                HAL_NVIC_SetPriority
 .text.HAL_NVIC_EnableIRQ
                0x08002fcc       0x18 build/stm32f0xx_hal_cortex.o
                0x08002fcc                HAL_NVIC_EnableIRQ
 .text.HAL_SYSTICK_Config
                0x08002fe4        0x8 build/stm32f0xx_hal_cortex.o
                0x08002fe4                HAL_SYSTICK_Config
 .text.HAL_SPI_Init
                0x08002fec      0x104 build/stm32f0xx_hal_spi.o
                0x08002fec                HAL_SPI_Init
 .text.SystemInit
                0x080030f0        0x2 build/system_stm32f0xx.o
                0x080030f0                SystemInit
 .text.USBD_Init
                0x080030f2       0x38 build/usbd_core.o
                0x080030f2                USBD_Init
 .text.USBD_RegisterClass
                0x0800312a       0x12 build/usbd_core.o
                0x0800312a                USBD_RegisterClass
 .text.USBD_Start
                0x0800313c        0xa build/usbd_core.o
                0x0800313c                USBD_Start
 .text.USBD_SetClassConfig
                0x08003146       0x1e build/usbd_core.o
                0x08003146                USBD_SetClassConfig
 .text.USBD_ClrClassConfig
                0x08003164       0x10 build/usbd_core.o
                0x08003164                USBD_ClrClassConfig
 .text.USBD_LL_SetupStage
                0x08003174       0x64 build/usbd_core.o
                0x08003174                USBD_LL_SetupStage
 .text.USBD_LL_DataOutStage
                0x080031d8       0xa4 build/usbd_core.o
                0x080031d8                USBD_LL_DataOutStage
 .text.USBD_LL_DataInStage
                0x0800327c       0xea build/usbd_core.o
                0x0800327c                USBD_LL_DataInStage
 .text.USBD_LL_Reset
                0x08003366       0x5e build/usbd_core.o
                0x08003366                USBD_LL_Reset
 .text.USBD_LL_SetSpeed
                0x080033c4        0x6 build/usbd_core.o
                0x080033c4                USBD_LL_SetSpeed
 *fill*         0x080033ca        0x2 
 .text.USBD_LL_Suspend
                0x080033cc       0x18 build/usbd_core.o
                0x080033cc                USBD_LL_Suspend
 .text.USBD_LL_Resume
                0x080033e4       0x1c build/usbd_core.o
                0x080033e4                USBD_LL_Resume
 .text.USBD_LL_SOF
                0x08003400       0x20 build/usbd_core.o
                0x08003400                USBD_LL_SOF
 .text.USBD_GetLen
                0x08003420       0x14 build/usbd_ctlreq.o
 .text.USBD_SetFeature
                0x08003434       0x18 build/usbd_ctlreq.o
 .text.USBD_ParseSetupRequest
                0x0800344c       0x28 build/usbd_ctlreq.o
                0x0800344c                USBD_ParseSetupRequest
 .text.USBD_CtlError
                0x08003474       0x14 build/usbd_ctlreq.o
                0x08003474                USBD_CtlError
 .text.USBD_GetDescriptor
                0x08003488      0x1b8 build/usbd_ctlreq.o
 .text.USBD_SetAddress
                0x08003640       0x60 build/usbd_ctlreq.o
 .text.USBD_SetConfig
                0x080036a0       0xb8 build/usbd_ctlreq.o
 .text.USBD_GetConfig
                0x08003758       0x40 build/usbd_ctlreq.o
 .text.USBD_GetStatus
                0x08003798       0x3e build/usbd_ctlreq.o
 .text.USBD_ClrFeature
                0x080037d6       0x2a build/usbd_ctlreq.o
 .text.USBD_StdDevReq
                0x08003800       0x6c build/usbd_ctlreq.o
                0x08003800                USBD_StdDevReq
 .text.USBD_StdItfReq
                0x0800386c       0x66 build/usbd_ctlreq.o
                0x0800386c                USBD_StdItfReq
 .text.USBD_StdEPReq
                0x080038d2      0x210 build/usbd_ctlreq.o
                0x080038d2                USBD_StdEPReq
 .text.USBD_GetString
                0x08003ae2       0x3c build/usbd_ctlreq.o
                0x08003ae2                USBD_GetString
 .text.USBD_CtlSendData
                0x08003b1e       0x1c build/usbd_ioreq.o
                0x08003b1e                USBD_CtlSendData
 .text.USBD_CtlContinueSendData
                0x08003b3a       0x10 build/usbd_ioreq.o
                0x08003b3a                USBD_CtlContinueSendData
 .text.USBD_CtlContinueRx
                0x08003b4a       0x10 build/usbd_ioreq.o
                0x08003b4a                USBD_CtlContinueRx
 .text.USBD_CtlSendStatus
                0x08003b5a       0x18 build/usbd_ioreq.o
                0x08003b5a                USBD_CtlSendStatus
 .text.USBD_CtlReceiveStatus
                0x08003b72       0x18 build/usbd_ioreq.o
                0x08003b72                USBD_CtlReceiveStatus
 *fill*         0x08003b8a        0x2 
 .text.USBD_HID_GetFSCfgDesc
                0x08003b8c        0xc build/usbd_hid.o
 .text.USBD_HID_GetHSCfgDesc
                0x08003b98        0xc build/usbd_hid.o
 .text.USBD_HID_GetOtherSpeedCfgDesc
                0x08003ba4        0xc build/usbd_hid.o
 .text.USBD_HID_DataIn
                0x08003bb0        0xe build/usbd_hid.o
 *fill*         0x08003bbe        0x2 
 .text.USBD_HID_GetDeviceQualifierDesc
                0x08003bc0        0xc build/usbd_hid.o
 .text.USBD_HID_Setup
                0x08003bcc      0x124 build/usbd_hid.o
 .text.USBD_HID_DeInit
                0x08003cf0       0x28 build/usbd_hid.o
 .text.USBD_HID_Init
                0x08003d18       0x2e build/usbd_hid.o
 *fill*         0x08003d46        0x2 
 .text.Reset_Handler
                0x08003d48       0x80 build/startup_stm32f042x6.o
                0x08003d48                Reset_Handler
 .text.Default_Handler
                0x08003dc8        0x2 build/startup_stm32f042x6.o
                0x08003dc8                TIM1_CC_IRQHandler
                0x08003dc8                TSC_IRQHandler
                0x08003dc8                I2C1_IRQHandler
                0x08003dc8                RCC_CRS_IRQHandler
                0x08003dc8                SPI1_IRQHandler
                0x08003dc8                EXTI2_3_IRQHandler
                0x08003dc8                ADC1_IRQHandler
                0x08003dc8                TIM17_IRQHandler
                0x08003dc8                CEC_CAN_IRQHandler
                0x08003dc8                RTC_IRQHandler
                0x08003dc8                PVD_VDDIO2_IRQHandler
                0x08003dc8                TIM16_IRQHandler
                0x08003dc8                TIM3_IRQHandler
                0x08003dc8                EXTI4_15_IRQHandler
                0x08003dc8                DMA1_Channel1_IRQHandler
                0x08003dc8                Default_Handler
                0x08003dc8                TIM14_IRQHandler
                0x08003dc8                DMA1_Channel4_5_IRQHandler
                0x08003dc8                EXTI0_1_IRQHandler
                0x08003dc8                SPI2_IRQHandler
                0x08003dc8                WWDG_IRQHandler
                0x08003dc8                TIM2_IRQHandler
                0x08003dc8                DMA1_Channel2_3_IRQHandler
                0x08003dc8                USART2_IRQHandler
                0x08003dc8                FLASH_IRQHandler
                0x08003dc8                USART1_IRQHandler
                0x08003dc8                TIM1_BRK_UP_TRG_COM_IRQHandler
 .text.memset   0x08003dca       0x10 /usr/lib/gcc/arm-none-eabi/14.1.0/../../../../arm-none-eabi/lib/thumb/v6-m/nofp/libc_nano.a(libc_a-memset.o)
                0x08003dca                memset
 *fill*         0x08003dda        0x2 
 .text.__libc_init_array
                0x08003ddc       0x48 /usr/lib/gcc/arm-none-eabi/14.1.0/../../../../arm-none-eabi/lib/thumb/v6-m/nofp/libc_nano.a(libc_a-init.o)
                0x08003ddc                __libc_init_array
 *(.glue_7)
 .glue_7        0x08003e24        0x0 linker stubs
 *(.glue_7t)
 .glue_7t       0x08003e24        0x0 linker stubs
 *(.eh_frame)
 .eh_frame      0x08003e24        0x0 /usr/lib/gcc/arm-none-eabi/14.1.0/thumb/v6-m/nofp/crtbegin.o
 *(.init)
 .init          0x08003e24        0x4 /usr/lib/gcc/arm-none-eabi/14.1.0/thumb/v6-m/nofp/crti.o
                0x08003e24                _init
 .init          0x08003e28        0x8 /usr/lib/gcc/arm-none-eabi/14.1.0/thumb/v6-m/nofp/crtn.o
 *(.fini)
 .fini          0x08003e30        0x4 /usr/lib/gcc/arm-none-eabi/14.1.0/thumb/v6-m/nofp/crti.o
                0x08003e30                _fini
 .fini          0x08003e34        0x8 /usr/lib/gcc/arm-none-eabi/14.1.0/thumb/v6-m/nofp/crtn.o
                0x08003e3c                        . = ALIGN (0x4)
                0x08003e3c                        _etext = .

.vfp11_veneer   0x08003e3c        0x0
 .vfp11_veneer  0x08003e3c        0x0 linker stubs

.v4_bx          0x08003e3c        0x0
 .v4_bx         0x08003e3c        0x0 linker stubs

.iplt           0x08003e3c        0x0
 .iplt          0x08003e3c        0x0 /usr/lib/gcc/arm-none-eabi/14.1.0/thumb/v6-m/nofp/crtbegin.o

.rodata         0x08003e3c       0xd8
                0x08003e3c                        . = ALIGN (0x4)
 *(.rodata)
 *(.rodata*)
 .rodata.USBD_FS_ProductStrDescriptor.str1.4
                0x08003e3c       0x46 build/usbd_desc.o
                                 0x16 (size before relaxing)
 .rodata.USBD_FS_ManufacturerStrDescriptor.str1.4
                0x08003e82       0x13 build/usbd_desc.o
 .rodata.USBD_FS_ConfigStrDescriptor.str1.4
                0x08003e82        0xb build/usbd_desc.o
 .rodata.USBD_FS_InterfaceStrDescriptor.str1.4
                0x08003e82        0xe build/usbd_desc.o
 *fill*         0x08003e82        0x2 
 .rodata.aPredivFactorTable.0
                0x08003e84       0x10 build/stm32f0xx_hal_rcc.o
 .rodata.aPLLMULFactorTable.1
                0x08003e94       0x10 build/stm32f0xx_hal_rcc.o
 .rodata.AHBPrescTable
                0x08003ea4       0x10 build/system_stm32f0xx.o
                0x08003ea4                AHBPrescTable
 .rodata.USBD_GetDescriptor
                0x08003eb4       0x38 build/usbd_ctlreq.o
 .rodata.USBD_StdDevReq
                0x08003eec       0x28 build/usbd_ctlreq.o
                0x08003f14                        . = ALIGN (0x4)

.rel.dyn        0x08003f14        0x0
 .rel.iplt      0x08003f14        0x0 /usr/lib/gcc/arm-none-eabi/14.1.0/thumb/v6-m/nofp/crtbegin.o

.ARM.extab
 *(.ARM.extab* .gnu.linkonce.armextab.*)

.ARM            0x08003f14        0x0
                0x08003f14                        __exidx_start = .
 *(.ARM.exidx*)
                0x08003f14                        __exidx_end = .

.preinit_array  0x08003f14        0x0
                0x08003f14                        PROVIDE (__preinit_array_start = .)
 *(.preinit_array*)
                0x08003f14                        PROVIDE (__preinit_array_end = .)

.init_array     0x08003f14        0x4
                0x08003f14                        PROVIDE (__init_array_start = .)
 *(SORT_BY_NAME(.init_array.*))
 *(.init_array*)
 .init_array    0x08003f14        0x4 /usr/lib/gcc/arm-none-eabi/14.1.0/thumb/v6-m/nofp/crtbegin.o
                0x08003f18                        PROVIDE (__init_array_end = .)

.fini_array     0x08003f18        0x4
                0x08003f18                        PROVIDE (__fini_array_start = .)
 *(SORT_BY_NAME(.fini_array.*))
 *(.fini_array*)
 .fini_array    0x08003f18        0x4 /usr/lib/gcc/arm-none-eabi/14.1.0/thumb/v6-m/nofp/crtbegin.o
                0x08003f1c                        PROVIDE (__fini_array_end = .)
                0x08003f1c                        _sidata = LOADADDR (.data)

.data           0x20000000      0x164 load address 0x08003f1c
                0x20000000                        . = ALIGN (0x4)
                0x20000000                        _sdata = .
 *(.data)
 *(.data*)
 .data.USBD_StringSerial
                0x20000000       0x1a build/usbd_desc.o
                0x20000000                USBD_StringSerial
 *fill*         0x2000001a        0x2 
 .data.USBD_LangIDDesc
                0x2000001c        0x4 build/usbd_desc.o
                0x2000001c                USBD_LangIDDesc
 .data.USBD_FS_DeviceDesc
                0x20000020       0x12 build/usbd_desc.o
                0x20000020                USBD_FS_DeviceDesc
 *fill*         0x20000032        0x2 
 .data.FS_Desc  0x20000034       0x1c build/usbd_desc.o
                0x20000034                FS_Desc
 .data.uwTickFreq
                0x20000050        0x1 build/stm32f0xx_hal.o
                0x20000050                uwTickFreq
 *fill*         0x20000051        0x3 
 .data.uwTickPrio
                0x20000054        0x4 build/stm32f0xx_hal.o
                0x20000054                uwTickPrio
 .data.SystemCoreClock
                0x20000058        0x4 build/system_stm32f0xx.o
                0x20000058                SystemCoreClock
 .data.HID_MOUSE_ReportDesc
                0x2000005c       0x4a build/usbd_hid.o
 *fill*         0x200000a6        0x2 
 .data.USBD_HID_DeviceQualifierDesc
                0x200000a8        0xa build/usbd_hid.o
 *fill*         0x200000b2        0x2 
 .data.USBD_HID_Desc
                0x200000b4        0x9 build/usbd_hid.o
 *fill*         0x200000bd        0x3 
 .data.USBD_HID_OtherSpeedCfgDesc
                0x200000c0       0x22 build/usbd_hid.o
 *fill*         0x200000e2        0x2 
 .data.USBD_HID_CfgHSDesc
                0x200000e4       0x22 build/usbd_hid.o
 *fill*         0x20000106        0x2 
 .data.USBD_HID_CfgFSDesc
                0x20000108       0x22 build/usbd_hid.o
 *fill*         0x2000012a        0x2 
 .data.USBD_HID
                0x2000012c       0x38 build/usbd_hid.o
                0x2000012c                USBD_HID
                0x20000164                        . = ALIGN (0x4)
                0x20000164                        _edata = .

.igot.plt       0x20000164        0x0 load address 0x08004080
 .igot.plt      0x20000164        0x0 /usr/lib/gcc/arm-none-eabi/14.1.0/thumb/v6-m/nofp/crtbegin.o
                0x20000164                        . = ALIGN (0x4)

.bss            0x20000164      0x83c load address 0x08004080
                0x20000164                        _sbss = .
                0x20000164                        __bss_start__ = _sbss
 *(.bss)
 *(.bss*)
 .bss.completed.1
                0x20000164        0x1 /usr/lib/gcc/arm-none-eabi/14.1.0/thumb/v6-m/nofp/crtbegin.o
 *fill*         0x20000165        0x3 
 .bss.object.0  0x20000168       0x18 /usr/lib/gcc/arm-none-eabi/14.1.0/thumb/v6-m/nofp/crtbegin.o
 .bss.hspi1     0x20000180       0x64 build/main.o
                0x20000180                hspi1
 .bss.hUsbDeviceFS
                0x200001e4      0x2c4 build/usb_device.o
                0x200001e4                hUsbDeviceFS
 .bss.USBD_StrDesc
                0x200004a8      0x200 build/usbd_desc.o
                0x200004a8                USBD_StrDesc
 .bss.mem.0     0x200006a8       0x14 build/usbd_conf.o
 .bss.hpcd_USB_FS
                0x200006bc      0x2dc build/usbd_conf.o
                0x200006bc                hpcd_USB_FS
 .bss.uwTick    0x20000998        0x4 build/stm32f0xx_hal.o
                0x20000998                uwTick
 .bss.cfgidx.0  0x2000099c        0x1 build/usbd_ctlreq.o
 *(COMMON)
                0x200009a0                        . = ALIGN (0x4)
 *fill*         0x2000099d        0x3 
                0x200009a0                        _ebss = .
                0x200009a0                        __bss_end__ = _ebss

._user_heap_stack
                0x200009a0      0x100 load address 0x08004080
                0x200009a0                        . = ALIGN (0x8)
                0x200009a0                        PROVIDE (end = .)
                [!provide]                        PROVIDE (_end = .)
                0x200009a0                        . = (. + _Min_Heap_Size)
                0x20000aa0                        . = (. + _Min_Stack_Size)
 *fill*         0x200009a0      0x100 
                0x20000aa0                        . = ALIGN (0x8)

/DISCARD/
 libc.a(*)
 libm.a(*)
 libgcc.a(*)

.ARM.attributes
                0x00000000       0x28
 *(.ARM.attributes)
 .ARM.attributes
                0x00000000       0x1e /usr/lib/gcc/arm-none-eabi/14.1.0/thumb/v6-m/nofp/crti.o
 .ARM.attributes
                0x0000001e       0x2c /usr/lib/gcc/arm-none-eabi/14.1.0/thumb/v6-m/nofp/crtbegin.o
 .ARM.attributes
                0x0000004a       0x2c build/main.o
 .ARM.attributes
                0x00000076       0x2c build/stm32f0xx_it.o
 .ARM.attributes
                0x000000a2       0x2c build/stm32f0xx_hal_msp.o
 .ARM.attributes
                0x000000ce       0x2c build/usb_device.o
 .ARM.attributes
                0x000000fa       0x2c build/usbd_desc.o
 .ARM.attributes
                0x00000126       0x2c build/usbd_conf.o
 .ARM.attributes
                0x00000152       0x2c build/stm32f0xx_ll_usb.o
 .ARM.attributes
                0x0000017e       0x2c build/stm32f0xx_hal_pcd.o
 .ARM.attributes
                0x000001aa       0x2c build/stm32f0xx_hal_pcd_ex.o
 .ARM.attributes
                0x000001d6       0x2c build/stm32f0xx_hal_rcc.o
 .ARM.attributes
                0x00000202       0x2c build/stm32f0xx_hal_rcc_ex.o
 .ARM.attributes
                0x0000022e       0x2c build/stm32f0xx_hal.o
 .ARM.attributes
                0x0000025a       0x2c build/stm32f0xx_hal_gpio.o
 .ARM.attributes
                0x00000286       0x2c build/stm32f0xx_hal_cortex.o
 .ARM.attributes
                0x000002b2       0x2c build/stm32f0xx_hal_spi.o
 .ARM.attributes
                0x000002de       0x2c build/system_stm32f0xx.o
 .ARM.attributes
                0x0000030a       0x2c build/usbd_core.o
 .ARM.attributes
                0x00000336       0x2c build/usbd_ctlreq.o
 .ARM.attributes
                0x00000362       0x2c build/usbd_ioreq.o
 .ARM.attributes
                0x0000038e       0x2c build/usbd_hid.o
 .ARM.attributes
                0x000003ba       0x21 build/startup_stm32f042x6.o
 .ARM.attributes
                0x000003db       0x2c /usr/lib/gcc/arm-none-eabi/14.1.0/../../../../arm-none-eabi/lib/thumb/v6-m/nofp/libc_nano.a(libc_a-memset.o)
 .ARM.attributes
                0x00000407       0x2c /usr/lib/gcc/arm-none-eabi/14.1.0/../../../../arm-none-eabi/lib/thumb/v6-m/nofp/libc_nano.a(libc_a-init.o)
 .ARM.attributes
                0x00000433       0x1e /usr/lib/gcc/arm-none-eabi/14.1.0/thumb/v6-m/nofp/libgcc.a(_udivsi3.o)
 .ARM.attributes
                0x00000451       0x1e /usr/lib/gcc/arm-none-eabi/14.1.0/thumb/v6-m/nofp/libgcc.a(_dvmd_tls.o)
 .ARM.attributes
                0x0000046f       0x1e /usr/lib/gcc/arm-none-eabi/14.1.0/thumb/v6-m/nofp/crtn.o
OUTPUT(build/fw.elf elf32-littlearm)
LOAD linker stubs
LOAD /usr/lib/gcc/arm-none-eabi/14.1.0/../../../../arm-none-eabi/lib/thumb/v6-m/nofp/libc.a
LOAD /usr/lib/gcc/arm-none-eabi/14.1.0/../../../../arm-none-eabi/lib/thumb/v6-m/nofp/libm.a
LOAD /usr/lib/gcc/arm-none-eabi/14.1.0/thumb/v6-m/nofp/libgcc.a

.debug_info     0x00000000    0x11ac6
 .debug_info    0x00000000      0xe05 build/main.o
 .debug_info    0x00000e05      0x715 build/stm32f0xx_it.o
 .debug_info    0x0000151a      0x9ef build/stm32f0xx_hal_msp.o
 .debug_info    0x00001f09      0x685 build/usb_device.o
 .debug_info    0x0000258e      0x654 build/usbd_desc.o
 .debug_info    0x00002be2     0x1f03 build/usbd_conf.o
 .debug_info    0x00004ae5     0x1be7 build/stm32f0xx_ll_usb.o
 .debug_info    0x000066cc     0x1e31 build/stm32f0xx_hal_pcd.o
 .debug_info    0x000084fd      0xa9e build/stm32f0xx_hal_pcd_ex.o
 .debug_info    0x00008f9b      0xba8 build/stm32f0xx_hal_rcc.o
 .debug_info    0x00009b43      0x7b5 build/stm32f0xx_hal_rcc_ex.o
 .debug_info    0x0000a2f8      0x827 build/stm32f0xx_hal.o
 .debug_info    0x0000ab1f      0x6da build/stm32f0xx_hal_gpio.o
 .debug_info    0x0000b1f9      0x8e1 build/stm32f0xx_hal_cortex.o
 .debug_info    0x0000bada     0x236a build/stm32f0xx_hal_spi.o
 .debug_info    0x0000de44      0x2ce build/system_stm32f0xx.o
 .debug_info    0x0000e112      0xfa2 build/usbd_core.o
 .debug_info    0x0000f0b4     0x123b build/usbd_ctlreq.o
 .debug_info    0x000102ef      0x946 build/usbd_ioreq.o
 .debug_info    0x00010c35      0xbfd build/usbd_hid.o
 .debug_info    0x00011832       0x30 build/startup_stm32f042x6.o
 .debug_info    0x00011862       0xe0 /usr/lib/gcc/arm-none-eabi/14.1.0/../../../../arm-none-eabi/lib/thumb/v6-m/nofp/libc_nano.a(libc_a-memset.o)
 .debug_info    0x00011942      0x10b /usr/lib/gcc/arm-none-eabi/14.1.0/../../../../arm-none-eabi/lib/thumb/v6-m/nofp/libc_nano.a(libc_a-init.o)
 .debug_info    0x00011a4d       0x3d /usr/lib/gcc/arm-none-eabi/14.1.0/thumb/v6-m/nofp/libgcc.a(_udivsi3.o)
 .debug_info    0x00011a8a       0x3c /usr/lib/gcc/arm-none-eabi/14.1.0/thumb/v6-m/nofp/libgcc.a(_dvmd_tls.o)

.debug_abbrev   0x00000000     0x3105
 .debug_abbrev  0x00000000      0x26d build/main.o
 .debug_abbrev  0x0000026d      0x183 build/stm32f0xx_it.o
 .debug_abbrev  0x000003f0      0x1b2 build/stm32f0xx_hal_msp.o
 .debug_abbrev  0x000005a2      0x18c build/usb_device.o
 .debug_abbrev  0x0000072e      0x23c build/usbd_desc.o
 .debug_abbrev  0x0000096a      0x35c build/usbd_conf.o
 .debug_abbrev  0x00000cc6      0x2f4 build/stm32f0xx_ll_usb.o
 .debug_abbrev  0x00000fba      0x307 build/stm32f0xx_hal_pcd.o
 .debug_abbrev  0x000012c1      0x278 build/stm32f0xx_hal_pcd_ex.o
 .debug_abbrev  0x00001539      0x2b4 build/stm32f0xx_hal_rcc.o
 .debug_abbrev  0x000017ed      0x221 build/stm32f0xx_hal_rcc_ex.o
 .debug_abbrev  0x00001a0e      0x268 build/stm32f0xx_hal.o
 .debug_abbrev  0x00001c76      0x222 build/stm32f0xx_hal_gpio.o
 .debug_abbrev  0x00001e98      0x2f4 build/stm32f0xx_hal_cortex.o
 .debug_abbrev  0x0000218c      0x2ab build/stm32f0xx_hal_spi.o
 .debug_abbrev  0x00002437      0x134 build/system_stm32f0xx.o
 .debug_abbrev  0x0000256b      0x2ab build/usbd_core.o
 .debug_abbrev  0x00002816      0x2ec build/usbd_ctlreq.o
 .debug_abbrev  0x00002b02      0x18e build/usbd_ioreq.o
 .debug_abbrev  0x00002c90      0x2a3 build/usbd_hid.o
 .debug_abbrev  0x00002f33       0x1d build/startup_stm32f042x6.o
 .debug_abbrev  0x00002f50       0x9e /usr/lib/gcc/arm-none-eabi/14.1.0/../../../../arm-none-eabi/lib/thumb/v6-m/nofp/libc_nano.a(libc_a-memset.o)
 .debug_abbrev  0x00002fee       0xc9 /usr/lib/gcc/arm-none-eabi/14.1.0/../../../../arm-none-eabi/lib/thumb/v6-m/nofp/libc_nano.a(libc_a-init.o)
 .debug_abbrev  0x000030b7       0x28 /usr/lib/gcc/arm-none-eabi/14.1.0/thumb/v6-m/nofp/libgcc.a(_udivsi3.o)
 .debug_abbrev  0x000030df       0x26 /usr/lib/gcc/arm-none-eabi/14.1.0/thumb/v6-m/nofp/libgcc.a(_dvmd_tls.o)

.debug_loc      0x00000000     0xcb2f
 .debug_loc     0x00000000       0x99 build/main.o
 .debug_loc     0x00000099       0x40 build/stm32f0xx_it.o
 .debug_loc     0x000000d9       0xff build/stm32f0xx_hal_msp.o
 .debug_loc     0x000001d8       0x20 build/usb_device.o
 .debug_loc     0x000001f8      0x4c9 build/usbd_desc.o
 .debug_loc     0x000006c1     0x111d build/usbd_conf.o
 .debug_loc     0x000017de     0x1d98 build/stm32f0xx_ll_usb.o
 .debug_loc     0x00003576     0x1bb0 build/stm32f0xx_hal_pcd.o
 .debug_loc     0x00005126      0x330 build/stm32f0xx_hal_pcd_ex.o
 .debug_loc     0x00005456      0x816 build/stm32f0xx_hal_rcc.o
 .debug_loc     0x00005c6c      0x8a4 build/stm32f0xx_hal_rcc_ex.o
 .debug_loc     0x00006510      0x1f9 build/stm32f0xx_hal.o
 .debug_loc     0x00006709      0x47a build/stm32f0xx_hal_gpio.o
 .debug_loc     0x00006b83      0x3d4 build/stm32f0xx_hal_cortex.o
 .debug_loc     0x00006f57     0x2b14 build/stm32f0xx_hal_spi.o
 .debug_loc     0x00009a6b      0x1ae build/system_stm32f0xx.o
 .debug_loc     0x00009c19      0xb64 build/usbd_core.o
 .debug_loc     0x0000a77d     0x16c6 build/usbd_ctlreq.o
 .debug_loc     0x0000be43      0x3f8 build/usbd_ioreq.o
 .debug_loc     0x0000c23b      0x8f4 build/usbd_hid.o

.debug_aranges  0x00000000      0xc00
 .debug_aranges
                0x00000000       0x40 build/main.o
 .debug_aranges
                0x00000040       0x48 build/stm32f0xx_it.o
 .debug_aranges
                0x00000088       0x30 build/stm32f0xx_hal_msp.o
 .debug_aranges
                0x000000b8       0x20 build/usb_device.o
 .debug_aranges
                0x000000d8       0x60 build/usbd_desc.o
 .debug_aranges
                0x00000138      0x118 build/usbd_conf.o
 .debug_aranges
                0x00000250       0xc8 build/stm32f0xx_ll_usb.o
 .debug_aranges
                0x00000318      0x138 build/stm32f0xx_hal_pcd.o
 .debug_aranges
                0x00000450       0x58 build/stm32f0xx_hal_pcd_ex.o
 .debug_aranges
                0x000004a8       0x80 build/stm32f0xx_hal_rcc.o
 .debug_aranges
                0x00000528       0x78 build/stm32f0xx_hal_rcc_ex.o
 .debug_aranges
                0x000005a0       0xd0 build/stm32f0xx_hal.o
 .debug_aranges
                0x00000670       0x58 build/stm32f0xx_hal_gpio.o
 .debug_aranges
                0x000006c8       0x98 build/stm32f0xx_hal_cortex.o
 .debug_aranges
                0x00000760      0x1d8 build/stm32f0xx_hal_spi.o
 .debug_aranges
                0x00000938       0x28 build/system_stm32f0xx.o
 .debug_aranges
                0x00000960       0xb8 build/usbd_core.o
 .debug_aranges
                0x00000a18       0x88 build/usbd_ctlreq.o
 .debug_aranges
                0x00000aa0       0x50 build/usbd_ioreq.o
 .debug_aranges
                0x00000af0       0x68 build/usbd_hid.o
 .debug_aranges
                0x00000b58       0x28 build/startup_stm32f042x6.o
 .debug_aranges
                0x00000b80       0x20 /usr/lib/gcc/arm-none-eabi/14.1.0/../../../../arm-none-eabi/lib/thumb/v6-m/nofp/libc_nano.a(libc_a-memset.o)
 .debug_aranges
                0x00000ba0       0x20 /usr/lib/gcc/arm-none-eabi/14.1.0/../../../../arm-none-eabi/lib/thumb/v6-m/nofp/libc_nano.a(libc_a-init.o)
 .debug_aranges
                0x00000bc0       0x20 /usr/lib/gcc/arm-none-eabi/14.1.0/thumb/v6-m/nofp/libgcc.a(_udivsi3.o)
 .debug_aranges
                0x00000be0       0x20 /usr/lib/gcc/arm-none-eabi/14.1.0/thumb/v6-m/nofp/libgcc.a(_dvmd_tls.o)

.debug_ranges   0x00000000      0xdc8
 .debug_ranges  0x00000000       0x30 build/main.o
 .debug_ranges  0x00000030       0x38 build/stm32f0xx_it.o
 .debug_ranges  0x00000068       0x20 build/stm32f0xx_hal_msp.o
 .debug_ranges  0x00000088       0x10 build/usb_device.o
 .debug_ranges  0x00000098       0x50 build/usbd_desc.o
 .debug_ranges  0x000000e8      0x108 build/usbd_conf.o
 .debug_ranges  0x000001f0      0x2f0 build/stm32f0xx_ll_usb.o
 .debug_ranges  0x000004e0      0x238 build/stm32f0xx_hal_pcd.o
 .debug_ranges  0x00000718       0x48 build/stm32f0xx_hal_pcd_ex.o
 .debug_ranges  0x00000760       0x88 build/stm32f0xx_hal_rcc.o
 .debug_ranges  0x000007e8       0x80 build/stm32f0xx_hal_rcc_ex.o
 .debug_ranges  0x00000868       0xc0 build/stm32f0xx_hal.o
 .debug_ranges  0x00000928       0x48 build/stm32f0xx_hal_gpio.o
 .debug_ranges  0x00000970       0xa0 build/stm32f0xx_hal_cortex.o
 .debug_ranges  0x00000a10      0x1c8 build/stm32f0xx_hal_spi.o
 .debug_ranges  0x00000bd8       0x18 build/system_stm32f0xx.o
 .debug_ranges  0x00000bf0       0xa8 build/usbd_core.o
 .debug_ranges  0x00000c98       0x78 build/usbd_ctlreq.o
 .debug_ranges  0x00000d10       0x40 build/usbd_ioreq.o
 .debug_ranges  0x00000d50       0x58 build/usbd_hid.o
 .debug_ranges  0x00000da8       0x20 build/startup_stm32f042x6.o

.debug_line     0x00000000     0xb098
 .debug_line    0x00000000      0x3b7 build/main.o
 .debug_line    0x000003b7      0x1d8 build/stm32f0xx_it.o
 .debug_line    0x0000058f      0x218 build/stm32f0xx_hal_msp.o
 .debug_line    0x000007a7      0x19f build/usb_device.o
 .debug_line    0x00000946      0x306 build/usbd_desc.o
 .debug_line    0x00000c4c      0x7e8 build/usbd_conf.o
 .debug_line    0x00001434     0x16a5 build/stm32f0xx_ll_usb.o
 .debug_line    0x00002ad9     0x176d build/stm32f0xx_hal_pcd.o
 .debug_line    0x00004246      0x3ea build/stm32f0xx_hal_pcd_ex.o
 .debug_line    0x00004630      0xcd4 build/stm32f0xx_hal_rcc.o
 .debug_line    0x00005304      0x833 build/stm32f0xx_hal_rcc_ex.o
 .debug_line    0x00005b37      0x4b1 build/stm32f0xx_hal.o
 .debug_line    0x00005fe8      0x624 build/stm32f0xx_hal_gpio.o
 .debug_line    0x0000660c      0x4c2 build/stm32f0xx_hal_cortex.o
 .debug_line    0x00006ace     0x2833 build/stm32f0xx_hal_spi.o
 .debug_line    0x00009301      0x1d3 build/system_stm32f0xx.o
 .debug_line    0x000094d4      0x6a6 build/usbd_core.o
 .debug_line    0x00009b7a      0xa90 build/usbd_ctlreq.o
 .debug_line    0x0000a60a      0x22c build/usbd_ioreq.o
 .debug_line    0x0000a836      0x4fb build/usbd_hid.o
 .debug_line    0x0000ad31       0x86 build/startup_stm32f042x6.o
 .debug_line    0x0000adb7      0x11d /usr/lib/gcc/arm-none-eabi/14.1.0/../../../../arm-none-eabi/lib/thumb/v6-m/nofp/libc_nano.a(libc_a-memset.o)
 .debug_line    0x0000aed4      0x119 /usr/lib/gcc/arm-none-eabi/14.1.0/../../../../arm-none-eabi/lib/thumb/v6-m/nofp/libc_nano.a(libc_a-init.o)
 .debug_line    0x0000afed       0x61 /usr/lib/gcc/arm-none-eabi/14.1.0/thumb/v6-m/nofp/libgcc.a(_udivsi3.o)
 .debug_line    0x0000b04e       0x4a /usr/lib/gcc/arm-none-eabi/14.1.0/thumb/v6-m/nofp/libgcc.a(_dvmd_tls.o)

.debug_str      0x00000000     0x3577
 .debug_str     0x00000000     0x3577 build/main.o
                                0x920 (size before relaxing)
 .debug_str     0x00003577      0x582 build/stm32f0xx_it.o
 .debug_str     0x00003577      0x67b build/stm32f0xx_hal_msp.o
 .debug_str     0x00003577      0x5a2 build/usb_device.o
 .debug_str     0x00003577      0x40e build/usbd_desc.o
 .debug_str     0x00003577     0x1050 build/usbd_conf.o
 .debug_str     0x00003577      0x634 build/stm32f0xx_ll_usb.o
 .debug_str     0x00003577      0xaa9 build/stm32f0xx_hal_pcd.o
 .debug_str     0x00003577      0x733 build/stm32f0xx_hal_pcd_ex.o
 .debug_str     0x00003577      0x629 build/stm32f0xx_hal_rcc.o
 .debug_str     0x00003577      0x5d5 build/stm32f0xx_hal_rcc_ex.o
 .debug_str     0x00003577      0x68e build/stm32f0xx_hal.o
 .debug_str     0x00003577      0x3bd build/stm32f0xx_hal_gpio.o
 .debug_str     0x00003577      0x5cf build/stm32f0xx_hal_cortex.o
 .debug_str     0x00003577      0xb91 build/stm32f0xx_hal_spi.o
 .debug_str     0x00003577      0x23a build/system_stm32f0xx.o
 .debug_str     0x00003577      0x7ff build/usbd_core.o
 .debug_str     0x00003577      0x708 build/usbd_ctlreq.o
 .debug_str     0x00003577      0x635 build/usbd_ioreq.o
 .debug_str     0x00003577      0x7d9 build/usbd_hid.o
 .debug_str     0x00003577       0x4e build/startup_stm32f042x6.o
 .debug_str     0x00003577      0x1b8 /usr/lib/gcc/arm-none-eabi/14.1.0/../../../../arm-none-eabi/lib/thumb/v6-m/nofp/libc_nano.a(libc_a-memset.o)
 .debug_str     0x00003577      0x219 /usr/lib/gcc/arm-none-eabi/14.1.0/../../../../arm-none-eabi/lib/thumb/v6-m/nofp/libc_nano.a(libc_a-init.o)
 .debug_str     0x00003577       0xb9 /usr/lib/gcc/arm-none-eabi/14.1.0/thumb/v6-m/nofp/libgcc.a(_udivsi3.o)
 .debug_str     0x00003577       0xba /usr/lib/gcc/arm-none-eabi/14.1.0/thumb/v6-m/nofp/libgcc.a(_dvmd_tls.o)

.comment        0x00000000       0x1e
 .comment       0x00000000       0x1e build/main.o
                                 0x1f (size before relaxing)
 .comment       0x0000001e       0x1f build/stm32f0xx_it.o
 .comment       0x0000001e       0x1f build/stm32f0xx_hal_msp.o
 .comment       0x0000001e       0x1f build/usb_device.o
 .comment       0x0000001e       0x1f build/usbd_desc.o
 .comment       0x0000001e       0x1f build/usbd_conf.o
 .comment       0x0000001e       0x1f build/stm32f0xx_ll_usb.o
 .comment       0x0000001e       0x1f build/stm32f0xx_hal_pcd.o
 .comment       0x0000001e       0x1f build/stm32f0xx_hal_pcd_ex.o
 .comment       0x0000001e       0x1f build/stm32f0xx_hal_rcc.o
 .comment       0x0000001e       0x1f build/stm32f0xx_hal_rcc_ex.o
 .comment       0x0000001e       0x1f build/stm32f0xx_hal.o
 .comment       0x0000001e       0x1f build/stm32f0xx_hal_gpio.o
 .comment       0x0000001e       0x1f build/stm32f0xx_hal_cortex.o
 .comment       0x0000001e       0x1f build/stm32f0xx_hal_spi.o
 .comment       0x0000001e       0x1f build/system_stm32f0xx.o
 .comment       0x0000001e       0x1f build/usbd_core.o
 .comment       0x0000001e       0x1f build/usbd_ctlreq.o
 .comment       0x0000001e       0x1f build/usbd_ioreq.o
 .comment       0x0000001e       0x1f build/usbd_hid.o
 .comment       0x0000001e       0x1f /usr/lib/gcc/arm-none-eabi/14.1.0/../../../../arm-none-eabi/lib/thumb/v6-m/nofp/libc_nano.a(libc_a-memset.o)
 .comment       0x0000001e       0x1f /usr/lib/gcc/arm-none-eabi/14.1.0/../../../../arm-none-eabi/lib/thumb/v6-m/nofp/libc_nano.a(libc_a-init.o)

.debug_frame    0x00000000     0x1bfc
 .debug_frame   0x00000000       0x88 build/main.o
 .debug_frame   0x00000088       0x80 build/stm32f0xx_it.o
 .debug_frame   0x00000108       0x58 build/stm32f0xx_hal_msp.o
 .debug_frame   0x00000160       0x28 build/usb_device.o
 .debug_frame   0x00000188       0xe0 build/usbd_desc.o
 .debug_frame   0x00000268      0x2f8 build/usbd_conf.o
 .debug_frame   0x00000560      0x1b4 build/stm32f0xx_ll_usb.o
 .debug_frame   0x00000714      0x358 build/stm32f0xx_hal_pcd.o
 .debug_frame   0x00000a6c       0xa8 build/stm32f0xx_hal_pcd_ex.o
 .debug_frame   0x00000b14      0x138 build/stm32f0xx_hal_rcc.o
 .debug_frame   0x00000c4c       0xfc build/stm32f0xx_hal_rcc_ex.o
 .debug_frame   0x00000d48      0x1ac build/stm32f0xx_hal.o
 .debug_frame   0x00000ef4       0xc0 build/stm32f0xx_hal_gpio.o
 .debug_frame   0x00000fb4      0x144 build/stm32f0xx_hal_cortex.o
 .debug_frame   0x000010f8      0x5a4 build/stm32f0xx_hal_spi.o
 .debug_frame   0x0000169c       0x38 build/system_stm32f0xx.o
 .debug_frame   0x000016d4      0x1c4 build/usbd_core.o
 .debug_frame   0x00001898      0x168 build/usbd_ctlreq.o
 .debug_frame   0x00001a00       0xb8 build/usbd_ioreq.o
 .debug_frame   0x00001ab8       0xd8 build/usbd_hid.o
 .debug_frame   0x00001b90       0x20 /usr/lib/gcc/arm-none-eabi/14.1.0/../../../../arm-none-eabi/lib/thumb/v6-m/nofp/libc_nano.a(libc_a-memset.o)
 .debug_frame   0x00001bb0       0x2c /usr/lib/gcc/arm-none-eabi/14.1.0/../../../../arm-none-eabi/lib/thumb/v6-m/nofp/libc_nano.a(libc_a-init.o)
 .debug_frame   0x00001bdc       0x20 /usr/lib/gcc/arm-none-eabi/14.1.0/thumb/v6-m/nofp/libgcc.a(_udivsi3.o)

.debug_loclists
                0x00000000       0xdb
 .debug_loclists
                0x00000000       0x80 /usr/lib/gcc/arm-none-eabi/14.1.0/../../../../arm-none-eabi/lib/thumb/v6-m/nofp/libc_nano.a(libc_a-memset.o)
 .debug_loclists
                0x00000080       0x5b /usr/lib/gcc/arm-none-eabi/14.1.0/../../../../arm-none-eabi/lib/thumb/v6-m/nofp/libc_nano.a(libc_a-init.o)

.debug_rnglists
                0x00000000       0x26
 .debug_rnglists
                0x00000000       0x13 /usr/lib/gcc/arm-none-eabi/14.1.0/../../../../arm-none-eabi/lib/thumb/v6-m/nofp/libc_nano.a(libc_a-memset.o)
 .debug_rnglists
                0x00000013       0x13 /usr/lib/gcc/arm-none-eabi/14.1.0/../../../../arm-none-eabi/lib/thumb/v6-m/nofp/libc_nano.a(libc_a-init.o)

.debug_line_str
                0x00000000       0x92
 .debug_line_str
                0x00000000       0x92 /usr/lib/gcc/arm-none-eabi/14.1.0/thumb/v6-m/nofp/libgcc.a(_udivsi3.o)
 .debug_line_str
                0x00000092       0x92 /usr/lib/gcc/arm-none-eabi/14.1.0/thumb/v6-m/nofp/libgcc.a(_dvmd_tls.o)

Cross Reference Table

Symbol                                            File
ADC1_IRQHandler                                   build/startup_stm32f042x6.o
AHBPrescTable                                     build/system_stm32f0xx.o
                                                  build/stm32f0xx_hal_rcc.o
APBPrescTable                                     build/system_stm32f0xx.o
                                                  build/stm32f0xx_hal_rcc.o
CEC_CAN_IRQHandler                                build/startup_stm32f042x6.o
DMA1_Channel1_IRQHandler                          build/startup_stm32f042x6.o
DMA1_Channel2_3_IRQHandler                        build/startup_stm32f042x6.o
DMA1_Channel4_5_IRQHandler                        build/startup_stm32f042x6.o
Default_Handler                                   build/startup_stm32f042x6.o
EXTI0_1_IRQHandler                                build/startup_stm32f042x6.o
EXTI2_3_IRQHandler                                build/startup_stm32f042x6.o
EXTI4_15_IRQHandler                               build/startup_stm32f042x6.o
Error_Handler                                     build/main.o
                                                  build/usbd_conf.o
                                                  build/usb_device.o
FLASH_IRQHandler                                  build/startup_stm32f042x6.o
FLASH_PageErase                                   build/stm32f0xx_hal_flash_ex.o
                                                  build/stm32f0xx_hal_flash.o
FLASH_WaitForLastOperation                        build/stm32f0xx_hal_flash.o
                                                  build/stm32f0xx_hal_flash_ex.o
FS_Desc                                           build/usbd_desc.o
                                                  build/usb_device.o
HAL_DBGMCU_DisableDBGStandbyMode                  build/stm32f0xx_hal.o
HAL_DBGMCU_DisableDBGStopMode                     build/stm32f0xx_hal.o
HAL_DBGMCU_EnableDBGStandbyMode                   build/stm32f0xx_hal.o
HAL_DBGMCU_EnableDBGStopMode                      build/stm32f0xx_hal.o
HAL_DMA_Abort                                     build/stm32f0xx_hal_dma.o
                                                  build/stm32f0xx_hal_spi.o
HAL_DMA_Abort_IT                                  build/stm32f0xx_hal_dma.o
                                                  build/stm32f0xx_hal_spi.o
                                                  build/stm32f0xx_hal_i2c.o
HAL_DMA_DeInit                                    build/stm32f0xx_hal_dma.o
HAL_DMA_GetError                                  build/stm32f0xx_hal_dma.o
HAL_DMA_GetState                                  build/stm32f0xx_hal_dma.o
                                                  build/stm32f0xx_hal_i2c.o
HAL_DMA_IRQHandler                                build/stm32f0xx_hal_dma.o
HAL_DMA_Init                                      build/stm32f0xx_hal_dma.o
HAL_DMA_PollForTransfer                           build/stm32f0xx_hal_dma.o
HAL_DMA_RegisterCallback                          build/stm32f0xx_hal_dma.o
HAL_DMA_Start                                     build/stm32f0xx_hal_dma.o
HAL_DMA_Start_IT                                  build/stm32f0xx_hal_dma.o
                                                  build/stm32f0xx_hal_spi.o
                                                  build/stm32f0xx_hal_i2c.o
HAL_DMA_UnRegisterCallback                        build/stm32f0xx_hal_dma.o
HAL_DeInit                                        build/stm32f0xx_hal.o
HAL_Delay                                         build/stm32f0xx_hal.o
                                                  build/stm32f0xx_hal_pcd_ex.o
                                                  build/usbd_conf.o
HAL_EXTI_ClearConfigLine                          build/stm32f0xx_hal_exti.o
HAL_EXTI_ClearPending                             build/stm32f0xx_hal_exti.o
HAL_EXTI_GenerateSWI                              build/stm32f0xx_hal_exti.o
HAL_EXTI_GetConfigLine                            build/stm32f0xx_hal_exti.o
HAL_EXTI_GetHandle                                build/stm32f0xx_hal_exti.o
HAL_EXTI_GetPending                               build/stm32f0xx_hal_exti.o
HAL_EXTI_IRQHandler                               build/stm32f0xx_hal_exti.o
HAL_EXTI_RegisterCallback                         build/stm32f0xx_hal_exti.o
HAL_EXTI_SetConfigLine                            build/stm32f0xx_hal_exti.o
HAL_FLASHEx_Erase                                 build/stm32f0xx_hal_flash_ex.o
HAL_FLASHEx_Erase_IT                              build/stm32f0xx_hal_flash_ex.o
HAL_FLASHEx_OBErase                               build/stm32f0xx_hal_flash_ex.o
HAL_FLASHEx_OBGetConfig                           build/stm32f0xx_hal_flash_ex.o
HAL_FLASHEx_OBGetUserData                         build/stm32f0xx_hal_flash_ex.o
HAL_FLASHEx_OBProgram                             build/stm32f0xx_hal_flash_ex.o
HAL_FLASH_EndOfOperationCallback                  build/stm32f0xx_hal_flash.o
HAL_FLASH_GetError                                build/stm32f0xx_hal_flash.o
HAL_FLASH_IRQHandler                              build/stm32f0xx_hal_flash.o
HAL_FLASH_Lock                                    build/stm32f0xx_hal_flash.o
HAL_FLASH_OB_Launch                               build/stm32f0xx_hal_flash.o
HAL_FLASH_OB_Lock                                 build/stm32f0xx_hal_flash.o
HAL_FLASH_OB_Unlock                               build/stm32f0xx_hal_flash.o
HAL_FLASH_OperationErrorCallback                  build/stm32f0xx_hal_flash.o
HAL_FLASH_Program                                 build/stm32f0xx_hal_flash.o
HAL_FLASH_Program_IT                              build/stm32f0xx_hal_flash.o
HAL_FLASH_Unlock                                  build/stm32f0xx_hal_flash.o
HAL_GPIO_DeInit                                   build/stm32f0xx_hal_gpio.o
                                                  build/stm32f0xx_hal_msp.o
HAL_GPIO_EXTI_Callback                            build/stm32f0xx_hal_gpio.o
HAL_GPIO_EXTI_IRQHandler                          build/stm32f0xx_hal_gpio.o
HAL_GPIO_Init                                     build/stm32f0xx_hal_gpio.o
                                                  build/stm32f0xx_hal_rcc.o
                                                  build/stm32f0xx_hal_msp.o
                                                  build/main.o
HAL_GPIO_LockPin                                  build/stm32f0xx_hal_gpio.o
HAL_GPIO_ReadPin                                  build/stm32f0xx_hal_gpio.o
HAL_GPIO_TogglePin                                build/stm32f0xx_hal_gpio.o
HAL_GPIO_WritePin                                 build/stm32f0xx_hal_gpio.o
                                                  build/main.o
HAL_GetDEVID                                      build/stm32f0xx_hal.o
HAL_GetHalVersion                                 build/stm32f0xx_hal.o
HAL_GetREVID                                      build/stm32f0xx_hal.o
HAL_GetTick                                       build/stm32f0xx_hal.o
                                                  build/stm32f0xx_hal_spi.o
                                                  build/stm32f0xx_hal_flash.o
                                                  build/stm32f0xx_hal_dma.o
                                                  build/stm32f0xx_hal_i2c.o
                                                  build/stm32f0xx_hal_rcc_ex.o
                                                  build/stm32f0xx_hal_rcc.o
                                                  build/stm32f0xx_hal_pcd_ex.o
HAL_GetTickFreq                                   build/stm32f0xx_hal.o
HAL_GetTickPrio                                   build/stm32f0xx_hal.o
HAL_GetUIDw0                                      build/stm32f0xx_hal.o
HAL_GetUIDw1                                      build/stm32f0xx_hal.o
HAL_GetUIDw2                                      build/stm32f0xx_hal.o
HAL_I2CEx_ConfigAnalogFilter                      build/stm32f0xx_hal_i2c_ex.o
HAL_I2CEx_ConfigDigitalFilter                     build/stm32f0xx_hal_i2c_ex.o
HAL_I2CEx_DisableFastModePlus                     build/stm32f0xx_hal_i2c_ex.o
HAL_I2CEx_DisableWakeUp                           build/stm32f0xx_hal_i2c_ex.o
HAL_I2CEx_EnableFastModePlus                      build/stm32f0xx_hal_i2c_ex.o
HAL_I2CEx_EnableWakeUp                            build/stm32f0xx_hal_i2c_ex.o
HAL_I2C_AbortCpltCallback                         build/stm32f0xx_hal_i2c.o
HAL_I2C_AddrCallback                              build/stm32f0xx_hal_i2c.o
HAL_I2C_DeInit                                    build/stm32f0xx_hal_i2c.o
HAL_I2C_DisableListen_IT                          build/stm32f0xx_hal_i2c.o
HAL_I2C_ER_IRQHandler                             build/stm32f0xx_hal_i2c.o
HAL_I2C_EV_IRQHandler                             build/stm32f0xx_hal_i2c.o
HAL_I2C_EnableListen_IT                           build/stm32f0xx_hal_i2c.o
HAL_I2C_ErrorCallback                             build/stm32f0xx_hal_i2c.o
HAL_I2C_GetError                                  build/stm32f0xx_hal_i2c.o
HAL_I2C_GetMode                                   build/stm32f0xx_hal_i2c.o
HAL_I2C_GetState                                  build/stm32f0xx_hal_i2c.o
HAL_I2C_Init                                      build/stm32f0xx_hal_i2c.o
HAL_I2C_IsDeviceReady                             build/stm32f0xx_hal_i2c.o
HAL_I2C_ListenCpltCallback                        build/stm32f0xx_hal_i2c.o
HAL_I2C_MasterRxCpltCallback                      build/stm32f0xx_hal_i2c.o
HAL_I2C_MasterTxCpltCallback                      build/stm32f0xx_hal_i2c.o
HAL_I2C_Master_Abort_IT                           build/stm32f0xx_hal_i2c.o
HAL_I2C_Master_Receive                            build/stm32f0xx_hal_i2c.o
HAL_I2C_Master_Receive_DMA                        build/stm32f0xx_hal_i2c.o
HAL_I2C_Master_Receive_IT                         build/stm32f0xx_hal_i2c.o
HAL_I2C_Master_Seq_Receive_DMA                    build/stm32f0xx_hal_i2c.o
HAL_I2C_Master_Seq_Receive_IT                     build/stm32f0xx_hal_i2c.o
HAL_I2C_Master_Seq_Transmit_DMA                   build/stm32f0xx_hal_i2c.o
HAL_I2C_Master_Seq_Transmit_IT                    build/stm32f0xx_hal_i2c.o
HAL_I2C_Master_Transmit                           build/stm32f0xx_hal_i2c.o
HAL_I2C_Master_Transmit_DMA                       build/stm32f0xx_hal_i2c.o
HAL_I2C_Master_Transmit_IT                        build/stm32f0xx_hal_i2c.o
HAL_I2C_MemRxCpltCallback                         build/stm32f0xx_hal_i2c.o
HAL_I2C_MemTxCpltCallback                         build/stm32f0xx_hal_i2c.o
HAL_I2C_Mem_Read                                  build/stm32f0xx_hal_i2c.o
HAL_I2C_Mem_Read_DMA                              build/stm32f0xx_hal_i2c.o
HAL_I2C_Mem_Read_IT                               build/stm32f0xx_hal_i2c.o
HAL_I2C_Mem_Write                                 build/stm32f0xx_hal_i2c.o
HAL_I2C_Mem_Write_DMA                             build/stm32f0xx_hal_i2c.o
HAL_I2C_Mem_Write_IT                              build/stm32f0xx_hal_i2c.o
HAL_I2C_MspDeInit                                 build/stm32f0xx_hal_i2c.o
HAL_I2C_MspInit                                   build/stm32f0xx_hal_i2c.o
HAL_I2C_SlaveRxCpltCallback                       build/stm32f0xx_hal_i2c.o
HAL_I2C_SlaveTxCpltCallback                       build/stm32f0xx_hal_i2c.o
HAL_I2C_Slave_Receive                             build/stm32f0xx_hal_i2c.o
HAL_I2C_Slave_Receive_DMA                         build/stm32f0xx_hal_i2c.o
HAL_I2C_Slave_Receive_IT                          build/stm32f0xx_hal_i2c.o
HAL_I2C_Slave_Seq_Receive_DMA                     build/stm32f0xx_hal_i2c.o
HAL_I2C_Slave_Seq_Receive_IT                      build/stm32f0xx_hal_i2c.o
HAL_I2C_Slave_Seq_Transmit_DMA                    build/stm32f0xx_hal_i2c.o
HAL_I2C_Slave_Seq_Transmit_IT                     build/stm32f0xx_hal_i2c.o
HAL_I2C_Slave_Transmit                            build/stm32f0xx_hal_i2c.o
HAL_I2C_Slave_Transmit_DMA                        build/stm32f0xx_hal_i2c.o
HAL_I2C_Slave_Transmit_IT                         build/stm32f0xx_hal_i2c.o
HAL_IncTick                                       build/stm32f0xx_hal.o
                                                  build/stm32f0xx_it.o
HAL_Init                                          build/stm32f0xx_hal.o
                                                  build/main.o
HAL_InitTick                                      build/stm32f0xx_hal.o
                                                  build/stm32f0xx_hal_rcc.o
HAL_MspDeInit                                     build/stm32f0xx_hal.o
HAL_MspInit                                       build/stm32f0xx_hal_msp.o
HAL_NVIC_ClearPendingIRQ                          build/stm32f0xx_hal_cortex.o
HAL_NVIC_DisableIRQ                               build/stm32f0xx_hal_cortex.o
                                                  build/usbd_conf.o
HAL_NVIC_EnableIRQ                                build/stm32f0xx_hal_cortex.o
                                                  build/usbd_conf.o
HAL_NVIC_GetPendingIRQ                            build/stm32f0xx_hal_cortex.o
HAL_NVIC_GetPriority                              build/stm32f0xx_hal_cortex.o
HAL_NVIC_SetPendingIRQ                            build/stm32f0xx_hal_cortex.o
HAL_NVIC_SetPriority                              build/stm32f0xx_hal_cortex.o
                                                  build/stm32f0xx_hal.o
                                                  build/usbd_conf.o
HAL_NVIC_SystemReset                              build/stm32f0xx_hal_cortex.o
HAL_PCDEx_ActivateBCD                             build/stm32f0xx_hal_pcd_ex.o
HAL_PCDEx_ActivateLPM                             build/stm32f0xx_hal_pcd_ex.o
                                                  build/stm32f0xx_hal_pcd.o
HAL_PCDEx_BCD_Callback                            build/stm32f0xx_hal_pcd_ex.o
HAL_PCDEx_BCD_VBUSDetect                          build/stm32f0xx_hal_pcd_ex.o
HAL_PCDEx_DeActivateBCD                           build/stm32f0xx_hal_pcd_ex.o
HAL_PCDEx_DeActivateLPM                           build/stm32f0xx_hal_pcd_ex.o
HAL_PCDEx_LPM_Callback                            build/stm32f0xx_hal_pcd_ex.o
                                                  build/stm32f0xx_hal_pcd.o
HAL_PCDEx_PMAConfig                               build/stm32f0xx_hal_pcd_ex.o
                                                  build/usbd_conf.o
HAL_PCD_ActivateRemoteWakeup                      build/stm32f0xx_hal_pcd.o
HAL_PCD_ConnectCallback                           build/usbd_conf.o
HAL_PCD_DataInStageCallback                       build/usbd_conf.o
HAL_PCD_DataOutStageCallback                      build/usbd_conf.o
HAL_PCD_DeActivateRemoteWakeup                    build/stm32f0xx_hal_pcd.o
HAL_PCD_DeInit                                    build/stm32f0xx_hal_pcd.o
                                                  build/usbd_conf.o
HAL_PCD_DevConnect                                build/stm32f0xx_hal_pcd.o
HAL_PCD_DevDisconnect                             build/stm32f0xx_hal_pcd.o
HAL_PCD_DisconnectCallback                        build/usbd_conf.o
HAL_PCD_EP_Abort                                  build/stm32f0xx_hal_pcd.o
HAL_PCD_EP_Close                                  build/stm32f0xx_hal_pcd.o
                                                  build/usbd_conf.o
HAL_PCD_EP_ClrStall                               build/stm32f0xx_hal_pcd.o
                                                  build/usbd_conf.o
HAL_PCD_EP_Flush                                  build/stm32f0xx_hal_pcd.o
                                                  build/usbd_conf.o
HAL_PCD_EP_GetRxCount                             build/stm32f0xx_hal_pcd.o
                                                  build/usbd_conf.o
HAL_PCD_EP_Open                                   build/stm32f0xx_hal_pcd.o
                                                  build/usbd_conf.o
HAL_PCD_EP_Receive                                build/stm32f0xx_hal_pcd.o
                                                  build/usbd_conf.o
HAL_PCD_EP_SetStall                               build/stm32f0xx_hal_pcd.o
                                                  build/usbd_conf.o
HAL_PCD_EP_Transmit                               build/stm32f0xx_hal_pcd.o
                                                  build/usbd_conf.o
HAL_PCD_GetState                                  build/stm32f0xx_hal_pcd.o
HAL_PCD_IRQHandler                                build/stm32f0xx_hal_pcd.o
                                                  build/stm32f0xx_it.o
HAL_PCD_ISOINIncompleteCallback                   build/usbd_conf.o
HAL_PCD_ISOOUTIncompleteCallback                  build/usbd_conf.o
HAL_PCD_Init                                      build/stm32f0xx_hal_pcd.o
                                                  build/usbd_conf.o
HAL_PCD_MspDeInit                                 build/usbd_conf.o
HAL_PCD_MspInit                                   build/usbd_conf.o
HAL_PCD_ResetCallback                             build/usbd_conf.o
HAL_PCD_ResumeCallback                            build/usbd_conf.o
HAL_PCD_SOFCallback                               build/usbd_conf.o
HAL_PCD_SetAddress                                build/stm32f0xx_hal_pcd.o
                                                  build/usbd_conf.o
HAL_PCD_SetupStageCallback                        build/usbd_conf.o
HAL_PCD_Start                                     build/stm32f0xx_hal_pcd.o
                                                  build/usbd_conf.o
HAL_PCD_Stop                                      build/stm32f0xx_hal_pcd.o
                                                  build/usbd_conf.o
HAL_PCD_SuspendCallback                           build/usbd_conf.o
HAL_PWREx_DisableVddio2Monitor                    build/stm32f0xx_hal_pwr_ex.o
HAL_PWREx_EnableVddio2Monitor                     build/stm32f0xx_hal_pwr_ex.o
HAL_PWREx_Vddio2MonitorCallback                   build/stm32f0xx_hal_pwr_ex.o
HAL_PWREx_Vddio2Monitor_IRQHandler                build/stm32f0xx_hal_pwr_ex.o
HAL_PWR_ConfigPVD                                 build/stm32f0xx_hal_pwr_ex.o
HAL_PWR_DeInit                                    build/stm32f0xx_hal_pwr.o
HAL_PWR_DisableBkUpAccess                         build/stm32f0xx_hal_pwr.o
HAL_PWR_DisablePVD                                build/stm32f0xx_hal_pwr_ex.o
HAL_PWR_DisableSEVOnPend                          build/stm32f0xx_hal_pwr.o
HAL_PWR_DisableSleepOnExit                        build/stm32f0xx_hal_pwr.o
HAL_PWR_DisableWakeUpPin                          build/stm32f0xx_hal_pwr.o
HAL_PWR_EnableBkUpAccess                          build/stm32f0xx_hal_pwr.o
HAL_PWR_EnablePVD                                 build/stm32f0xx_hal_pwr_ex.o
HAL_PWR_EnableSEVOnPend                           build/stm32f0xx_hal_pwr.o
HAL_PWR_EnableSleepOnExit                         build/stm32f0xx_hal_pwr.o
HAL_PWR_EnableWakeUpPin                           build/stm32f0xx_hal_pwr.o
HAL_PWR_EnterSLEEPMode                            build/stm32f0xx_hal_pwr.o
HAL_PWR_EnterSTANDBYMode                          build/stm32f0xx_hal_pwr.o
HAL_PWR_EnterSTOPMode                             build/stm32f0xx_hal_pwr.o
HAL_PWR_PVDCallback                               build/stm32f0xx_hal_pwr_ex.o
HAL_PWR_PVD_IRQHandler                            build/stm32f0xx_hal_pwr_ex.o
HAL_RCCEx_CRSConfig                               build/stm32f0xx_hal_rcc_ex.o
HAL_RCCEx_CRSGetSynchronizationInfo               build/stm32f0xx_hal_rcc_ex.o
HAL_RCCEx_CRSSoftwareSynchronizationGenerate      build/stm32f0xx_hal_rcc_ex.o
HAL_RCCEx_CRSWaitSynchronization                  build/stm32f0xx_hal_rcc_ex.o
HAL_RCCEx_CRS_ErrorCallback                       build/stm32f0xx_hal_rcc_ex.o
HAL_RCCEx_CRS_ExpectedSyncCallback                build/stm32f0xx_hal_rcc_ex.o
HAL_RCCEx_CRS_IRQHandler                          build/stm32f0xx_hal_rcc_ex.o
HAL_RCCEx_CRS_SyncOkCallback                      build/stm32f0xx_hal_rcc_ex.o
HAL_RCCEx_CRS_SyncWarnCallback                    build/stm32f0xx_hal_rcc_ex.o
HAL_RCCEx_GetPeriphCLKConfig                      build/stm32f0xx_hal_rcc_ex.o
HAL_RCCEx_GetPeriphCLKFreq                        build/stm32f0xx_hal_rcc_ex.o
HAL_RCCEx_PeriphCLKConfig                         build/stm32f0xx_hal_rcc_ex.o
                                                  build/main.o
HAL_RCC_CSSCallback                               build/stm32f0xx_hal_rcc.o
HAL_RCC_ClockConfig                               build/stm32f0xx_hal_rcc.o
                                                  build/main.o
HAL_RCC_DeInit                                    build/stm32f0xx_hal_rcc.o
HAL_RCC_DisableCSS                                build/stm32f0xx_hal_rcc.o
HAL_RCC_EnableCSS                                 build/stm32f0xx_hal_rcc.o
HAL_RCC_GetClockConfig                            build/stm32f0xx_hal_rcc.o
HAL_RCC_GetHCLKFreq                               build/stm32f0xx_hal_rcc.o
HAL_RCC_GetOscConfig                              build/stm32f0xx_hal_rcc.o
HAL_RCC_GetPCLK1Freq                              build/stm32f0xx_hal_rcc.o
                                                  build/stm32f0xx_hal_rcc_ex.o
HAL_RCC_GetSysClockFreq                           build/stm32f0xx_hal_rcc.o
                                                  build/stm32f0xx_hal_rcc_ex.o
HAL_RCC_MCOConfig                                 build/stm32f0xx_hal_rcc.o
HAL_RCC_NMI_IRQHandler                            build/stm32f0xx_hal_rcc.o
HAL_RCC_OscConfig                                 build/stm32f0xx_hal_rcc.o
                                                  build/main.o
HAL_ResumeTick                                    build/stm32f0xx_hal.o
HAL_SPIEx_FlushRxFifo                             build/stm32f0xx_hal_spi_ex.o
HAL_SPI_Abort                                     build/stm32f0xx_hal_spi.o
HAL_SPI_AbortCpltCallback                         build/stm32f0xx_hal_spi.o
HAL_SPI_Abort_IT                                  build/stm32f0xx_hal_spi.o
HAL_SPI_DMAPause                                  build/stm32f0xx_hal_spi.o
HAL_SPI_DMAResume                                 build/stm32f0xx_hal_spi.o
HAL_SPI_DMAStop                                   build/stm32f0xx_hal_spi.o
HAL_SPI_DeInit                                    build/stm32f0xx_hal_spi.o
HAL_SPI_ErrorCallback                             build/stm32f0xx_hal_spi.o
HAL_SPI_GetError                                  build/stm32f0xx_hal_spi.o
HAL_SPI_GetState                                  build/stm32f0xx_hal_spi.o
HAL_SPI_IRQHandler                                build/stm32f0xx_hal_spi.o
HAL_SPI_Init                                      build/stm32f0xx_hal_spi.o
                                                  build/main.o
HAL_SPI_MspDeInit                                 build/stm32f0xx_hal_msp.o
HAL_SPI_MspInit                                   build/stm32f0xx_hal_msp.o
HAL_SPI_Receive                                   build/stm32f0xx_hal_spi.o
HAL_SPI_Receive_DMA                               build/stm32f0xx_hal_spi.o
HAL_SPI_Receive_IT                                build/stm32f0xx_hal_spi.o
HAL_SPI_RxCpltCallback                            build/stm32f0xx_hal_spi.o
HAL_SPI_RxHalfCpltCallback                        build/stm32f0xx_hal_spi.o
HAL_SPI_Transmit                                  build/stm32f0xx_hal_spi.o
HAL_SPI_TransmitReceive                           build/stm32f0xx_hal_spi.o
HAL_SPI_TransmitReceive_DMA                       build/stm32f0xx_hal_spi.o
HAL_SPI_TransmitReceive_IT                        build/stm32f0xx_hal_spi.o
HAL_SPI_Transmit_DMA                              build/stm32f0xx_hal_spi.o
HAL_SPI_Transmit_IT                               build/stm32f0xx_hal_spi.o
HAL_SPI_TxCpltCallback                            build/stm32f0xx_hal_spi.o
HAL_SPI_TxHalfCpltCallback                        build/stm32f0xx_hal_spi.o
HAL_SPI_TxRxCpltCallback                          build/stm32f0xx_hal_spi.o
HAL_SPI_TxRxHalfCpltCallback                      build/stm32f0xx_hal_spi.o
HAL_SYSTICK_CLKSourceConfig                       build/stm32f0xx_hal_cortex.o
HAL_SYSTICK_Callback                              build/stm32f0xx_hal_cortex.o
HAL_SYSTICK_Config                                build/stm32f0xx_hal_cortex.o
                                                  build/stm32f0xx_hal.o
HAL_SYSTICK_IRQHandler                            build/stm32f0xx_hal_cortex.o
HAL_SetTickFreq                                   build/stm32f0xx_hal.o
HAL_SuspendTick                                   build/stm32f0xx_hal.o
HardFault_Handler                                 build/stm32f0xx_it.o
I2C1_IRQHandler                                   build/startup_stm32f042x6.o
MX_USB_DEVICE_Init                                build/usb_device.o
                                                  build/main.o
NMI_Handler                                       build/stm32f0xx_it.o
PVD_VDDIO2_IRQHandler                             build/startup_stm32f042x6.o
PendSV_Handler                                    build/stm32f0xx_it.o
RCC_CRS_IRQHandler                                build/startup_stm32f042x6.o
RTC_IRQHandler                                    build/startup_stm32f042x6.o
Reset_Handler                                     build/startup_stm32f042x6.o
SPI1_IRQHandler                                   build/startup_stm32f042x6.o
SPI2_IRQHandler                                   build/startup_stm32f042x6.o
SVC_Handler                                       build/stm32f0xx_it.o
SysTick_Handler                                   build/stm32f0xx_it.o
SystemClock_Config                                build/main.o
                                                  build/usbd_conf.o
SystemCoreClock                                   build/system_stm32f0xx.o
                                                  build/stm32f0xx_hal_spi.o
                                                  build/stm32f0xx_hal.o
                                                  build/stm32f0xx_hal_rcc.o
SystemCoreClockUpdate                             build/system_stm32f0xx.o
SystemInit                                        build/system_stm32f0xx.o
                                                  build/startup_stm32f042x6.o
TIM14_IRQHandler                                  build/startup_stm32f042x6.o
TIM16_IRQHandler                                  build/startup_stm32f042x6.o
TIM17_IRQHandler                                  build/startup_stm32f042x6.o
TIM1_BRK_UP_TRG_COM_IRQHandler                    build/startup_stm32f042x6.o
TIM1_CC_IRQHandler                                build/startup_stm32f042x6.o
TIM2_IRQHandler                                   build/startup_stm32f042x6.o
TIM3_IRQHandler                                   build/startup_stm32f042x6.o
TSC_IRQHandler                                    build/startup_stm32f042x6.o
USART1_IRQHandler                                 build/startup_stm32f042x6.o
USART2_IRQHandler                                 build/startup_stm32f042x6.o
USBD_ClrClassConfig                               build/usbd_core.o
                                                  build/usbd_ctlreq.o
USBD_CtlContinueRx                                build/usbd_ioreq.o
                                                  build/usbd_core.o
USBD_CtlContinueSendData                          build/usbd_ioreq.o
                                                  build/usbd_core.o
USBD_CtlError                                     build/usbd_ctlreq.o
                                                  build/usbd_hid.o
USBD_CtlPrepareRx                                 build/usbd_ioreq.o
USBD_CtlReceiveStatus                             build/usbd_ioreq.o
                                                  build/usbd_core.o
USBD_CtlSendData                                  build/usbd_ioreq.o
                                                  build/usbd_hid.o
                                                  build/usbd_ctlreq.o
USBD_CtlSendStatus                                build/usbd_ioreq.o
                                                  build/usbd_ctlreq.o
                                                  build/usbd_core.o
USBD_DeInit                                       build/usbd_core.o
USBD_FS_ConfigStrDescriptor                       build/usbd_desc.o
USBD_FS_DeviceDesc                                build/usbd_desc.o
USBD_FS_DeviceDescriptor                          build/usbd_desc.o
USBD_FS_InterfaceStrDescriptor                    build/usbd_desc.o
USBD_FS_LangIDStrDescriptor                       build/usbd_desc.o
USBD_FS_ManufacturerStrDescriptor                 build/usbd_desc.o
USBD_FS_ProductStrDescriptor                      build/usbd_desc.o
USBD_FS_SerialStrDescriptor                       build/usbd_desc.o
USBD_GetRxCount                                   build/usbd_ioreq.o
USBD_GetString                                    build/usbd_ctlreq.o
                                                  build/usbd_desc.o
USBD_HID                                          build/usbd_hid.o
                                                  build/usb_device.o
USBD_HID_GetPollingInterval                       build/usbd_hid.o
USBD_HID_SendReport                               build/usbd_hid.o
USBD_Init                                         build/usbd_core.o
                                                  build/usb_device.o
USBD_LL_ClearStallEP                              build/usbd_conf.o
                                                  build/usbd_ctlreq.o
USBD_LL_CloseEP                                   build/usbd_conf.o
                                                  build/usbd_hid.o
USBD_LL_DataInStage                               build/usbd_core.o
                                                  build/usbd_conf.o
USBD_LL_DataOutStage                              build/usbd_core.o
                                                  build/usbd_conf.o
USBD_LL_DeInit                                    build/usbd_conf.o
                                                  build/usbd_core.o
USBD_LL_Delay                                     build/usbd_conf.o
USBD_LL_DevConnected                              build/usbd_core.o
                                                  build/usbd_conf.o
USBD_LL_DevDisconnected                           build/usbd_core.o
                                                  build/usbd_conf.o
USBD_LL_FlushEP                                   build/usbd_conf.o
USBD_LL_GetRxDataSize                             build/usbd_conf.o
                                                  build/usbd_ioreq.o
USBD_LL_Init                                      build/usbd_conf.o
                                                  build/usbd_core.o
USBD_LL_IsStallEP                                 build/usbd_conf.o
                                                  build/usbd_ctlreq.o
USBD_LL_IsoINIncomplete                           build/usbd_core.o
                                                  build/usbd_conf.o
USBD_LL_IsoOUTIncomplete                          build/usbd_core.o
                                                  build/usbd_conf.o
USBD_LL_OpenEP                                    build/usbd_conf.o
                                                  build/usbd_hid.o
                                                  build/usbd_core.o
USBD_LL_PrepareReceive                            build/usbd_conf.o
                                                  build/usbd_ioreq.o
                                                  build/usbd_core.o
USBD_LL_Reset                                     build/usbd_core.o
                                                  build/usbd_conf.o
USBD_LL_Resume                                    build/usbd_core.o
                                                  build/usbd_conf.o
USBD_LL_SOF                                       build/usbd_core.o
                                                  build/usbd_conf.o
USBD_LL_SetSpeed                                  build/usbd_core.o
                                                  build/usbd_conf.o
USBD_LL_SetUSBAddress                             build/usbd_conf.o
                                                  build/usbd_ctlreq.o
USBD_LL_SetupStage                                build/usbd_core.o
                                                  build/usbd_conf.o
USBD_LL_StallEP                                   build/usbd_conf.o
                                                  build/usbd_ctlreq.o
                                                  build/usbd_core.o
USBD_LL_Start                                     build/usbd_conf.o
                                                  build/usbd_core.o
USBD_LL_Stop                                      build/usbd_conf.o
                                                  build/usbd_core.o
USBD_LL_Suspend                                   build/usbd_core.o
                                                  build/usbd_conf.o
USBD_LL_Transmit                                  build/usbd_conf.o
                                                  build/usbd_hid.o
                                                  build/usbd_ioreq.o
USBD_LangIDDesc                                   build/usbd_desc.o
USBD_ParseSetupRequest                            build/usbd_ctlreq.o
                                                  build/usbd_core.o
USBD_RegisterClass                                build/usbd_core.o
                                                  build/usb_device.o
USBD_RunTestMode                                  build/usbd_core.o
USBD_SetClassConfig                               build/usbd_core.o
                                                  build/usbd_ctlreq.o
USBD_Start                                        build/usbd_core.o
                                                  build/usb_device.o
USBD_StdDevReq                                    build/usbd_ctlreq.o
                                                  build/usbd_core.o
USBD_StdEPReq                                     build/usbd_ctlreq.o
                                                  build/usbd_core.o
USBD_StdItfReq                                    build/usbd_ctlreq.o
                                                  build/usbd_core.o
USBD_Stop                                         build/usbd_core.o
USBD_StrDesc                                      build/usbd_desc.o
USBD_StringSerial                                 build/usbd_desc.o
USBD_static_free                                  build/usbd_conf.o
                                                  build/usbd_hid.o
USBD_static_malloc                                build/usbd_conf.o
                                                  build/usbd_hid.o
USB_ActivateEndpoint                              build/stm32f0xx_ll_usb.o
                                                  build/stm32f0xx_hal_pcd.o
USB_ActivateRemoteWakeup                          build/stm32f0xx_ll_usb.o
                                                  build/stm32f0xx_hal_pcd.o
USB_CoreInit                                      build/stm32f0xx_ll_usb.o
USB_DeActivateRemoteWakeup                        build/stm32f0xx_ll_usb.o
                                                  build/stm32f0xx_hal_pcd.o
USB_DeactivateEndpoint                            build/stm32f0xx_ll_usb.o
                                                  build/stm32f0xx_hal_pcd.o
USB_DevConnect                                    build/stm32f0xx_ll_usb.o
                                                  build/stm32f0xx_hal_pcd.o
USB_DevDisconnect                                 build/stm32f0xx_ll_usb.o
                                                  build/stm32f0xx_hal_pcd.o
USB_DevInit                                       build/stm32f0xx_ll_usb.o
                                                  build/stm32f0xx_hal_pcd.o
USB_DisableGlobalInt                              build/stm32f0xx_ll_usb.o
                                                  build/stm32f0xx_hal_pcd.o
USB_EPClearStall                                  build/stm32f0xx_ll_usb.o
                                                  build/stm32f0xx_hal_pcd.o
USB_EPSetStall                                    build/stm32f0xx_ll_usb.o
                                                  build/stm32f0xx_hal_pcd.o
USB_EPStartXfer                                   build/stm32f0xx_ll_usb.o
                                                  build/stm32f0xx_hal_pcd.o
USB_EPStopXfer                                    build/stm32f0xx_ll_usb.o
                                                  build/stm32f0xx_hal_pcd.o
USB_EnableGlobalInt                               build/stm32f0xx_ll_usb.o
                                                  build/stm32f0xx_hal_pcd.o
USB_FlushRxFifo                                   build/stm32f0xx_ll_usb.o
                                                  build/stm32f0xx_hal_pcd.o
USB_FlushTxFifo                                   build/stm32f0xx_ll_usb.o
                                                  build/stm32f0xx_hal_pcd.o
USB_IRQHandler                                    build/stm32f0xx_it.o
USB_ReadInterrupts                                build/stm32f0xx_ll_usb.o
                                                  build/stm32f0xx_hal_pcd.o
USB_ReadPMA                                       build/stm32f0xx_ll_usb.o
                                                  build/stm32f0xx_hal_pcd.o
USB_SetCurrentMode                                build/stm32f0xx_ll_usb.o
USB_SetDevAddress                                 build/stm32f0xx_ll_usb.o
                                                  build/stm32f0xx_hal_pcd.o
USB_StopDevice                                    build/stm32f0xx_ll_usb.o
                                                  build/stm32f0xx_hal_pcd.o
USB_WritePMA                                      build/stm32f0xx_ll_usb.o
                                                  build/stm32f0xx_hal_pcd.o
WWDG_IRQHandler                                   build/startup_stm32f042x6.o
__aeabi_idiv0                                     /usr/lib/gcc/arm-none-eabi/14.1.0/thumb/v6-m/nofp/libgcc.a(_dvmd_tls.o)
                                                  /usr/lib/gcc/arm-none-eabi/14.1.0/thumb/v6-m/nofp/libgcc.a(_udivsi3.o)
__aeabi_ldiv0                                     /usr/lib/gcc/arm-none-eabi/14.1.0/thumb/v6-m/nofp/libgcc.a(_dvmd_tls.o)
__aeabi_uidiv                                     /usr/lib/gcc/arm-none-eabi/14.1.0/thumb/v6-m/nofp/libgcc.a(_udivsi3.o)
                                                  build/system_stm32f0xx.o
                                                  build/stm32f0xx_hal_spi.o
                                                  build/stm32f0xx_hal_dma.o
                                                  build/stm32f0xx_hal.o
                                                  build/stm32f0xx_hal_rcc_ex.o
                                                  build/stm32f0xx_hal_rcc.o
__aeabi_uidivmod                                  /usr/lib/gcc/arm-none-eabi/14.1.0/thumb/v6-m/nofp/libgcc.a(_udivsi3.o)
                                                  build/usbd_core.o
__atexit                                          /usr/lib/gcc/arm-none-eabi/14.1.0/../../../../arm-none-eabi/lib/thumb/v6-m/nofp/libc_nano.a(libc_a-__call_atexit.o)
                                                  /usr/lib/gcc/arm-none-eabi/14.1.0/../../../../arm-none-eabi/lib/thumb/v6-m/nofp/libc_nano.a(libc_a-__atexit.o)
__atexit0                                         /usr/lib/gcc/arm-none-eabi/14.1.0/../../../../arm-none-eabi/lib/thumb/v6-m/nofp/libc_nano.a(libc_a-__atexit.o)
__atexit_dummy                                    /usr/lib/gcc/arm-none-eabi/14.1.0/../../../../arm-none-eabi/lib/thumb/v6-m/nofp/libc_nano.a(libc_a-__atexit.o)
__atexit_recursive_mutex                          /usr/lib/gcc/arm-none-eabi/14.1.0/../../../../arm-none-eabi/lib/thumb/v6-m/nofp/libc_nano.a(libc_a-__call_atexit.o)
                                                  /usr/lib/gcc/arm-none-eabi/14.1.0/../../../../arm-none-eabi/lib/thumb/v6-m/nofp/libc_nano.a(libc_a-__atexit.o)
__bss_end__                                       /usr/lib/gcc/arm-none-eabi/14.1.0/../../../../arm-none-eabi/lib/thumb/v6-m/nofp/crt0.o
__bss_start__                                     /usr/lib/gcc/arm-none-eabi/14.1.0/../../../../arm-none-eabi/lib/thumb/v6-m/nofp/crt0.o
__call_exitprocs                                  /usr/lib/gcc/arm-none-eabi/14.1.0/../../../../arm-none-eabi/lib/thumb/v6-m/nofp/libc_nano.a(libc_a-__call_atexit.o)
                                                  /usr/lib/gcc/arm-none-eabi/14.1.0/../../../../arm-none-eabi/lib/thumb/v6-m/nofp/libc_nano.a(libc_a-__atexit.o)
                                                  /usr/lib/gcc/arm-none-eabi/14.1.0/../../../../arm-none-eabi/lib/thumb/v6-m/nofp/libc_nano.a(libc_a-exit.o)
__deregister_frame_info                           /usr/lib/gcc/arm-none-eabi/14.1.0/thumb/v6-m/nofp/crtbegin.o
__dso_handle                                      /usr/lib/gcc/arm-none-eabi/14.1.0/thumb/v6-m/nofp/crtbegin.o
__fini_array_end                                  /usr/lib/gcc/arm-none-eabi/14.1.0/../../../../arm-none-eabi/lib/thumb/v6-m/nofp/libc_nano.a(libc_a-fini.o)
__fini_array_start                                /usr/lib/gcc/arm-none-eabi/14.1.0/../../../../arm-none-eabi/lib/thumb/v6-m/nofp/libc_nano.a(libc_a-fini.o)
__fp_lock_all                                     /usr/lib/gcc/arm-none-eabi/14.1.0/../../../../arm-none-eabi/lib/thumb/v6-m/nofp/libc_nano.a(libc_a-findfp.o)
__fp_unlock_all                                   /usr/lib/gcc/arm-none-eabi/14.1.0/../../../../arm-none-eabi/lib/thumb/v6-m/nofp/libc_nano.a(libc_a-findfp.o)
__init_array_end                                  /usr/lib/gcc/arm-none-eabi/14.1.0/../../../../arm-none-eabi/lib/thumb/v6-m/nofp/libc_nano.a(libc_a-init.o)
__init_array_start                                /usr/lib/gcc/arm-none-eabi/14.1.0/../../../../arm-none-eabi/lib/thumb/v6-m/nofp/libc_nano.a(libc_a-init.o)
__libc_fini_array                                 /usr/lib/gcc/arm-none-eabi/14.1.0/../../../../arm-none-eabi/lib/thumb/v6-m/nofp/libc_nano.a(libc_a-fini.o)
                                                  /usr/lib/gcc/arm-none-eabi/14.1.0/../../../../arm-none-eabi/lib/thumb/v6-m/nofp/crt0.o
__libc_init_array                                 /usr/lib/gcc/arm-none-eabi/14.1.0/../../../../arm-none-eabi/lib/thumb/v6-m/nofp/libc_nano.a(libc_a-init.o)
                                                  build/startup_stm32f042x6.o
                                                  /usr/lib/gcc/arm-none-eabi/14.1.0/../../../../arm-none-eabi/lib/thumb/v6-m/nofp/crt0.o
__lock___arc4random_mutex                         /usr/lib/gcc/arm-none-eabi/14.1.0/../../../../arm-none-eabi/lib/thumb/v6-m/nofp/libc_nano.a(libc_a-lock.o)
__lock___at_quick_exit_mutex                      /usr/lib/gcc/arm-none-eabi/14.1.0/../../../../arm-none-eabi/lib/thumb/v6-m/nofp/libc_nano.a(libc_a-lock.o)
__lock___atexit_recursive_mutex                   /usr/lib/gcc/arm-none-eabi/14.1.0/../../../../arm-none-eabi/lib/thumb/v6-m/nofp/libc_nano.a(libc_a-lock.o)