Archive member included to satisfy reference by file (symbol)

/usr/lib/gcc/arm-none-eabi/14.1.0/../../../../arm-none-eabi/lib/thumb/v6-m/nofp/libc_nano.a(libc_a-atexit.o)
                              /usr/lib/gcc/arm-none-eabi/14.1.0/../../../../arm-none-eabi/lib/thumb/v6-m/nofp/crt0.o (atexit)
/usr/lib/gcc/arm-none-eabi/14.1.0/../../../../arm-none-eabi/lib/thumb/v6-m/nofp/libc_nano.a(libc_a-exit.o)
                              /usr/lib/gcc/arm-none-eabi/14.1.0/../../../../arm-none-eabi/lib/thumb/v6-m/nofp/crt0.o (exit)
/usr/lib/gcc/arm-none-eabi/14.1.0/../../../../arm-none-eabi/lib/thumb/v6-m/nofp/libc_nano.a(libc_a-findfp.o)
                              /usr/lib/gcc/arm-none-eabi/14.1.0/../../../../arm-none-eabi/lib/thumb/v6-m/nofp/libc_nano.a(libc_a-exit.o) (__stdio_exit_handler)
/usr/lib/gcc/arm-none-eabi/14.1.0/../../../../arm-none-eabi/lib/thumb/v6-m/nofp/libc_nano.a(libc_a-fwalk.o)
                              /usr/lib/gcc/arm-none-eabi/14.1.0/../../../../arm-none-eabi/lib/thumb/v6-m/nofp/libc_nano.a(libc_a-findfp.o) (_fwalk_sglue)
/usr/lib/gcc/arm-none-eabi/14.1.0/../../../../arm-none-eabi/lib/thumb/v6-m/nofp/libc_nano.a(libc_a-printf.o)
                              build/usbd_core.o (printf)
/usr/lib/gcc/arm-none-eabi/14.1.0/../../../../arm-none-eabi/lib/thumb/v6-m/nofp/libc_nano.a(libc_a-putchar.o)
                              build/usbd_core.o (putchar)
/usr/lib/gcc/arm-none-eabi/14.1.0/../../../../arm-none-eabi/lib/thumb/v6-m/nofp/libc_nano.a(libc_a-stdio.o)
                              /usr/lib/gcc/arm-none-eabi/14.1.0/../../../../arm-none-eabi/lib/thumb/v6-m/nofp/libc_nano.a(libc_a-findfp.o) (__sread)
/usr/lib/gcc/arm-none-eabi/14.1.0/../../../../arm-none-eabi/lib/thumb/v6-m/nofp/libc_nano.a(libc_a-memset.o)
                              /usr/lib/gcc/arm-none-eabi/14.1.0/../../../../arm-none-eabi/lib/thumb/v6-m/nofp/crt0.o (memset)
/usr/lib/gcc/arm-none-eabi/14.1.0/../../../../arm-none-eabi/lib/thumb/v6-m/nofp/libc_nano.a(libc_a-closer.o)
                              /usr/lib/gcc/arm-none-eabi/14.1.0/../../../../arm-none-eabi/lib/thumb/v6-m/nofp/libc_nano.a(libc_a-stdio.o) (_close_r)
/usr/lib/gcc/arm-none-eabi/14.1.0/../../../../arm-none-eabi/lib/thumb/v6-m/nofp/libc_nano.a(libc_a-reent.o)
                              /usr/lib/gcc/arm-none-eabi/14.1.0/../../../../arm-none-eabi/lib/thumb/v6-m/nofp/libc_nano.a(libc_a-closer.o) (errno)
/usr/lib/gcc/arm-none-eabi/14.1.0/../../../../arm-none-eabi/lib/thumb/v6-m/nofp/libc_nano.a(libc_a-impure.o)
                              /usr/lib/gcc/arm-none-eabi/14.1.0/../../../../arm-none-eabi/lib/thumb/v6-m/nofp/libc_nano.a(libc_a-printf.o) (_impure_ptr)
/usr/lib/gcc/arm-none-eabi/14.1.0/../../../../arm-none-eabi/lib/thumb/v6-m/nofp/libc_nano.a(libc_a-lseekr.o)
                              /usr/lib/gcc/arm-none-eabi/14.1.0/../../../../arm-none-eabi/lib/thumb/v6-m/nofp/libc_nano.a(libc_a-stdio.o) (_lseek_r)
/usr/lib/gcc/arm-none-eabi/14.1.0/../../../../arm-none-eabi/lib/thumb/v6-m/nofp/libc_nano.a(libc_a-readr.o)
                              /usr/lib/gcc/arm-none-eabi/14.1.0/../../../../arm-none-eabi/lib/thumb/v6-m/nofp/libc_nano.a(libc_a-stdio.o) (_read_r)
/usr/lib/gcc/arm-none-eabi/14.1.0/../../../../arm-none-eabi/lib/thumb/v6-m/nofp/libc_nano.a(libc_a-writer.o)
                              /usr/lib/gcc/arm-none-eabi/14.1.0/../../../../arm-none-eabi/lib/thumb/v6-m/nofp/libc_nano.a(libc_a-stdio.o) (_write_r)
/usr/lib/gcc/arm-none-eabi/14.1.0/../../../../arm-none-eabi/lib/thumb/v6-m/nofp/libc_nano.a(libc_a-init.o)
                              /usr/lib/gcc/arm-none-eabi/14.1.0/../../../../arm-none-eabi/lib/thumb/v6-m/nofp/crt0.o (__libc_init_array)
/usr/lib/gcc/arm-none-eabi/14.1.0/../../../../arm-none-eabi/lib/thumb/v6-m/nofp/libc_nano.a(libc_a-fini.o)
                              /usr/lib/gcc/arm-none-eabi/14.1.0/../../../../arm-none-eabi/lib/thumb/v6-m/nofp/crt0.o (__libc_fini_array)
/usr/lib/gcc/arm-none-eabi/14.1.0/../../../../arm-none-eabi/lib/thumb/v6-m/nofp/libc_nano.a(libc_a-lock.o)
                              /usr/lib/gcc/arm-none-eabi/14.1.0/../../../../arm-none-eabi/lib/thumb/v6-m/nofp/libc_nano.a(libc_a-findfp.o) (__retarget_lock_init_recursive)
/usr/lib/gcc/arm-none-eabi/14.1.0/../../../../arm-none-eabi/lib/thumb/v6-m/nofp/libc_nano.a(libc_a-memcpy-stub.o)
                              build/ws2811.o (memcpy)
/usr/lib/gcc/arm-none-eabi/14.1.0/../../../../arm-none-eabi/lib/thumb/v6-m/nofp/libc_nano.a(libc_a-__atexit.o)
                              /usr/lib/gcc/arm-none-eabi/14.1.0/../../../../arm-none-eabi/lib/thumb/v6-m/nofp/libc_nano.a(libc_a-atexit.o) (__register_exitproc)
/usr/lib/gcc/arm-none-eabi/14.1.0/../../../../arm-none-eabi/lib/thumb/v6-m/nofp/libc_nano.a(libc_a-__call_atexit.o)
                              /usr/lib/gcc/arm-none-eabi/14.1.0/../../../../arm-none-eabi/lib/thumb/v6-m/nofp/libc_nano.a(libc_a-__atexit.o) (__call_exitprocs)
[...]
Memory Configuration

Name             Origin             Length             Attributes
RAM              0x20000000         0x00001800         xrw
FLASH            0x08000000         0x00008000         xr
*default*        0x00000000         0xffffffff

Linker script and memory map

LOAD /usr/lib/gcc/arm-none-eabi/14.1.0/thumb/v6-m/nofp/crti.o
LOAD /usr/lib/gcc/arm-none-eabi/14.1.0/thumb/v6-m/nofp/crtbegin.o
LOAD /usr/lib/gcc/arm-none-eabi/14.1.0/../../../../arm-none-eabi/lib/thumb/v6-m/nofp/crt0.o
LOAD build/main.o
LOAD build/ws2811.o
LOAD build/stm32f0xx_it.o
LOAD build/stm32f0xx_hal_msp.o
LOAD build/usb_device.o
LOAD build/usbd_desc.o
LOAD build/usbd_conf.o
LOAD build/stm32f0xx_ll_usb.o
LOAD build/stm32f0xx_hal_pcd.o
LOAD build/stm32f0xx_hal_pcd_ex.o
LOAD build/stm32f0xx_hal_rcc.o
LOAD build/stm32f0xx_hal_rcc_ex.o
LOAD build/stm32f0xx_hal.o
LOAD build/stm32f0xx_hal_i2c.o
LOAD build/stm32f0xx_hal_i2c_ex.o
LOAD build/stm32f0xx_hal_gpio.o
LOAD build/stm32f0xx_hal_dma.o
LOAD build/stm32f0xx_hal_cortex.o
LOAD build/stm32f0xx_hal_pwr.o
LOAD build/stm32f0xx_hal_pwr_ex.o
LOAD build/stm32f0xx_hal_flash.o
LOAD build/stm32f0xx_hal_flash_ex.o
LOAD build/stm32f0xx_hal_exti.o
LOAD build/stm32f0xx_hal_spi.o
LOAD build/stm32f0xx_hal_spi_ex.o
LOAD build/stm32f0xx_hal_tim.o
LOAD build/stm32f0xx_hal_tim_ex.o
LOAD build/system_stm32f0xx.o
LOAD build/usbd_core.o
LOAD build/usbd_ctlreq.o
LOAD build/usbd_ioreq.o
LOAD build/usbd_cdc_if.o
LOAD build/usbd_cdc.o
LOAD build/startup_stm32f042x6.o
LOAD /usr/lib/gcc/arm-none-eabi/14.1.0/../../../../arm-none-eabi/lib/thumb/v6-m/nofp/libc_nano.a
LOAD /usr/lib/gcc/arm-none-eabi/14.1.0/../../../../arm-none-eabi/lib/thumb/v6-m/nofp/libm.a
LOAD /usr/lib/gcc/arm-none-eabi/14.1.0/../../../../arm-none-eabi/lib/thumb/v6-m/nofp/libnosys.a
START GROUP
LOAD /usr/lib/gcc/arm-none-eabi/14.1.0/thumb/v6-m/nofp/libgcc.a
LOAD /usr/lib/gcc/arm-none-eabi/14.1.0/../../../../arm-none-eabi/lib/thumb/v6-m/nofp/libc_nano.a
END GROUP
START GROUP
LOAD /usr/lib/gcc/arm-none-eabi/14.1.0/thumb/v6-m/nofp/libgcc.a
LOAD /usr/lib/gcc/arm-none-eabi/14.1.0/../../../../arm-none-eabi/lib/thumb/v6-m/nofp/libc_nano.a
END GROUP
LOAD /usr/lib/gcc/arm-none-eabi/14.1.0/thumb/v6-m/nofp/crtend.o
LOAD /usr/lib/gcc/arm-none-eabi/14.1.0/thumb/v6-m/nofp/crtn.o
                0x20001800                        _estack = (ORIGIN (RAM) + LENGTH (RAM))
                0x00000400                        _Min_Heap_Size = 0x400
                0x00000100                        _Min_Stack_Size = 0x100

.isr_vector     0x08000000       0xc0
                0x08000000                        . = ALIGN (0x4)
 *(.isr_vector)
 .isr_vector    0x08000000       0xc0 build/startup_stm32f042x6.o
                0x08000000                g_pfnVectors
                0x080000c0                        . = ALIGN (0x4)

.text           0x080000c0     0x5e90
                0x080000c0                        . = ALIGN (0x4)
 *(.text)
 .text          0x080000c0       0x14 /usr/lib/gcc/arm-none-eabi/14.1.0/thumb/v6-m/nofp/libgcc.a(_thumb1_case_shi.o)
                0x080000c0                __gnu_thumb1_case_shi
 .text          0x080000d4       0x8c /usr/lib/gcc/arm-none-eabi/14.1.0/thumb/v6-m/nofp/libgcc.a(_udivsi3.o)
                0x080000d4                __udivsi3
                0x080000d4                __aeabi_uidiv
                0x0800014c                __aeabi_uidivmod
 .text          0x08000160        0x4 /usr/lib/gcc/arm-none-eabi/14.1.0/thumb/v6-m/nofp/libgcc.a(_dvmd_tls.o)
                0x08000160                __aeabi_ldiv0
                0x08000160                __aeabi_idiv0
 *(.text*)
 .text.__do_global_dtors_aux
                0x08000164       0x28 /usr/lib/gcc/arm-none-eabi/14.1.0/thumb/v6-m/nofp/crtbegin.o
 .text.frame_dummy
                0x0800018c       0x20 /usr/lib/gcc/arm-none-eabi/14.1.0/thumb/v6-m/nofp/crtbegin.o
 .text.MX_GPIO_Init
                0x080001ac       0x64 build/main.o
 .text.usb_callback
                0x08000210       0x20 build/main.o
                0x08000210                usb_callback
 .text.Error_Handler
                0x08000230        0x4 build/main.o
                0x08000230                Error_Handler
 .text.MX_SPI1_Init
                0x08000234       0x50 build/main.o
 .text.MX_TIM2_Init
                0x08000284       0x78 build/main.o
 .text.SystemClock_Config
                0x080002fc       0xd0 build/main.o
                0x080002fc                SystemClock_Config
 .text.main     0x080003cc       0x94 build/main.o
                0x080003cc                main
 .text.ws2811_tx
                0x08000460       0x44 build/ws2811.o
                0x08000460                ws2811_tx
 .text.ws2811_trigger
                0x080004a4      0x100 build/ws2811.o
                0x080004a4                ws2811_trigger
 .text.NMI_Handler
                0x080005a4        0x2 build/stm32f0xx_it.o
                0x080005a4                NMI_Handler
 .text.HardFault_Handler
                0x080005a6        0x2 build/stm32f0xx_it.o
                0x080005a6                HardFault_Handler
 .text.SVC_Handler
                0x080005a8        0x2 build/stm32f0xx_it.o
                0x080005a8                SVC_Handler
 .text.PendSV_Handler
                0x080005aa        0x2 build/stm32f0xx_it.o
                0x080005aa                PendSV_Handler
 .text.SysTick_Handler
                0x080005ac        0x8 build/stm32f0xx_it.o
                0x080005ac                SysTick_Handler
 .text.TIM2_IRQHandler
                0x080005b4       0x10 build/stm32f0xx_it.o
                0x080005b4                TIM2_IRQHandler
 .text.SPI1_IRQHandler
                0x080005c4       0x10 build/stm32f0xx_it.o
                0x080005c4                SPI1_IRQHandler
 .text.USB_IRQHandler
                0x080005d4       0x10 build/stm32f0xx_it.o
                0x080005d4                USB_IRQHandler
 .text.HAL_TIM_PeriodElapsedCallback
                0x080005e4        0x8 build/stm32f0xx_it.o
                0x080005e4                HAL_TIM_PeriodElapsedCallback
 .text.HAL_MspInit
                0x080005ec       0x30 build/stm32f0xx_hal_msp.o
                0x080005ec                HAL_MspInit
 .text.HAL_SPI_MspInit
                0x0800061c       0x74 build/stm32f0xx_hal_msp.o
                0x0800061c                HAL_SPI_MspInit
 .text.HAL_TIM_Base_MspInit
                0x08000690       0x3c build/stm32f0xx_hal_msp.o
                0x08000690                HAL_TIM_Base_MspInit
 .text.MX_USB_DEVICE_Init
                0x080006cc       0xac build/usb_device.o
                0x080006cc                MX_USB_DEVICE_Init
 .text.USBD_FS_DeviceDescriptor
                0x08000778        0xc build/usbd_desc.o
                0x08000778                USBD_FS_DeviceDescriptor
 .text.USBD_FS_LangIDStrDescriptor
                0x08000784        0xc build/usbd_desc.o
                0x08000784                USBD_FS_LangIDStrDescriptor
 .text.IntToUnicode
                0x08000790       0x30 build/usbd_desc.o
 .text.Get_SerialNum
                0x080007c0       0x40 build/usbd_desc.o
 .text.USBD_FS_SerialStrDescriptor
                0x08000800       0x14 build/usbd_desc.o
                0x08000800                USBD_FS_SerialStrDescriptor
 .text.USBD_FS_ProductStrDescriptor
                0x08000814       0x28 build/usbd_desc.o
                0x08000814                USBD_FS_ProductStrDescriptor
 .text.USBD_FS_ManufacturerStrDescriptor
                0x0800083c       0x1c build/usbd_desc.o
                0x0800083c                USBD_FS_ManufacturerStrDescriptor
 .text.USBD_FS_ConfigStrDescriptor
                0x08000858       0x28 build/usbd_desc.o
                0x08000858                USBD_FS_ConfigStrDescriptor
 .text.USBD_FS_InterfaceStrDescriptor
                0x08000880       0x28 build/usbd_desc.o
                0x08000880                USBD_FS_InterfaceStrDescriptor
 .text.USBD_Get_USB_Status
                0x080008a8       0x16 build/usbd_conf.o
 .text.SystemClockConfig_Resume
                0x080008be        0x8 build/usbd_conf.o
 *fill*         0x080008c6        0x2 
 .text.HAL_PCD_MspInit
                0x080008c8       0x40 build/usbd_conf.o
                0x080008c8                HAL_PCD_MspInit
 .text.HAL_PCD_SetupStageCallback
                0x08000908       0x16 build/usbd_conf.o
                0x08000908                HAL_PCD_SetupStageCallback
 .text.HAL_PCD_DataOutStageCallback
                0x0800091e       0x1e build/usbd_conf.o
                0x0800091e                HAL_PCD_DataOutStageCallback
 .text.HAL_PCD_DataInStageCallback
                0x0800093c       0x1a build/usbd_conf.o
                0x0800093c                HAL_PCD_DataInStageCallback
 .text.HAL_PCD_SOFCallback
                0x08000956        0xe build/usbd_conf.o
                0x08000956                HAL_PCD_SOFCallback
 .text.HAL_PCD_ResetCallback
                0x08000964       0x24 build/usbd_conf.o
                0x08000964                HAL_PCD_ResetCallback
 .text.HAL_PCD_SuspendCallback
                0x08000988       0x24 build/usbd_conf.o
                0x08000988                HAL_PCD_SuspendCallback
 .text.HAL_PCD_ResumeCallback
                0x080009ac       0x2c build/usbd_conf.o
                0x080009ac                HAL_PCD_ResumeCallback
 .text.USBD_LL_Init
                0x080009d8       0x84 build/usbd_conf.o
                0x080009d8                USBD_LL_Init
 .text.USBD_LL_Start
                0x08000a5c       0x12 build/usbd_conf.o
                0x08000a5c                USBD_LL_Start
 .text.USBD_LL_OpenEP
                0x08000a6e       0x18 build/usbd_conf.o
                0x08000a6e                USBD_LL_OpenEP
 .text.USBD_LL_CloseEP
                0x08000a86       0x12 build/usbd_conf.o
                0x08000a86                USBD_LL_CloseEP
 .text.USBD_LL_StallEP
                0x08000a98       0x12 build/usbd_conf.o
                0x08000a98                USBD_LL_StallEP
 .text.USBD_LL_ClearStallEP
                0x08000aaa       0x12 build/usbd_conf.o
                0x08000aaa                USBD_LL_ClearStallEP
 .text.USBD_LL_IsStallEP
                0x08000abc       0x30 build/usbd_conf.o
                0x08000abc                USBD_LL_IsStallEP
 .text.USBD_LL_SetUSBAddress
                0x08000aec       0x12 build/usbd_conf.o
                0x08000aec                USBD_LL_SetUSBAddress
 .text.USBD_LL_Transmit
                0x08000afe       0x12 build/usbd_conf.o
                0x08000afe                USBD_LL_Transmit
 .text.USBD_LL_PrepareReceive
                0x08000b10       0x12 build/usbd_conf.o
                0x08000b10                USBD_LL_PrepareReceive
 .text.USBD_LL_GetRxDataSize
                0x08000b22        0xe build/usbd_conf.o
                0x08000b22                USBD_LL_GetRxDataSize
 .text.USBD_static_malloc
                0x08000b30        0x8 build/usbd_conf.o
                0x08000b30                USBD_static_malloc
 .text.USBD_static_free
                0x08000b38        0x2 build/usbd_conf.o
                0x08000b38                USBD_static_free
 *fill*         0x08000b3a        0x2 
 .text.USB_EnableGlobalInt
                0x08000b3c       0x14 build/stm32f0xx_ll_usb.o
                0x08000b3c                USB_EnableGlobalInt
 .text.USB_DisableGlobalInt
                0x08000b50       0x14 build/stm32f0xx_ll_usb.o
                0x08000b50                USB_DisableGlobalInt
 .text.USB_DevInit
                0x08000b64       0x1e build/stm32f0xx_ll_usb.o
                0x08000b64                USB_DevInit
 *fill*         0x08000b82        0x2 
 .text.USB_ActivateEndpoint
                0x08000b84      0x324 build/stm32f0xx_ll_usb.o
                0x08000b84                USB_ActivateEndpoint
 .text.USB_DeactivateEndpoint
                0x08000ea8      0x170 build/stm32f0xx_ll_usb.o
                0x08000ea8                USB_DeactivateEndpoint
 .text.USB_EPSetStall
                0x08001018       0x4c build/stm32f0xx_ll_usb.o
                0x08001018                USB_EPSetStall
 .text.USB_EPClearStall
                0x08001064       0x9c build/stm32f0xx_ll_usb.o
                0x08001064                USB_EPClearStall
 .text.USB_SetDevAddress
                0x08001100        0xe build/stm32f0xx_ll_usb.o
                0x08001100                USB_SetDevAddress
 *fill*         0x0800110e        0x2 
 .text.USB_DevConnect
                0x08001110       0x14 build/stm32f0xx_ll_usb.o
                0x08001110                USB_DevConnect
 .text.USB_ReadInterrupts
                0x08001124        0x8 build/stm32f0xx_ll_usb.o
                0x08001124                USB_ReadInterrupts
 .text.USB_WritePMA
                0x0800112c       0x28 build/stm32f0xx_ll_usb.o
                0x0800112c                USB_WritePMA
 .text.USB_EPStartXfer
                0x08001154      0x734 build/stm32f0xx_ll_usb.o
                0x08001154                USB_EPStartXfer
 .text.USB_ReadPMA
                0x08001888       0x2c build/stm32f0xx_ll_usb.o
                0x08001888                USB_ReadPMA
 .text.HAL_PCD_EP_DB_Receive
                0x080018b4      0x110 build/stm32f0xx_hal_pcd.o
 .text.HAL_PCD_Init
                0x080019c4       0xc0 build/stm32f0xx_hal_pcd.o
                0x080019c4                HAL_PCD_Init
 .text.HAL_PCD_Start
                0x08001a84       0x2e build/stm32f0xx_hal_pcd.o
                0x08001a84                HAL_PCD_Start
 *fill*         0x08001ab2        0x2 
 .text.HAL_PCD_EP_DB_Transmit
                0x08001ab4      0x3d8 build/stm32f0xx_hal_pcd.o
 .text.PCD_EP_ISR_Handler
                0x08001e8c      0x560 build/stm32f0xx_hal_pcd.o
 .text.HAL_PCD_SetAddress
                0x080023ec       0x2a build/stm32f0xx_hal_pcd.o
                0x080023ec                HAL_PCD_SetAddress
 *fill*         0x08002416        0x2 
 .text.HAL_PCD_IRQHandler
                0x08002418      0x180 build/stm32f0xx_hal_pcd.o
                0x08002418                HAL_PCD_IRQHandler
 .text.HAL_PCD_EP_Open
                0x08002598       0x7c build/stm32f0xx_hal_pcd.o
                0x08002598                HAL_PCD_EP_Open
 .text.HAL_PCD_EP_Close
                0x08002614       0x6e build/stm32f0xx_hal_pcd.o
                0x08002614                HAL_PCD_EP_Close
 .text.HAL_PCD_EP_Receive
                0x08002682       0x4a build/stm32f0xx_hal_pcd.o
                0x08002682                HAL_PCD_EP_Receive
 .text.HAL_PCD_EP_GetRxCount
                0x080026cc       0x14 build/stm32f0xx_hal_pcd.o
                0x080026cc                HAL_PCD_EP_GetRxCount
 .text.HAL_PCD_EP_Transmit
                0x080026e0       0x66 build/stm32f0xx_hal_pcd.o
                0x080026e0                HAL_PCD_EP_Transmit
 .text.HAL_PCD_EP_SetStall
                0x08002746       0x74 build/stm32f0xx_hal_pcd.o
                0x08002746                HAL_PCD_EP_SetStall
 .text.HAL_PCD_EP_ClrStall
                0x080027ba       0x80 build/stm32f0xx_hal_pcd.o
                0x080027ba                HAL_PCD_EP_ClrStall
 .text.HAL_PCDEx_PMAConfig
                0x0800283a       0x3a build/stm32f0xx_hal_pcd_ex.o
                0x0800283a                HAL_PCDEx_PMAConfig
 .text.HAL_PCDEx_ActivateLPM
                0x08002874       0x2a build/stm32f0xx_hal_pcd_ex.o
                0x08002874                HAL_PCDEx_ActivateLPM
 .text.HAL_PCDEx_LPM_Callback
                0x0800289e        0x2 build/stm32f0xx_hal_pcd_ex.o
                0x0800289e                HAL_PCDEx_LPM_Callback
 .text.HAL_RCC_OscConfig
                0x080028a0      0x544 build/stm32f0xx_hal_rcc.o
                0x080028a0                HAL_RCC_OscConfig
 .text.HAL_RCC_GetSysClockFreq
                0x08002de4       0x78 build/stm32f0xx_hal_rcc.o
                0x08002de4                HAL_RCC_GetSysClockFreq
 .text.HAL_RCC_ClockConfig
                0x08002e5c      0x144 build/stm32f0xx_hal_rcc.o
                0x08002e5c                HAL_RCC_ClockConfig
 .text.HAL_RCCEx_PeriphCLKConfig
                0x08002fa0      0x148 build/stm32f0xx_hal_rcc_ex.o
                0x08002fa0                HAL_RCCEx_PeriphCLKConfig
 .text.HAL_RCCEx_CRSConfig
                0x080030e8       0x54 build/stm32f0xx_hal_rcc_ex.o
                0x080030e8                HAL_RCCEx_CRSConfig
 .text.HAL_InitTick
                0x0800313c       0x50 build/stm32f0xx_hal.o
                0x0800313c                HAL_InitTick
 .text.HAL_Init
                0x0800318c       0x20 build/stm32f0xx_hal.o
                0x0800318c                HAL_Init
 .text.HAL_IncTick
                0x080031ac       0x18 build/stm32f0xx_hal.o
                0x080031ac                HAL_IncTick
 .text.HAL_GetTick
                0x080031c4        0xc build/stm32f0xx_hal.o
                0x080031c4                HAL_GetTick
 .text.HAL_Delay
                0x080031d0       0x24 build/stm32f0xx_hal.o
                0x080031d0                HAL_Delay
 .text.HAL_GPIO_Init
                0x080031f4      0x17c build/stm32f0xx_hal_gpio.o
                0x080031f4                HAL_GPIO_Init
 .text.HAL_GPIO_DeInit
                0x08003370       0xe4 build/stm32f0xx_hal_gpio.o
                0x08003370                HAL_GPIO_DeInit
 .text.HAL_GPIO_WritePin
                0x08003454        0xc build/stm32f0xx_hal_gpio.o
                0x08003454                HAL_GPIO_WritePin
 .text.HAL_DMA_Abort_IT
                0x08003460       0x4a build/stm32f0xx_hal_dma.o
                0x08003460                HAL_DMA_Abort_IT
 *fill*         0x080034aa        0x2 
 .text.__NVIC_SetPriority
                0x080034ac       0x60 build/stm32f0xx_hal_cortex.o
 .text.SysTick_Config
                0x0800350c       0x38 build/stm32f0xx_hal_cortex.o
 .text.HAL_NVIC_SetPriority
                0x08003544        0x8 build/stm32f0xx_hal_cortex.o
                0x08003544                HAL_NVIC_SetPriority
 .text.HAL_NVIC_EnableIRQ
                0x0800354c       0x18 build/stm32f0xx_hal_cortex.o
                0x0800354c                HAL_NVIC_EnableIRQ
 .text.HAL_SYSTICK_Config
                0x08003564        0x8 build/stm32f0xx_hal_cortex.o
                0x08003564                HAL_SYSTICK_Config
 .text.SPI_WaitFlagStateUntilTimeout
                0x0800356c       0xe0 build/stm32f0xx_hal_spi.o
 .text.SPI_WaitFifoStateUntilTimeout
                0x0800364c      0x10c build/stm32f0xx_hal_spi.o
 .text.SPI_EndRxTxTransaction
                0x08003758       0x68 build/stm32f0xx_hal_spi.o
 .text.HAL_SPI_Init
                0x080037c0      0x104 build/stm32f0xx_hal_spi.o
                0x080037c0                HAL_SPI_Init
 .text.HAL_SPI_Transmit_IT
                0x080038c4       0xb0 build/stm32f0xx_hal_spi.o
                0x080038c4                HAL_SPI_Transmit_IT
 .text.HAL_SPI_TxCpltCallback
                0x08003974        0x2 build/stm32f0xx_hal_spi.o
                0x08003974                HAL_SPI_TxCpltCallback
 .text.HAL_SPI_ErrorCallback
                0x08003976        0x2 build/stm32f0xx_hal_spi.o
                0x08003976                HAL_SPI_ErrorCallback
 .text.SPI_CloseTx_ISR
                0x08003978       0x5c build/stm32f0xx_hal_spi.o
 .text.SPI_TxISR_8BIT
                0x080039d4       0x26 build/stm32f0xx_hal_spi.o
 .text.SPI_TxISR_16BIT
                0x080039fa       0x26 build/stm32f0xx_hal_spi.o
 .text.HAL_SPI_IRQHandler
                0x08003a20      0x124 build/stm32f0xx_hal_spi.o
                0x08003a20                HAL_SPI_IRQHandler
 .text.SPI_DMAAbortOnError
                0x08003b44       0x12 build/stm32f0xx_hal_spi.o
 .text.TIM_TI1_ConfigInputStage
                0x08003b56       0x22 build/stm32f0xx_hal_tim.o
 .text.TIM_TI2_ConfigInputStage
                0x08003b78       0x28 build/stm32f0xx_hal_tim.o
 .text.TIM_ITRx_SetConfig
                0x08003ba0       0x10 build/stm32f0xx_hal_tim.o
 .text.HAL_TIM_Base_Start_IT
                0x08003bb0       0x60 build/stm32f0xx_hal_tim.o
                0x08003bb0                HAL_TIM_Base_Start_IT
 .text.HAL_TIM_OC_DelayElapsedCallback
                0x08003c10        0x2 build/stm32f0xx_hal_tim.o
                0x08003c10                HAL_TIM_OC_DelayElapsedCallback
 .text.HAL_TIM_IC_CaptureCallback
                0x08003c12        0x2 build/stm32f0xx_hal_tim.o
                0x08003c12                HAL_TIM_IC_CaptureCallback
 .text.HAL_TIM_PWM_PulseFinishedCallback
                0x08003c14        0x2 build/stm32f0xx_hal_tim.o
                0x08003c14                HAL_TIM_PWM_PulseFinishedCallback
 .text.HAL_TIM_TriggerCallback
                0x08003c16        0x2 build/stm32f0xx_hal_tim.o
                0x08003c16                HAL_TIM_TriggerCallback
 .text.HAL_TIM_IRQHandler
                0x08003c18      0x13e build/stm32f0xx_hal_tim.o
                0x08003c18                HAL_TIM_IRQHandler
 *fill*         0x08003d56        0x2 
 .text.TIM_Base_SetConfig
                0x08003d58       0xa0 build/stm32f0xx_hal_tim.o
                0x08003d58                TIM_Base_SetConfig
 .text.HAL_TIM_Base_Init
                0x08003df8       0x58 build/stm32f0xx_hal_tim.o
                0x08003df8                HAL_TIM_Base_Init
 .text.TIM_ETR_SetConfig
                0x08003e50       0x18 build/stm32f0xx_hal_tim.o
                0x08003e50                TIM_ETR_SetConfig
 .text.HAL_TIM_ConfigClockSource
                0x08003e68      0x108 build/stm32f0xx_hal_tim.o
                0x08003e68                HAL_TIM_ConfigClockSource
 .text.HAL_TIMEx_MasterConfigSynchronization
                0x08003f70       0x64 build/stm32f0xx_hal_tim_ex.o
                0x08003f70                HAL_TIMEx_MasterConfigSynchronization
 .text.HAL_TIMEx_CommutCallback
                0x08003fd4        0x2 build/stm32f0xx_hal_tim_ex.o
                0x08003fd4                HAL_TIMEx_CommutCallback
 .text.HAL_TIMEx_BreakCallback
                0x08003fd6        0x2 build/stm32f0xx_hal_tim_ex.o
                0x08003fd6                HAL_TIMEx_BreakCallback
 .text.SystemInit
                0x08003fd8        0x2 build/system_stm32f0xx.o
                0x08003fd8                SystemInit
 *fill*         0x08003fda        0x2 
 .text.USBD_Init
                0x08003fdc       0x54 build/usbd_core.o
                0x08003fdc                USBD_Init
 .text.USBD_RegisterClass
                0x08004030       0x30 build/usbd_core.o
                0x08004030                USBD_RegisterClass
 .text.USBD_Start
                0x08004060        0xa build/usbd_core.o
                0x08004060                USBD_Start
 .text.USBD_SetClassConfig
                0x0800406a       0x1e build/usbd_core.o
                0x0800406a                USBD_SetClassConfig
 .text.USBD_ClrClassConfig
                0x08004088       0x10 build/usbd_core.o
                0x08004088                USBD_ClrClassConfig
 .text.USBD_LL_SetupStage
                0x08004098       0x64 build/usbd_core.o
                0x08004098                USBD_LL_SetupStage
 .text.USBD_LL_DataOutStage
                0x080040fc       0xa4 build/usbd_core.o
                0x080040fc                USBD_LL_DataOutStage
 .text.USBD_LL_DataInStage
                0x080041a0       0xea build/usbd_core.o
                0x080041a0                USBD_LL_DataInStage
 .text.USBD_LL_Reset
                0x0800428a       0x5e build/usbd_core.o
                0x0800428a                USBD_LL_Reset
 .text.USBD_LL_SetSpeed
                0x080042e8        0x6 build/usbd_core.o
                0x080042e8                USBD_LL_SetSpeed
 *fill*         0x080042ee        0x2 
 .text.USBD_LL_Suspend
                0x080042f0       0x18 build/usbd_core.o
                0x080042f0                USBD_LL_Suspend
 .text.USBD_LL_Resume
                0x08004308       0x1c build/usbd_core.o
                0x08004308                USBD_LL_Resume
 .text.USBD_LL_SOF
                0x08004324       0x20 build/usbd_core.o
                0x08004324                USBD_LL_SOF
 .text.USBD_GetLen
                0x08004344       0x14 build/usbd_ctlreq.o
 .text.USBD_SetFeature
                0x08004358       0x18 build/usbd_ctlreq.o
 .text.USBD_ParseSetupRequest
                0x08004370       0x28 build/usbd_ctlreq.o
                0x08004370                USBD_ParseSetupRequest
 .text.USBD_CtlError
                0x08004398       0x14 build/usbd_ctlreq.o
                0x08004398                USBD_CtlError
 .text.USBD_GetDescriptor
                0x080043ac      0x1b8 build/usbd_ctlreq.o
 .text.USBD_SetAddress
                0x08004564       0x60 build/usbd_ctlreq.o
 .text.USBD_SetConfig
                0x080045c4       0xb8 build/usbd_ctlreq.o
 .text.USBD_GetConfig
                0x0800467c       0x40 build/usbd_ctlreq.o
 .text.USBD_GetStatus
                0x080046bc       0x3e build/usbd_ctlreq.o
 .text.USBD_ClrFeature
                0x080046fa       0x2a build/usbd_ctlreq.o
 .text.USBD_StdDevReq
                0x08004724       0x6c build/usbd_ctlreq.o
                0x08004724                USBD_StdDevReq
 .text.USBD_StdItfReq
                0x08004790       0x66 build/usbd_ctlreq.o
                0x08004790                USBD_StdItfReq
 .text.USBD_StdEPReq
                0x080047f6      0x210 build/usbd_ctlreq.o
                0x080047f6                USBD_StdEPReq
 .text.USBD_GetString
                0x08004a06       0x3c build/usbd_ctlreq.o
                0x08004a06                USBD_GetString
 .text.USBD_CtlSendData
                0x08004a42       0x1c build/usbd_ioreq.o
                0x08004a42                USBD_CtlSendData
 .text.USBD_CtlContinueSendData
                0x08004a5e       0x10 build/usbd_ioreq.o
                0x08004a5e                USBD_CtlContinueSendData
 .text.USBD_CtlPrepareRx
                0x08004a6e       0x22 build/usbd_ioreq.o
                0x08004a6e                USBD_CtlPrepareRx
 .text.USBD_CtlContinueRx
                0x08004a90       0x10 build/usbd_ioreq.o
                0x08004a90                USBD_CtlContinueRx
 .text.USBD_CtlSendStatus
                0x08004aa0       0x18 build/usbd_ioreq.o
                0x08004aa0                USBD_CtlSendStatus
 .text.USBD_CtlReceiveStatus
                0x08004ab8       0x18 build/usbd_ioreq.o
                0x08004ab8                USBD_CtlReceiveStatus
 .text.CDC_DeInit_FS
                0x08004ad0        0x4 build/usbd_cdc_if.o
 .text.CDC_Control_FS
                0x08004ad4        0x4 build/usbd_cdc_if.o
 .text.CDC_Receive_FS
                0x08004ad8       0x28 build/usbd_cdc_if.o
 .text.CDC_Init_FS
                0x08004b00       0x28 build/usbd_cdc_if.o
 .text.CDC_Transmit_FS
                0x08004b28       0x30 build/usbd_cdc_if.o
                0x08004b28                CDC_Transmit_FS
 .text.USBD_CDC_EP0_RxReady
                0x08004b58       0x34 build/usbd_cdc.o
 .text.USBD_CDC_GetFSCfgDesc
                0x08004b8c        0xc build/usbd_cdc.o
 .text.USBD_CDC_GetHSCfgDesc
                0x08004b98        0xc build/usbd_cdc.o
 .text.USBD_CDC_GetOtherSpeedCfgDesc
                0x08004ba4        0xc build/usbd_cdc.o
 .text.USBD_CDC_GetDeviceQualifierDescriptor
                0x08004bb0        0xc build/usbd_cdc.o
                0x08004bb0                USBD_CDC_GetDeviceQualifierDescriptor
 .text.USBD_CDC_DataOut
                0x08004bbc       0x36 build/usbd_cdc.o
 .text.USBD_CDC_DataIn
                0x08004bf2       0x5c build/usbd_cdc.o
 *fill*         0x08004c4e        0x2 
 .text.USBD_CDC_Setup
                0x08004c50       0xf0 build/usbd_cdc.o
 .text.USBD_CDC_DeInit
                0x08004d40       0x4c build/usbd_cdc.o
 .text.USBD_CDC_Init
                0x08004d8c       0xbc build/usbd_cdc.o
 .text.USBD_CDC_RegisterInterface
                0x08004e48       0x12 build/usbd_cdc.o
                0x08004e48                USBD_CDC_RegisterInterface
 .text.USBD_CDC_SetTxBuffer
                0x08004e5a       0x16 build/usbd_cdc.o
                0x08004e5a                USBD_CDC_SetTxBuffer
 .text.USBD_CDC_SetRxBuffer
                0x08004e70        0xe build/usbd_cdc.o
                0x08004e70                USBD_CDC_SetRxBuffer
 .text.USBD_CDC_TransmitPacket
                0x08004e7e       0x3e build/usbd_cdc.o
                0x08004e7e                USBD_CDC_TransmitPacket
 .text.USBD_CDC_ReceivePacket
                0x08004ebc       0x3c build/usbd_cdc.o
                0x08004ebc                USBD_CDC_ReceivePacket
 .text.Reset_Handler
                0x08004ef8       0x80 build/startup_stm32f042x6.o
                0x08004ef8                Reset_Handler
 .text.Default_Handler
                0x08004f78        0x2 build/startup_stm32f042x6.o
                0x08004f78                TIM1_CC_IRQHandler
                0x08004f78                TSC_IRQHandler
                0x08004f78                I2C1_IRQHandler
                0x08004f78                RCC_CRS_IRQHandler
                0x08004f78                EXTI2_3_IRQHandler
                0x08004f78                ADC1_IRQHandler
                0x08004f78                TIM17_IRQHandler
                0x08004f78                CEC_CAN_IRQHandler
                0x08004f78                RTC_IRQHandler
                0x08004f78                PVD_VDDIO2_IRQHandler
                0x08004f78                TIM16_IRQHandler
                0x08004f78                TIM3_IRQHandler
                0x08004f78                EXTI4_15_IRQHandler
                0x08004f78                DMA1_Channel1_IRQHandler
                0x08004f78                Default_Handler
                0x08004f78                TIM14_IRQHandler
                0x08004f78                DMA1_Channel4_5_IRQHandler
                0x08004f78                EXTI0_1_IRQHandler
                0x08004f78                SPI2_IRQHandler
                0x08004f78                WWDG_IRQHandler
                0x08004f78                DMA1_Channel2_3_IRQHandler
                0x08004f78                USART2_IRQHandler
                0x08004f78                FLASH_IRQHandler
                0x08004f78                USART1_IRQHandler
                0x08004f78                TIM1_BRK_UP_TRG_COM_IRQHandler
 *fill*         0x08004f7a        0x2 
 .text.std      0x08004f7c       0x6c /usr/lib/gcc/arm-none-eabi/14.1.0/../../../../arm-none-eabi/lib/thumb/v6-m/nofp/libc_nano.a(libc_a-findfp.o)
 .text.stdio_exit_handler
                0x08004fe8       0x1c /usr/lib/gcc/arm-none-eabi/14.1.0/../../../../arm-none-eabi/lib/thumb/v6-m/nofp/libc_nano.a(libc_a-findfp.o)
 .text.cleanup_stdio
                0x08005004       0x3c /usr/lib/gcc/arm-none-eabi/14.1.0/../../../../arm-none-eabi/lib/thumb/v6-m/nofp/libc_nano.a(libc_a-findfp.o)
 .text.global_stdio_init.part.0
                0x08005040       0x3c /usr/lib/gcc/arm-none-eabi/14.1.0/../../../../arm-none-eabi/lib/thumb/v6-m/nofp/libc_nano.a(libc_a-findfp.o)
 .text.__sfp_lock_acquire
                0x0800507c       0x10 /usr/lib/gcc/arm-none-eabi/14.1.0/../../../../arm-none-eabi/lib/thumb/v6-m/nofp/libc_nano.a(libc_a-findfp.o)
                0x0800507c                __sfp_lock_acquire
 .text.__sfp_lock_release
                0x0800508c       0x10 /usr/lib/gcc/arm-none-eabi/14.1.0/../../../../arm-none-eabi/lib/thumb/v6-m/nofp/libc_nano.a(libc_a-findfp.o)
                0x0800508c                __sfp_lock_release
 .text.__sinit  0x0800509c       0x30 /usr/lib/gcc/arm-none-eabi/14.1.0/../../../../arm-none-eabi/lib/thumb/v6-m/nofp/libc_nano.a(libc_a-findfp.o)
                0x0800509c                __sinit
 .text._fwalk_sglue
                0x080050cc       0x38 /usr/lib/gcc/arm-none-eabi/14.1.0/../../../../arm-none-eabi/lib/thumb/v6-m/nofp/libc_nano.a(libc_a-fwalk.o)
                0x080050cc                _fwalk_sglue
 .text.printf   0x08005104       0x20 /usr/lib/gcc/arm-none-eabi/14.1.0/../../../../arm-none-eabi/lib/thumb/v6-m/nofp/libc_nano.a(libc_a-printf.o)
                0x08005104                printf
                0x08005104                iprintf
 .text.putchar  0x08005124       0x14 /usr/lib/gcc/arm-none-eabi/14.1.0/../../../../arm-none-eabi/lib/thumb/v6-m/nofp/libc_nano.a(libc_a-putchar.o)
                0x08005124                putchar
 .text.__sread  0x08005138       0x28 /usr/lib/gcc/arm-none-eabi/14.1.0/../../../../arm-none-eabi/lib/thumb/v6-m/nofp/libc_nano.a(libc_a-stdio.o)
                0x08005138                __sread
 .text.__swrite
                0x08005160       0x38 /usr/lib/gcc/arm-none-eabi/14.1.0/../../../../arm-none-eabi/lib/thumb/v6-m/nofp/libc_nano.a(libc_a-stdio.o)
                0x08005160                __swrite
 .text.__sseek  0x08005198       0x2c /usr/lib/gcc/arm-none-eabi/14.1.0/../../../../arm-none-eabi/lib/thumb/v6-m/nofp/libc_nano.a(libc_a-stdio.o)
                0x08005198                __sseek
 .text.__sclose
                0x080051c4        0xc /usr/lib/gcc/arm-none-eabi/14.1.0/../../../../arm-none-eabi/lib/thumb/v6-m/nofp/libc_nano.a(libc_a-stdio.o)
                0x080051c4                __sclose
 .text.memset   0x080051d0       0x10 /usr/lib/gcc/arm-none-eabi/14.1.0/../../../../arm-none-eabi/lib/thumb/v6-m/nofp/libc_nano.a(libc_a-memset.o)
                0x080051d0                memset
 .text._close_r
                0x080051e0       0x24 /usr/lib/gcc/arm-none-eabi/14.1.0/../../../../arm-none-eabi/lib/thumb/v6-m/nofp/libc_nano.a(libc_a-closer.o)
                0x080051e0                _close_r
 .text._lseek_r
                0x08005204       0x28 /usr/lib/gcc/arm-none-eabi/14.1.0/../../../../arm-none-eabi/lib/thumb/v6-m/nofp/libc_nano.a(libc_a-lseekr.o)
                0x08005204                _lseek_r
 .text._read_r  0x0800522c       0x28 /usr/lib/gcc/arm-none-eabi/14.1.0/../../../../arm-none-eabi/lib/thumb/v6-m/nofp/libc_nano.a(libc_a-readr.o)
                0x0800522c                _read_r
 .text._write_r
                0x08005254       0x28 /usr/lib/gcc/arm-none-eabi/14.1.0/../../../../arm-none-eabi/lib/thumb/v6-m/nofp/libc_nano.a(libc_a-writer.o)
                0x08005254                _write_r
 .text.__libc_init_array
                0x0800527c       0x48 /usr/lib/gcc/arm-none-eabi/14.1.0/../../../../arm-none-eabi/lib/thumb/v6-m/nofp/libc_nano.a(libc_a-init.o)
                0x0800527c                __libc_init_array
 .text.__retarget_lock_init_recursive
                0x080052c4        0x2 /usr/lib/gcc/arm-none-eabi/14.1.0/../../../../arm-none-eabi/lib/thumb/v6-m/nofp/libc_nano.a(libc_a-lock.o)
                0x080052c4                __retarget_lock_init_recursive
 .text.__retarget_lock_acquire_recursive
                0x080052c6        0x2 /usr/lib/gcc/arm-none-eabi/14.1.0/../../../../arm-none-eabi/lib/thumb/v6-m/nofp/libc_nano.a(libc_a-lock.o)
                0x080052c6                __retarget_lock_acquire_recursive
 .text.__retarget_lock_release_recursive
                0x080052c8        0x2 /usr/lib/gcc/arm-none-eabi/14.1.0/../../../../arm-none-eabi/lib/thumb/v6-m/nofp/libc_nano.a(libc_a-lock.o)
                0x080052c8                __retarget_lock_release_recursive
 .text.memcpy   0x080052ca       0x12 /usr/lib/gcc/arm-none-eabi/14.1.0/../../../../arm-none-eabi/lib/thumb/v6-m/nofp/libc_nano.a(libc_a-memcpy-stub.o)
                0x080052ca                memcpy
 .text._free_r  0x080052dc       0x94 /usr/lib/gcc/arm-none-eabi/14.1.0/../../../../arm-none-eabi/lib/thumb/v6-m/nofp/libc_nano.a(libc_a-freer.o)
                0x080052dc                _free_r
 .text.sbrk_aligned
                0x08005370       0x44 /usr/lib/gcc/arm-none-eabi/14.1.0/../../../../arm-none-eabi/lib/thumb/v6-m/nofp/libc_nano.a(libc_a-mallocr.o)
 .text._malloc_r
                0x080053b4      0x100 /usr/lib/gcc/arm-none-eabi/14.1.0/../../../../arm-none-eabi/lib/thumb/v6-m/nofp/libc_nano.a(libc_a-mallocr.o)
                0x080053b4                _malloc_r
 .text.__malloc_lock
                0x080054b4       0x10 /usr/lib/gcc/arm-none-eabi/14.1.0/../../../../arm-none-eabi/lib/thumb/v6-m/nofp/libc_nano.a(libc_a-mlock.o)
                0x080054b4                __malloc_lock
 .text.__malloc_unlock
                0x080054c4       0x10 /usr/lib/gcc/arm-none-eabi/14.1.0/../../../../arm-none-eabi/lib/thumb/v6-m/nofp/libc_nano.a(libc_a-mlock.o)
                0x080054c4                __malloc_unlock
 .text.__sfputc_r
                0x080054d4       0x2a /usr/lib/gcc/arm-none-eabi/14.1.0/../../../../arm-none-eabi/lib/thumb/v6-m/nofp/libc_nano.a(libc_a-nano-vfprintf.o)
 .text.__sfputs_r
                0x080054fe       0x24 /usr/lib/gcc/arm-none-eabi/14.1.0/../../../../arm-none-eabi/lib/thumb/v6-m/nofp/libc_nano.a(libc_a-nano-vfprintf.o)
                0x080054fe                __sfputs_r
 *fill*         0x08005522        0x2 
 .text._vfprintf_r
                0x08005524      0x240 /usr/lib/gcc/arm-none-eabi/14.1.0/../../../../arm-none-eabi/lib/thumb/v6-m/nofp/libc_nano.a(libc_a-nano-vfprintf.o)
                0x08005524                _vfiprintf_r
                0x08005524                _vfprintf_r
 .text._printf_common
                0x08005764       0xde /usr/lib/gcc/arm-none-eabi/14.1.0/../../../../arm-none-eabi/lib/thumb/v6-m/nofp/libc_nano.a(libc_a-nano-vfprintf_i.o)
                0x08005764                _printf_common
 *fill*         0x08005842        0x2 
 .text._printf_i
                0x08005844      0x218 /usr/lib/gcc/arm-none-eabi/14.1.0/../../../../arm-none-eabi/lib/thumb/v6-m/nofp/libc_nano.a(libc_a-nano-vfprintf_i.o)
                0x08005844                _printf_i
 .text.__sflush_r
                0x08005a5c      0x114 /usr/lib/gcc/arm-none-eabi/14.1.0/../../../../arm-none-eabi/lib/thumb/v6-m/nofp/libc_nano.a(libc_a-fflush.o)
                0x08005a5c                __sflush_r
 .text._fflush_r
                0x08005b70       0x56 /usr/lib/gcc/arm-none-eabi/14.1.0/../../../../arm-none-eabi/lib/thumb/v6-m/nofp/libc_nano.a(libc_a-fflush.o)
                0x08005b70                _fflush_r
 .text._putc_r  0x08005bc6       0x6c /usr/lib/gcc/arm-none-eabi/14.1.0/../../../../arm-none-eabi/lib/thumb/v6-m/nofp/libc_nano.a(libc_a-putc.o)
                0x08005bc6                _putc_r
 .text.__swbuf_r
                0x08005c32       0x84 /usr/lib/gcc/arm-none-eabi/14.1.0/../../../../arm-none-eabi/lib/thumb/v6-m/nofp/libc_nano.a(libc_a-wbuf.o)
                0x08005c32                __swbuf_r
 *fill*         0x08005cb6        0x2 
 .text.__swsetup_r
                0x08005cb8       0xb8 /usr/lib/gcc/arm-none-eabi/14.1.0/../../../../arm-none-eabi/lib/thumb/v6-m/nofp/libc_nano.a(libc_a-wsetup.o)
                0x08005cb8                __swsetup_r
 .text._sbrk_r  0x08005d70       0x24 /usr/lib/gcc/arm-none-eabi/14.1.0/../../../../arm-none-eabi/lib/thumb/v6-m/nofp/libc_nano.a(libc_a-sbrkr.o)
                0x08005d70                _sbrk_r
 .text.memchr   0x08005d94       0x16 /usr/lib/gcc/arm-none-eabi/14.1.0/../../../../arm-none-eabi/lib/thumb/v6-m/nofp/libc_nano.a(libc_a-memchr-stub.o)
                0x08005d94                memchr
 *fill*         0x08005daa        0x2 
 .text.__swhatbuf_r
                0x08005dac       0x54 /usr/lib/gcc/arm-none-eabi/14.1.0/../../../../arm-none-eabi/lib/thumb/v6-m/nofp/libc_nano.a(libc_a-makebuf.o)
                0x08005dac                __swhatbuf_r
 .text.__smakebuf_r
                0x08005e00       0x72 /usr/lib/gcc/arm-none-eabi/14.1.0/../../../../arm-none-eabi/lib/thumb/v6-m/nofp/libc_nano.a(libc_a-makebuf.o)
                0x08005e00                __smakebuf_r
 *fill*         0x08005e72        0x2 
 .text._fstat_r
                0x08005e74       0x24 /usr/lib/gcc/arm-none-eabi/14.1.0/../../../../arm-none-eabi/lib/thumb/v6-m/nofp/libc_nano.a(libc_a-fstatr.o)
                0x08005e74                _fstat_r
 .text._isatty_r
                0x08005e98       0x24 /usr/lib/gcc/arm-none-eabi/14.1.0/../../../../arm-none-eabi/lib/thumb/v6-m/nofp/libc_nano.a(libc_a-isattyr.o)
                0x08005e98                _isatty_r
 .text._close   0x08005ebc       0x10 /usr/lib/gcc/arm-none-eabi/14.1.0/../../../../arm-none-eabi/lib/thumb/v6-m/nofp/libnosys.a(close.o)
                0x08005ebc                _close
 .text._fstat   0x08005ecc       0x10 /usr/lib/gcc/arm-none-eabi/14.1.0/../../../../arm-none-eabi/lib/thumb/v6-m/nofp/libnosys.a(fstat.o)
                0x08005ecc                _fstat
 .text._isatty  0x08005edc       0x10 /usr/lib/gcc/arm-none-eabi/14.1.0/../../../../arm-none-eabi/lib/thumb/v6-m/nofp/libnosys.a(isatty.o)
                0x08005edc                _isatty
 .text._lseek   0x08005eec       0x10 /usr/lib/gcc/arm-none-eabi/14.1.0/../../../../arm-none-eabi/lib/thumb/v6-m/nofp/libnosys.a(lseek.o)
                0x08005eec                _lseek
 .text._read    0x08005efc       0x10 /usr/lib/gcc/arm-none-eabi/14.1.0/../../../../arm-none-eabi/lib/thumb/v6-m/nofp/libnosys.a(read.o)
                0x08005efc                _read
 .text._sbrk    0x08005f0c       0x1c /usr/lib/gcc/arm-none-eabi/14.1.0/../../../../arm-none-eabi/lib/thumb/v6-m/nofp/libnosys.a(sbrk.o)
                0x08005f0c                _sbrk
 .text._write   0x08005f28       0x10 /usr/lib/gcc/arm-none-eabi/14.1.0/../../../../arm-none-eabi/lib/thumb/v6-m/nofp/libnosys.a(write.o)
                0x08005f28                _write
 *(.glue_7)
 .glue_7        0x08005f38        0x0 linker stubs
 *(.glue_7t)
 .glue_7t       0x08005f38        0x0 linker stubs
 *(.eh_frame)
 .eh_frame      0x08005f38        0x0 /usr/lib/gcc/arm-none-eabi/14.1.0/thumb/v6-m/nofp/crtbegin.o
 *(.init)
 .init          0x08005f38        0x4 /usr/lib/gcc/arm-none-eabi/14.1.0/thumb/v6-m/nofp/crti.o
                0x08005f38                _init
 .init          0x08005f3c        0x8 /usr/lib/gcc/arm-none-eabi/14.1.0/thumb/v6-m/nofp/crtn.o
 *(.fini)
 .fini          0x08005f44        0x4 /usr/lib/gcc/arm-none-eabi/14.1.0/thumb/v6-m/nofp/crti.o
                0x08005f44                _fini
 .fini          0x08005f48        0x8 /usr/lib/gcc/arm-none-eabi/14.1.0/thumb/v6-m/nofp/crtn.o
                0x08005f50                        . = ALIGN (0x4)
                0x08005f50                        _etext = .

.vfp11_veneer   0x08005f50        0x0
 .vfp11_veneer  0x08005f50        0x0 linker stubs

.v4_bx          0x08005f50        0x0
 .v4_bx         0x08005f50        0x0 linker stubs

.iplt           0x08005f50        0x0
 .iplt          0x08005f50        0x0 /usr/lib/gcc/arm-none-eabi/14.1.0/thumb/v6-m/nofp/crtbegin.o

.rodata         0x08005f50      0x134
                0x08005f50                        . = ALIGN (0x4)
 *(.rodata)
 *(.rodata*)
 .rodata.main.str1.4
                0x08005f50       0x6d build/main.o
                                 0x10 (size before relaxing)
 .rodata.USBD_FS_ProductStrDescriptor.str1.4
                0x08005fbd        0xa build/usbd_desc.o
 .rodata.USBD_FS_ConfigStrDescriptor.str1.4
                0x08005fbd        0xb build/usbd_desc.o
 .rodata.USBD_FS_InterfaceStrDescriptor.str1.4
                0x08005fbd        0xe build/usbd_desc.o
 *fill*         0x08005fbd        0x3 
 .rodata.aPredivFactorTable.0
                0x08005fc0       0x10 build/stm32f0xx_hal_rcc.o
 .rodata.aPLLMULFactorTable.1
                0x08005fd0       0x10 build/stm32f0xx_hal_rcc.o
 .rodata.AHBPrescTable
                0x08005fe0       0x10 build/system_stm32f0xx.o
                0x08005fe0                AHBPrescTable
 .rodata.USBD_Init.str1.4
                0x08005ff0       0x1e build/usbd_core.o
 .rodata.USBD_RegisterClass.str1.4
                0x08005ff0       0x15 build/usbd_core.o
 .rodata.USBD_GetDescriptor
                0x08005ff0       0x38 build/usbd_ctlreq.o
 .rodata.USBD_StdDevReq
                0x08006028       0x28 build/usbd_ctlreq.o
 .rodata._vfprintf_r.str1.1
                0x08006050       0x33 /usr/lib/gcc/arm-none-eabi/14.1.0/../../../../arm-none-eabi/lib/thumb/v6-m/nofp/libc_nano.a(libc_a-nano-vfprintf.o)
                                 0x11 (size before relaxing)
 .rodata._printf_i.str1.1
                0x08006083       0x22 /usr/lib/gcc/arm-none-eabi/14.1.0/../../../../arm-none-eabi/lib/thumb/v6-m/nofp/libc_nano.a(libc_a-nano-vfprintf_i.o)
                0x080060a8                        . = ALIGN (0x4)
 *fill*         0x08006083        0x1 

.rel.dyn        0x08006084        0x0
 .rel.iplt      0x08006084        0x0 /usr/lib/gcc/arm-none-eabi/14.1.0/thumb/v6-m/nofp/crtbegin.o

.ARM.extab
 *(.ARM.extab* .gnu.linkonce.armextab.*)

.ARM            0x08006084        0x0
                0x08006084                        __exidx_start = .
 *(.ARM.exidx*)
                0x08006084                        __exidx_end = .

.preinit_array  0x08006084        0x0
                0x08006084                        PROVIDE (__preinit_array_start = .)
 *(.preinit_array*)
                0x08006084                        PROVIDE (__preinit_array_end = .)

.init_array     0x08006084        0x4
                0x08006084                        PROVIDE (__init_array_start = .)
 *(SORT_BY_NAME(.init_array.*))
 *(.init_array*)
 .init_array    0x08006084        0x4 /usr/lib/gcc/arm-none-eabi/14.1.0/thumb/v6-m/nofp/crtbegin.o
                0x08006088                        PROVIDE (__init_array_end = .)

.fini_array     0x08006088        0x4
                0x08006088                        PROVIDE (__fini_array_start = .)
 *(SORT_BY_NAME(.fini_array.*))
 *(.fini_array*)
 .fini_array    0x08006088        0x4 /usr/lib/gcc/arm-none-eabi/14.1.0/thumb/v6-m/nofp/crtbegin.o
                0x0800608c                        PROVIDE (__fini_array_end = .)
                0x0800608c                        _sidata = LOADADDR (.data)

.data           0x20000000      0x1dc load address 0x0800608c
                0x20000000                        . = ALIGN (0x4)
                0x20000000                        _sdata = .
 *(.data)
 *(.data*)
 .data.ack_rsp  0x20000000        0x2 build/main.o
 *fill*         0x20000002        0x2 
 .data.USBD_StringSerial
                0x20000004       0x1a build/usbd_desc.o
                0x20000004                USBD_StringSerial
 *fill*         0x2000001e        0x2 
 .data.USBD_LangIDDesc
                0x20000020        0x4 build/usbd_desc.o
                0x20000020                USBD_LangIDDesc
 .data.USBD_FS_DeviceDesc
                0x20000024       0x12 build/usbd_desc.o
                0x20000024                USBD_FS_DeviceDesc
 *fill*         0x20000036        0x2 
 .data.FS_Desc  0x20000038       0x1c build/usbd_desc.o
                0x20000038                FS_Desc
 .data.uwTickFreq
                0x20000054        0x1 build/stm32f0xx_hal.o
                0x20000054                uwTickFreq
 *fill*         0x20000055        0x3 
 .data.uwTickPrio
                0x20000058        0x4 build/stm32f0xx_hal.o
                0x20000058                uwTickPrio
 .data.SystemCoreClock
                0x2000005c        0x4 build/system_stm32f0xx.o
                0x2000005c                SystemCoreClock
 .data.USBD_Interface_fops_FS
                0x20000060       0x10 build/usbd_cdc_if.o
                0x20000060                USBD_Interface_fops_FS
 .data.USBD_CDC_OtherSpeedCfgDesc
                0x20000070       0x43 build/usbd_cdc.o
                0x20000070                USBD_CDC_OtherSpeedCfgDesc
 *fill*         0x200000b3        0x1 
 .data.USBD_CDC_CfgFSDesc
                0x200000b4       0x43 build/usbd_cdc.o
                0x200000b4                USBD_CDC_CfgFSDesc
 *fill*         0x200000f7        0x1 
 .data.USBD_CDC_CfgHSDesc
                0x200000f8       0x43 build/usbd_cdc.o
                0x200000f8                USBD_CDC_CfgHSDesc
 *fill*         0x2000013b        0x1 
 .data.USBD_CDC
                0x2000013c       0x38 build/usbd_cdc.o
                0x2000013c                USBD_CDC
 .data.USBD_CDC_DeviceQualifierDesc
                0x20000174        0xa build/usbd_cdc.o
 *fill*         0x2000017e        0x2 
 .data.__sglue  0x20000180        0xc /usr/lib/gcc/arm-none-eabi/14.1.0/../../../../arm-none-eabi/lib/thumb/v6-m/nofp/libc_nano.a(libc_a-findfp.o)
                0x20000180                __sglue
 .data._impure_ptr
                0x2000018c        0x4 /usr/lib/gcc/arm-none-eabi/14.1.0/../../../../arm-none-eabi/lib/thumb/v6-m/nofp/libc_nano.a(libc_a-impure.o)
                0x2000018c                _impure_ptr
 .data._impure_data
                0x20000190       0x4c /usr/lib/gcc/arm-none-eabi/14.1.0/../../../../arm-none-eabi/lib/thumb/v6-m/nofp/libc_nano.a(libc_a-impure.o)
                0x20000190                _impure_data
                0x200001dc                        . = ALIGN (0x4)
                0x200001dc                        _edata = .

.igot.plt       0x200001dc        0x0 load address 0x08006268
 .igot.plt      0x200001dc        0x0 /usr/lib/gcc/arm-none-eabi/14.1.0/thumb/v6-m/nofp/crtbegin.o
                0x200001dc                        . = ALIGN (0x4)

.bss            0x200001dc     0x1114 load address 0x08006268
                0x200001dc                        _sbss = .
                0x200001dc                        __bss_start__ = _sbss
 *(.bss)
 *(.bss*)
 .bss.completed.1
                0x200001dc        0x1 /usr/lib/gcc/arm-none-eabi/14.1.0/thumb/v6-m/nofp/crtbegin.o
 *fill*         0x200001dd        0x3 
 .bss.object.0  0x200001e0       0x18 /usr/lib/gcc/arm-none-eabi/14.1.0/thumb/v6-m/nofp/crtbegin.o
 .bss.buff.0    0x200001f8       0xd8 build/main.o
 .bss.htim2     0x200002d0       0x48 build/main.o
                0x200002d0                htim2
 .bss.hspi1     0x20000318       0x64 build/main.o
                0x20000318                hspi1
 .bss.output_buff
                0x2000037c      0x1b3 build/ws2811.o
 *fill*         0x2000052f        0x1 
 .bss.spi_d     0x20000530        0x4 build/ws2811.o
 .bss.spi_index
                0x20000534        0x4 build/ws2811.o
 .bss.ws2811_buffer
                0x20000538       0xd8 build/ws2811.o
 .bss.ws2811_bkup_buffer
                0x20000610       0xd8 build/ws2811.o
 .bss.hUsbDeviceFS
                0x200006e8      0x2c4 build/usb_device.o
                0x200006e8                hUsbDeviceFS
 .bss.USBD_StrDesc
                0x200009ac       0x64 build/usbd_desc.o
                0x200009ac                USBD_StrDesc
 .bss.mem.0     0x20000a10      0x220 build/usbd_conf.o
 .bss.hpcd_USB_FS
                0x20000c30      0x2dc build/usbd_conf.o
                0x20000c30                hpcd_USB_FS
 .bss.uwTick    0x20000f0c        0x4 build/stm32f0xx_hal.o
                0x20000f0c                uwTick
 .bss.cfgidx.0  0x20000f10        0x1 build/usbd_ctlreq.o
 *fill*         0x20000f11        0x3 
 .bss.UserTxBufferFS
                0x20000f14       0x64 build/usbd_cdc_if.o
                0x20000f14                UserTxBufferFS
 .bss.UserRxBufferFS
                0x20000f78      0x226 build/usbd_cdc_if.o
                0x20000f78                UserRxBufferFS
 *fill*         0x2000119e        0x2 
 .bss.__sf      0x200011a0      0x138 /usr/lib/gcc/arm-none-eabi/14.1.0/../../../../arm-none-eabi/lib/thumb/v6-m/nofp/libc_nano.a(libc_a-findfp.o)
                0x200011a0                __sf
 .bss.__stdio_exit_handler
                0x200012d8        0x4 /usr/lib/gcc/arm-none-eabi/14.1.0/../../../../arm-none-eabi/lib/thumb/v6-m/nofp/libc_nano.a(libc_a-findfp.o)
                0x200012d8                __stdio_exit_handler
 .bss.errno     0x200012dc        0x4 /usr/lib/gcc/arm-none-eabi/14.1.0/../../../../arm-none-eabi/lib/thumb/v6-m/nofp/libc_nano.a(libc_a-reent.o)
                0x200012dc                errno
 .bss.__lock___malloc_recursive_mutex
                0x200012e0        0x1 /usr/lib/gcc/arm-none-eabi/14.1.0/../../../../arm-none-eabi/lib/thumb/v6-m/nofp/libc_nano.a(libc_a-lock.o)
                0x200012e0                __lock___malloc_recursive_mutex
 .bss.__lock___sfp_recursive_mutex
                0x200012e1        0x1 /usr/lib/gcc/arm-none-eabi/14.1.0/../../../../arm-none-eabi/lib/thumb/v6-m/nofp/libc_nano.a(libc_a-lock.o)
                0x200012e1                __lock___sfp_recursive_mutex
 *fill*         0x200012e2        0x2 
 .bss.__malloc_sbrk_start
                0x200012e4        0x4 /usr/lib/gcc/arm-none-eabi/14.1.0/../../../../arm-none-eabi/lib/thumb/v6-m/nofp/libc_nano.a(libc_a-mallocr.o)
                0x200012e4                __malloc_sbrk_start
 .bss.__malloc_free_list
                0x200012e8        0x4 /usr/lib/gcc/arm-none-eabi/14.1.0/../../../../arm-none-eabi/lib/thumb/v6-m/nofp/libc_nano.a(libc_a-mallocr.o)
                0x200012e8                __malloc_free_list
 .bss.heap_end.0
                0x200012ec        0x4 /usr/lib/gcc/arm-none-eabi/14.1.0/../../../../arm-none-eabi/lib/thumb/v6-m/nofp/libnosys.a(sbrk.o)
 *(COMMON)
                0x200012f0                        . = ALIGN (0x4)
                0x200012f0                        _ebss = .
                0x200012f0                        __bss_end__ = _ebss

._user_heap_stack
                0x200012f0      0x500 load address 0x08006268
                0x200012f0                        . = ALIGN (0x8)
                0x200012f0                        PROVIDE (end = .)
                [!provide]                        PROVIDE (_end = .)
                0x200016f0                        . = (. + _Min_Heap_Size)
 *fill*         0x200012f0      0x400 
                0x200017f0                        . = (. + _Min_Stack_Size)
 *fill*         0x200016f0      0x100 
                0x200017f0                        . = ALIGN (0x8)

/DISCARD/
 libc.a(*)
 libm.a(*)
 libgcc.a(*)

.ARM.attributes
                0x00000000       0x28
 *(.ARM.attributes)
 .ARM.attributes
                0x00000000       0x1e /usr/lib/gcc/arm-none-eabi/14.1.0/thumb/v6-m/nofp/crti.o
 .ARM.attributes
                0x0000001e       0x2c /usr/lib/gcc/arm-none-eabi/14.1.0/thumb/v6-m/nofp/crtbegin.o
 .ARM.attributes
                0x0000004a       0x2c build/main.o
 .ARM.attributes
                0x00000076       0x2c build/ws2811.o
 .ARM.attributes
                0x000000a2       0x2c build/stm32f0xx_it.o
 .ARM.attributes
                0x000000ce       0x2c build/stm32f0xx_hal_msp.o
 .ARM.attributes
                0x000000fa       0x2c build/usb_device.o
 .ARM.attributes
                0x00000126       0x2c build/usbd_desc.o
 .ARM.attributes
                0x00000152       0x2c build/usbd_conf.o
 .ARM.attributes
                0x0000017e       0x2c build/stm32f0xx_ll_usb.o
 .ARM.attributes
                0x000001aa       0x2c build/stm32f0xx_hal_pcd.o
 .ARM.attributes
                0x000001d6       0x2c build/stm32f0xx_hal_pcd_ex.o
 .ARM.attributes
                0x00000202       0x2c build/stm32f0xx_hal_rcc.o
 .ARM.attributes
                0x0000022e       0x2c build/stm32f0xx_hal_rcc_ex.o
 .ARM.attributes
                0x0000025a       0x2c build/stm32f0xx_hal.o
 .ARM.attributes
                0x00000286       0x2c build/stm32f0xx_hal_gpio.o
 .ARM.attributes
                0x000002b2       0x2c build/stm32f0xx_hal_dma.o
 .ARM.attributes
                0x000002de       0x2c build/stm32f0xx_hal_cortex.o
 .ARM.attributes
                0x0000030a       0x2c build/stm32f0xx_hal_spi.o
 .ARM.attributes
                0x00000336       0x2c build/stm32f0xx_hal_tim.o
 .ARM.attributes
                0x00000362       0x2c build/stm32f0xx_hal_tim_ex.o
 .ARM.attributes
                0x0000038e       0x2c build/system_stm32f0xx.o
 .ARM.attributes
                0x000003ba       0x2c build/usbd_core.o
 .ARM.attributes
                0x000003e6       0x2c build/usbd_ctlreq.o
 .ARM.attributes
                0x00000412       0x2c build/usbd_ioreq.o
 .ARM.attributes
                0x0000043e       0x2c build/usbd_cdc_if.o
 .ARM.attributes
                0x0000046a       0x2c build/usbd_cdc.o
 .ARM.attributes
                0x00000496       0x21 build/startup_stm32f042x6.o
 .ARM.attributes
                0x000004b7       0x2c /usr/lib/gcc/arm-none-eabi/14.1.0/../../../../arm-none-eabi/lib/thumb/v6-m/nofp/libc_nano.a(libc_a-findfp.o)
 .ARM.attributes
                0x000004e3       0x2c /usr/lib/gcc/arm-none-eabi/14.1.0/../../../../arm-none-eabi/lib/thumb/v6-m/nofp/libc_nano.a(libc_a-fwalk.o)
 .ARM.attributes
                0x0000050f       0x2c /usr/lib/gcc/arm-none-eabi/14.1.0/../../../../arm-none-eabi/lib/thumb/v6-m/nofp/libc_nano.a(libc_a-printf.o)
 .ARM.attributes
                0x0000053b       0x2c /usr/lib/gcc/arm-none-eabi/14.1.0/../../../../arm-none-eabi/lib/thumb/v6-m/nofp/libc_nano.a(libc_a-putchar.o)
 .ARM.attributes
                0x00000567       0x2c /usr/lib/gcc/arm-none-eabi/14.1.0/../../../../arm-none-eabi/lib/thumb/v6-m/nofp/libc_nano.a(libc_a-stdio.o)
 .ARM.attributes
                0x00000593       0x2c /usr/lib/gcc/arm-none-eabi/14.1.0/../../../../arm-none-eabi/lib/thumb/v6-m/nofp/libc_nano.a(libc_a-memset.o)
 .ARM.attributes
                0x000005bf       0x2c /usr/lib/gcc/arm-none-eabi/14.1.0/../../../../arm-none-eabi/lib/thumb/v6-m/nofp/libc_nano.a(libc_a-closer.o)
 .ARM.attributes
                0x000005eb       0x2c /usr/lib/gcc/arm-none-eabi/14.1.0/../../../../arm-none-eabi/lib/thumb/v6-m/nofp/libc_nano.a(libc_a-reent.o)
 .ARM.attributes
                0x00000617       0x2c /usr/lib/gcc/arm-none-eabi/14.1.0/../../../../arm-none-eabi/lib/thumb/v6-m/nofp/libc_nano.a(libc_a-impure.o)
 .ARM.attributes
                0x00000643       0x2c /usr/lib/gcc/arm-none-eabi/14.1.0/../../../../arm-none-eabi/lib/thumb/v6-m/nofp/libc_nano.a(libc_a-lseekr.o)
 .ARM.attributes
                0x0000066f       0x2c /usr/lib/gcc/arm-none-eabi/14.1.0/../../../../arm-none-eabi/lib/thumb/v6-m/nofp/libc_nano.a(libc_a-readr.o)
 .ARM.attributes
                0x0000069b       0x2c /usr/lib/gcc/arm-none-eabi/14.1.0/../../../../arm-none-eabi/lib/thumb/v6-m/nofp/libc_nano.a(libc_a-writer.o)
 .ARM.attributes
                0x000006c7       0x2c /usr/lib/gcc/arm-none-eabi/14.1.0/../../../../arm-none-eabi/lib/thumb/v6-m/nofp/libc_nano.a(libc_a-init.o)
 .ARM.attributes
                0x000006f3       0x2c /usr/lib/gcc/arm-none-eabi/14.1.0/../../../../arm-none-eabi/lib/thumb/v6-m/nofp/libc_nano.a(libc_a-lock.o)
 .ARM.attributes
                0x0000071f       0x2c /usr/lib/gcc/arm-none-eabi/14.1.0/../../../../arm-none-eabi/lib/thumb/v6-m/nofp/libc_nano.a(libc_a-memcpy-stub.o)
 .ARM.attributes
                0x0000074b       0x2c /usr/lib/gcc/arm-none-eabi/14.1.0/../../../../arm-none-eabi/lib/thumb/v6-m/nofp/libc_nano.a(libc_a-freer.o)
 .ARM.attributes
                0x00000777       0x2c /usr/lib/gcc/arm-none-eabi/14.1.0/../../../../arm-none-eabi/lib/thumb/v6-m/nofp/libc_nano.a(libc_a-mallocr.o)
 .ARM.attributes
                0x000007a3       0x2c /usr/lib/gcc/arm-none-eabi/14.1.0/../../../../arm-none-eabi/lib/thumb/v6-m/nofp/libc_nano.a(libc_a-mlock.o)
 .ARM.attributes
                0x000007cf       0x2c /usr/lib/gcc/arm-none-eabi/14.1.0/../../../../arm-none-eabi/lib/thumb/v6-m/nofp/libc_nano.a(libc_a-nano-vfprintf.o)
 .ARM.attributes
                0x000007fb       0x2c /usr/lib/gcc/arm-none-eabi/14.1.0/../../../../arm-none-eabi/lib/thumb/v6-m/nofp/libc_nano.a(libc_a-nano-vfprintf_i.o)
 .ARM.attributes
                0x00000827       0x2c /usr/lib/gcc/arm-none-eabi/14.1.0/../../../../arm-none-eabi/lib/thumb/v6-m/nofp/libc_nano.a(libc_a-fflush.o)
 .ARM.attributes
                0x00000853       0x2c /usr/lib/gcc/arm-none-eabi/14.1.0/../../../../arm-none-eabi/lib/thumb/v6-m/nofp/libc_nano.a(libc_a-putc.o)
 .ARM.attributes
                0x0000087f       0x2c /usr/lib/gcc/arm-none-eabi/14.1.0/../../../../arm-none-eabi/lib/thumb/v6-m/nofp/libc_nano.a(libc_a-wbuf.o)
 .ARM.attributes
                0x000008ab       0x2c /usr/lib/gcc/arm-none-eabi/14.1.0/../../../../arm-none-eabi/lib/thumb/v6-m/nofp/libc_nano.a(libc_a-wsetup.o)
 .ARM.attributes
                0x000008d7       0x2c /usr/lib/gcc/arm-none-eabi/14.1.0/../../../../arm-none-eabi/lib/thumb/v6-m/nofp/libc_nano.a(libc_a-sbrkr.o)
 .ARM.attributes
                0x00000903       0x2c /usr/lib/gcc/arm-none-eabi/14.1.0/../../../../arm-none-eabi/lib/thumb/v6-m/nofp/libc_nano.a(libc_a-memchr-stub.o)
 .ARM.attributes
                0x0000092f       0x2c /usr/lib/gcc/arm-none-eabi/14.1.0/../../../../arm-none-eabi/lib/thumb/v6-m/nofp/libc_nano.a(libc_a-makebuf.o)
 .ARM.attributes
                0x0000095b       0x2c /usr/lib/gcc/arm-none-eabi/14.1.0/../../../../arm-none-eabi/lib/thumb/v6-m/nofp/libc_nano.a(libc_a-fstatr.o)
 .ARM.attributes
                0x00000987       0x2c /usr/lib/gcc/arm-none-eabi/14.1.0/../../../../arm-none-eabi/lib/thumb/v6-m/nofp/libc_nano.a(libc_a-isattyr.o)
 .ARM.attributes
                0x000009b3       0x2c /usr/lib/gcc/arm-none-eabi/14.1.0/../../../../arm-none-eabi/lib/thumb/v6-m/nofp/libnosys.a(close.o)
 .ARM.attributes
                0x000009df       0x2c /usr/lib/gcc/arm-none-eabi/14.1.0/../../../../arm-none-eabi/lib/thumb/v6-m/nofp/libnosys.a(fstat.o)
 .ARM.attributes
                0x00000a0b       0x2c /usr/lib/gcc/arm-none-eabi/14.1.0/../../../../arm-none-eabi/lib/thumb/v6-m/nofp/libnosys.a(isatty.o)
 .ARM.attributes
                0x00000a37       0x2c /usr/lib/gcc/arm-none-eabi/14.1.0/../../../../arm-none-eabi/lib/thumb/v6-m/nofp/libnosys.a(lseek.o)
 .ARM.attributes
                0x00000a63       0x2c /usr/lib/gcc/arm-none-eabi/14.1.0/../../../../arm-none-eabi/lib/thumb/v6-m/nofp/libnosys.a(read.o)
 .ARM.attributes
                0x00000a8f       0x2c /usr/lib/gcc/arm-none-eabi/14.1.0/../../../../arm-none-eabi/lib/thumb/v6-m/nofp/libnosys.a(sbrk.o)
 .ARM.attributes
                0x00000abb       0x2c /usr/lib/gcc/arm-none-eabi/14.1.0/../../../../arm-none-eabi/lib/thumb/v6-m/nofp/libnosys.a(write.o)
 .ARM.attributes
                0x00000ae7       0x1e /usr/lib/gcc/arm-none-eabi/14.1.0/thumb/v6-m/nofp/libgcc.a(_thumb1_case_shi.o)
 .ARM.attributes
                0x00000b05       0x1e /usr/lib/gcc/arm-none-eabi/14.1.0/thumb/v6-m/nofp/libgcc.a(_udivsi3.o)
 .ARM.attributes
                0x00000b23       0x1e /usr/lib/gcc/arm-none-eabi/14.1.0/thumb/v6-m/nofp/libgcc.a(_dvmd_tls.o)
 .ARM.attributes
                0x00000b41       0x1e /usr/lib/gcc/arm-none-eabi/14.1.0/thumb/v6-m/nofp/crtn.o
OUTPUT(build/fw2.elf elf32-littlearm)
LOAD linker stubs
LOAD /usr/lib/gcc/arm-none-eabi/14.1.0/../../../../arm-none-eabi/lib/thumb/v6-m/nofp/libc.a
LOAD /usr/lib/gcc/arm-none-eabi/14.1.0/../../../../arm-none-eabi/lib/thumb/v6-m/nofp/libm.a
LOAD /usr/lib/gcc/arm-none-eabi/14.1.0/thumb/v6-m/nofp/libgcc.a

.debug_info     0x00000000    0x29fd7
 .debug_info    0x00000000     0x1734 build/main.o
 .debug_info    0x00001734      0x98f build/ws2811.o
 .debug_info    0x000020c3     0x10e4 build/stm32f0xx_it.o
 .debug_info    0x000031a7      0xfa0 build/stm32f0xx_hal_msp.o
 .debug_info    0x00004147      0xa27 build/usb_device.o
 .debug_info    0x00004b6e      0x653 build/usbd_desc.o
 .debug_info    0x000051c1     0x1f41 build/usbd_conf.o
 .debug_info    0x00007102     0x1be7 build/stm32f0xx_ll_usb.o
 .debug_info    0x00008ce9     0x1e31 build/stm32f0xx_hal_pcd.o
 .debug_info    0x0000ab1a      0xa9e build/stm32f0xx_hal_pcd_ex.o
 .debug_info    0x0000b5b8      0xba8 build/stm32f0xx_hal_rcc.o
 .debug_info    0x0000c160      0x7b5 build/stm32f0xx_hal_rcc_ex.o
 .debug_info    0x0000c915      0x827 build/stm32f0xx_hal.o
 .debug_info    0x0000d13c      0x6da build/stm32f0xx_hal_gpio.o
 .debug_info    0x0000d816      0x93e build/stm32f0xx_hal_dma.o
 .debug_info    0x0000e154      0x8e1 build/stm32f0xx_hal_cortex.o
 .debug_info    0x0000ea35     0x236a build/stm32f0xx_hal_spi.o
 .debug_info    0x00010d9f     0x40f0 build/stm32f0xx_hal_tim.o
 .debug_info    0x00014e8f     0x1cb9 build/stm32f0xx_hal_tim_ex.o
 .debug_info    0x00016b48      0x2ce build/system_stm32f0xx.o
 .debug_info    0x00016e16     0x1059 build/usbd_core.o
 .debug_info    0x00017e6f     0x123b build/usbd_ctlreq.o
 .debug_info    0x000190aa      0x946 build/usbd_ioreq.o
 .debug_info    0x000199f0      0x9d3 build/usbd_cdc_if.o
 .debug_info    0x0001a3c3     0x1631 build/usbd_cdc.o
 .debug_info    0x0001b9f4       0x30 build/startup_stm32f042x6.o
 .debug_info    0x0001ba24      0xfaa /usr/lib/gcc/arm-none-eabi/14.1.0/../../../../arm-none-eabi/lib/thumb/v6-m/nofp/libc_nano.a(libc_a-findfp.o)
 .debug_info    0x0001c9ce      0x7d7 /usr/lib/gcc/arm-none-eabi/14.1.0/../../../../arm-none-eabi/lib/thumb/v6-m/nofp/libc_nano.a(libc_a-fwalk.o)
 .debug_info    0x0001d1a5      0x841 /usr/lib/gcc/arm-none-eabi/14.1.0/../../../../arm-none-eabi/lib/thumb/v6-m/nofp/libc_nano.a(libc_a-printf.o)
 .debug_info    0x0001d9e6      0x7c9 /usr/lib/gcc/arm-none-eabi/14.1.0/../../../../arm-none-eabi/lib/thumb/v6-m/nofp/libc_nano.a(libc_a-putchar.o)
 .debug_info    0x0001e1af      0xa82 /usr/lib/gcc/arm-none-eabi/14.1.0/../../../../arm-none-eabi/lib/thumb/v6-m/nofp/libc_nano.a(libc_a-stdio.o)
 .debug_info    0x0001ec31       0xe0 /usr/lib/gcc/arm-none-eabi/14.1.0/../../../../arm-none-eabi/lib/thumb/v6-m/nofp/libc_nano.a(libc_a-memset.o)
 .debug_info    0x0001ed11      0x75c /usr/lib/gcc/arm-none-eabi/14.1.0/../../../../arm-none-eabi/lib/thumb/v6-m/nofp/libc_nano.a(libc_a-closer.o)
 .debug_info    0x0001f46d      0x89a /usr/lib/gcc/arm-none-eabi/14.1.0/../../../../arm-none-eabi/lib/thumb/v6-m/nofp/libc_nano.a(libc_a-reent.o)
 .debug_info    0x0001fd07      0x715 /usr/lib/gcc/arm-none-eabi/14.1.0/../../../../arm-none-eabi/lib/thumb/v6-m/nofp/libc_nano.a(libc_a-impure.o)
 .debug_info    0x0002041c      0x7a8 /usr/lib/gcc/arm-none-eabi/14.1.0/../../../../arm-none-eabi/lib/thumb/v6-m/nofp/libc_nano.a(libc_a-lseekr.o)
 .debug_info    0x00020bc4      0x7bf /usr/lib/gcc/arm-none-eabi/14.1.0/../../../../arm-none-eabi/lib/thumb/v6-m/nofp/libc_nano.a(libc_a-readr.o)
 .debug_info    0x00021383      0x7c5 /usr/lib/gcc/arm-none-eabi/14.1.0/../../../../arm-none-eabi/lib/thumb/v6-m/nofp/libc_nano.a(libc_a-writer.o)
 .debug_info    0x00021b48      0x10b /usr/lib/gcc/arm-none-eabi/14.1.0/../../../../arm-none-eabi/lib/thumb/v6-m/nofp/libc_nano.a(libc_a-init.o)
 .debug_info    0x00021c53      0x218 /usr/lib/gcc/arm-none-eabi/14.1.0/../../../../arm-none-eabi/lib/thumb/v6-m/nofp/libc_nano.a(libc_a-lock.o)
 .debug_info    0x00021e6b      0x11b /usr/lib/gcc/arm-none-eabi/14.1.0/../../../../arm-none-eabi/lib/thumb/v6-m/nofp/libc_nano.a(libc_a-memcpy-stub.o)
 .debug_info    0x00021f86      0x84a /usr/lib/gcc/arm-none-eabi/14.1.0/../../../../arm-none-eabi/lib/thumb/v6-m/nofp/libc_nano.a(libc_a-freer.o)
 .debug_info    0x000227d0      0x9c8 /usr/lib/gcc/arm-none-eabi/14.1.0/../../../../arm-none-eabi/lib/thumb/v6-m/nofp/libc_nano.a(libc_a-mallocr.o)
 .debug_info    0x00023198      0x76b /usr/lib/gcc/arm-none-eabi/14.1.0/../../../../arm-none-eabi/lib/thumb/v6-m/nofp/libc_nano.a(libc_a-mlock.o)
 .debug_info    0x00023903     0x10a5 /usr/lib/gcc/arm-none-eabi/14.1.0/../../../../arm-none-eabi/lib/thumb/v6-m/nofp/libc_nano.a(libc_a-nano-vfprintf.o)
 .debug_info    0x000249a8      0xe0a /usr/lib/gcc/arm-none-eabi/14.1.0/../../../../arm-none-eabi/lib/thumb/v6-m/nofp/libc_nano.a(libc_a-nano-vfprintf_i.o)
 .debug_info    0x000257b2      0x9f3 /usr/lib/gcc/arm-none-eabi/14.1.0/../../../../arm-none-eabi/lib/thumb/v6-m/nofp/libc_nano.a(libc_a-fflush.o)
 .debug_info    0x000261a5      0x8d5 /usr/lib/gcc/arm-none-eabi/14.1.0/../../../../arm-none-eabi/lib/thumb/v6-m/nofp/libc_nano.a(libc_a-putc.o)
 .debug_info    0x00026a7a      0x874 /usr/lib/gcc/arm-none-eabi/14.1.0/../../../../arm-none-eabi/lib/thumb/v6-m/nofp/libc_nano.a(libc_a-wbuf.o)
 .debug_info    0x000272ee      0x7bb /usr/lib/gcc/arm-none-eabi/14.1.0/../../../../arm-none-eabi/lib/thumb/v6-m/nofp/libc_nano.a(libc_a-wsetup.o)
 .debug_info    0x00027aa9      0x782 /usr/lib/gcc/arm-none-eabi/14.1.0/../../../../arm-none-eabi/lib/thumb/v6-m/nofp/libc_nano.a(libc_a-sbrkr.o)
 .debug_info    0x0002822b      0x110 /usr/lib/gcc/arm-none-eabi/14.1.0/../../../../arm-none-eabi/lib/thumb/v6-m/nofp/libc_nano.a(libc_a-memchr-stub.o)
 .debug_info    0x0002833b      0xb15 /usr/lib/gcc/arm-none-eabi/14.1.0/../../../../arm-none-eabi/lib/thumb/v6-m/nofp/libc_nano.a(libc_a-makebuf.o)
 .debug_info    0x00028e50      0x981 /usr/lib/gcc/arm-none-eabi/14.1.0/../../../../arm-none-eabi/lib/thumb/v6-m/nofp/libc_nano.a(libc_a-fstatr.o)
 .debug_info    0x000297d1      0x75c /usr/lib/gcc/arm-none-eabi/14.1.0/../../../../arm-none-eabi/lib/thumb/v6-m/nofp/libc_nano.a(libc_a-isattyr.o)
 .debug_info    0x00029f2d       0x31 /usr/lib/gcc/arm-none-eabi/14.1.0/thumb/v6-m/nofp/libgcc.a(_thumb1_case_shi.o)
 .debug_info    0x00029f5e       0x3d /usr/lib/gcc/arm-none-eabi/14.1.0/thumb/v6-m/nofp/libgcc.a(_udivsi3.o)
 .debug_info    0x00029f9b       0x3c /usr/lib/gcc/arm-none-eabi/14.1.0/thumb/v6-m/nofp/libgcc.a(_dvmd_tls.o)

.debug_abbrev   0x00000000     0x7461
 .debug_abbrev  0x00000000      0x315 build/main.o
 .debug_abbrev  0x00000315      0x22f build/ws2811.o
 .debug_abbrev  0x00000544      0x1d9 build/stm32f0xx_it.o
 .debug_abbrev  0x0000071d      0x1e3 build/stm32f0xx_hal_msp.o
 .debug_abbrev  0x00000900      0x1f6 build/usb_device.o
 .debug_abbrev  0x00000af6      0x233 build/usbd_desc.o
 .debug_abbrev  0x00000d29      0x35c build/usbd_conf.o
 .debug_abbrev  0x00001085      0x2f4 build/stm32f0xx_ll_usb.o
 .debug_abbrev  0x00001379      0x307 build/stm32f0xx_hal_pcd.o
 .debug_abbrev  0x00001680      0x278 build/stm32f0xx_hal_pcd_ex.o
 .debug_abbrev  0x000018f8      0x2b4 build/stm32f0xx_hal_rcc.o
 .debug_abbrev  0x00001bac      0x221 build/stm32f0xx_hal_rcc_ex.o
 .debug_abbrev  0x00001dcd      0x268 build/stm32f0xx_hal.o
 .debug_abbrev  0x00002035      0x222 build/stm32f0xx_hal_gpio.o
 .debug_abbrev  0x00002257      0x242 build/stm32f0xx_hal_dma.o
 .debug_abbrev  0x00002499      0x2f4 build/stm32f0xx_hal_cortex.o
 .debug_abbrev  0x0000278d      0x2ab build/stm32f0xx_hal_spi.o
 .debug_abbrev  0x00002a38      0x2bd build/stm32f0xx_hal_tim.o
 .debug_abbrev  0x00002cf5      0x29d build/stm32f0xx_hal_tim_ex.o
 .debug_abbrev  0x00002f92      0x134 build/system_stm32f0xx.o
 .debug_abbrev  0x000030c6      0x2b8 build/usbd_core.o
 .debug_abbrev  0x0000337e      0x2ec build/usbd_ctlreq.o
 .debug_abbrev  0x0000366a      0x18e build/usbd_ioreq.o
 .debug_abbrev  0x000037f8      0x282 build/usbd_cdc_if.o
 .debug_abbrev  0x00003a7a      0x32f build/usbd_cdc.o
 .debug_abbrev  0x00003da9       0x1d build/startup_stm32f042x6.o
 .debug_abbrev  0x00003dc6      0x405 /usr/lib/gcc/arm-none-eabi/14.1.0/../../../../arm-none-eabi/lib/thumb/v6-m/nofp/libc_nano.a(libc_a-findfp.o)
 .debug_abbrev  0x000041cb      0x19e /usr/lib/gcc/arm-none-eabi/14.1.0/../../../../arm-none-eabi/lib/thumb/v6-m/nofp/libc_nano.a(libc_a-fwalk.o)
 .debug_abbrev  0x00004369      0x21a /usr/lib/gcc/arm-none-eabi/14.1.0/../../../../arm-none-eabi/lib/thumb/v6-m/nofp/libc_nano.a(libc_a-printf.o)
 .debug_abbrev  0x00004583      0x1cd /usr/lib/gcc/arm-none-eabi/14.1.0/../../../../arm-none-eabi/lib/thumb/v6-m/nofp/libc_nano.a(libc_a-putchar.o)
 .debug_abbrev  0x00004750      0x206 /usr/lib/gcc/arm-none-eabi/14.1.0/../../../../arm-none-eabi/lib/thumb/v6-m/nofp/libc_nano.a(libc_a-stdio.o)
 .debug_abbrev  0x00004956       0x9e /usr/lib/gcc/arm-none-eabi/14.1.0/../../../../arm-none-eabi/lib/thumb/v6-m/nofp/libc_nano.a(libc_a-memset.o)
 .debug_abbrev  0x000049f4      0x1b0 /usr/lib/gcc/arm-none-eabi/14.1.0/../../../../arm-none-eabi/lib/thumb/v6-m/nofp/libc_nano.a(libc_a-closer.o)
 .debug_abbrev  0x00004ba4      0x1f4 /usr/lib/gcc/arm-none-eabi/14.1.0/../../../../arm-none-eabi/lib/thumb/v6-m/nofp/libc_nano.a(libc_a-reent.o)
 .debug_abbrev  0x00004d98      0x149 /usr/lib/gcc/arm-none-eabi/14.1.0/../../../../arm-none-eabi/lib/thumb/v6-m/nofp/libc_nano.a(libc_a-impure.o)
 .debug_abbrev  0x00004ee1      0x1c4 /usr/lib/gcc/arm-none-eabi/14.1.0/../../../../arm-none-eabi/lib/thumb/v6-m/nofp/libc_nano.a(libc_a-lseekr.o)
 .debug_abbrev  0x000050a5      0x1b0 /usr/lib/gcc/arm-none-eabi/14.1.0/../../../../arm-none-eabi/lib/thumb/v6-m/nofp/libc_nano.a(libc_a-readr.o)
 .debug_abbrev  0x00005255      0x1b5 /usr/lib/gcc/arm-none-eabi/14.1.0/../../../../arm-none-eabi/lib/thumb/v6-m/nofp/libc_nano.a(libc_a-writer.o)
 .debug_abbrev  0x0000540a       0xc9 /usr/lib/gcc/arm-none-eabi/14.1.0/../../../../arm-none-eabi/lib/thumb/v6-m/nofp/libc_nano.a(libc_a-init.o)
 .debug_abbrev  0x000054d3      0x115 /usr/lib/gcc/arm-none-eabi/14.1.0/../../../../arm-none-eabi/lib/thumb/v6-m/nofp/libc_nano.a(libc_a-lock.o)
 .debug_abbrev  0x000055e8       0xc1 /usr/lib/gcc/arm-none-eabi/14.1.0/../../../../arm-none-eabi/lib/thumb/v6-m/nofp/libc_nano.a(libc_a-memcpy-stub.o)
 .debug_abbrev  0x000056a9      0x233 /usr/lib/gcc/arm-none-eabi/14.1.0/../../../../arm-none-eabi/lib/thumb/v6-m/nofp/libc_nano.a(libc_a-freer.o)
 .debug_abbrev  0x000058dc      0x241 /usr/lib/gcc/arm-none-eabi/14.1.0/../../../../arm-none-eabi/lib/thumb/v6-m/nofp/libc_nano.a(libc_a-mallocr.o)
 .debug_abbrev  0x00005b1d      0x1bc /usr/lib/gcc/arm-none-eabi/14.1.0/../../../../arm-none-eabi/lib/thumb/v6-m/nofp/libc_nano.a(libc_a-mlock.o)
 .debug_abbrev  0x00005cd9      0x2fd /usr/lib/gcc/arm-none-eabi/14.1.0/../../../../arm-none-eabi/lib/thumb/v6-m/nofp/libc_nano.a(libc_a-nano-vfprintf.o)
 .debug_abbrev  0x00005fd6      0x29f /usr/lib/gcc/arm-none-eabi/14.1.0/../../../../arm-none-eabi/lib/thumb/v6-m/nofp/libc_nano.a(libc_a-nano-vfprintf_i.o)
 .debug_abbrev  0x00006275      0x298 /usr/lib/gcc/arm-none-eabi/14.1.0/../../../../arm-none-eabi/lib/thumb/v6-m/nofp/libc_nano.a(libc_a-fflush.o)
 .debug_abbrev  0x0000650d      0x24d /usr/lib/gcc/arm-none-eabi/14.1.0/../../../../arm-none-eabi/lib/thumb/v6-m/nofp/libc_nano.a(libc_a-putc.o)
 .debug_abbrev  0x0000675a      0x221 /usr/lib/gcc/arm-none-eabi/14.1.0/../../../../arm-none-eabi/lib/thumb/v6-m/nofp/libc_nano.a(libc_a-wbuf.o)
 .debug_abbrev  0x0000697b      0x1e2 /usr/lib/gcc/arm-none-eabi/14.1.0/../../../../arm-none-eabi/lib/thumb/v6-m/nofp/libc_nano.a(libc_a-wsetup.o)
 .debug_abbrev  0x00006b5d      0x1da /usr/lib/gcc/arm-none-eabi/14.1.0/../../../../arm-none-eabi/lib/thumb/v6-m/nofp/libc_nano.a(libc_a-sbrkr.o)
 .debug_abbrev  0x00006d37       0xb1 /usr/lib/gcc/arm-none-eabi/14.1.0/../../../../arm-none-eabi/lib/thumb/v6-m/nofp/libc_nano.a(libc_a-memchr-stub.o)
 .debug_abbrev  0x00006de8      0x290 /usr/lib/gcc/arm-none-eabi/14.1.0/../../../../arm-none-eabi/lib/thumb/v6-m/nofp/libc_nano.a(libc_a-makebuf.o)
 .debug_abbrev  0x00007078      0x1c3 /usr/lib/gcc/arm-none-eabi/14.1.0/../../../../arm-none-eabi/lib/thumb/v6-m/nofp/libc_nano.a(libc_a-fstatr.o)
 .debug_abbrev  0x0000723b      0x1b0 /usr/lib/gcc/arm-none-eabi/14.1.0/../../../../arm-none-eabi/lib/thumb/v6-m/nofp/libc_nano.a(libc_a-isattyr.o)
 .debug_abbrev  0x000073eb       0x28 /usr/lib/gcc/arm-none-eabi/14.1.0/thumb/v6-m/nofp/libgcc.a(_thumb1_case_shi.o)
 .debug_abbrev  0x00007413       0x28 /usr/lib/gcc/arm-none-eabi/14.1.0/thumb/v6-m/nofp/libgcc.a(_udivsi3.o)
 .debug_abbrev  0x0000743b       0x26 /usr/lib/gcc/arm-none-eabi/14.1.0/thumb/v6-m/nofp/libgcc.a(_dvmd_tls.o)

.debug_loc      0x00000000    0x1734f
 .debug_loc     0x00000000      0x236 build/main.o
 .debug_loc     0x00000236      0x2e4 build/ws2811.o
 .debug_loc     0x0000051a       0xcb build/stm32f0xx_it.o
 .debug_loc     0x000005e5      0x1e7 build/stm32f0xx_hal_msp.o
 .debug_loc     0x000007cc       0x2c build/usb_device.o
 .debug_loc     0x000007f8      0x4c9 build/usbd_desc.o
 .debug_loc     0x00000cc1     0x111d build/usbd_conf.o
 .debug_loc     0x00001dde     0x1d98 build/stm32f0xx_ll_usb.o
 .debug_loc     0x00003b76     0x1bb0 build/stm32f0xx_hal_pcd.o
 .debug_loc     0x00005726      0x330 build/stm32f0xx_hal_pcd_ex.o
 .debug_loc     0x00005a56      0x816 build/stm32f0xx_hal_rcc.o
 .debug_loc     0x0000626c      0x8a4 build/stm32f0xx_hal_rcc_ex.o
 .debug_loc     0x00006b10      0x1f9 build/stm32f0xx_hal.o
 .debug_loc     0x00006d09      0x47a build/stm32f0xx_hal_gpio.o
 .debug_loc     0x00007183      0xb4c build/stm32f0xx_hal_dma.o
 .debug_loc     0x00007ccf      0x3d4 build/stm32f0xx_hal_cortex.o
 .debug_loc     0x000080a3     0x2b14 build/stm32f0xx_hal_spi.o
 .debug_loc     0x0000abb7     0x68f1 build/stm32f0xx_hal_tim.o
 .debug_loc     0x000114a8     0x292c build/stm32f0xx_hal_tim_ex.o
 .debug_loc     0x00013dd4      0x1ae build/system_stm32f0xx.o
 .debug_loc     0x00013f82      0xc0c build/usbd_core.o
 .debug_loc     0x00014b8e     0x16c6 build/usbd_ctlreq.o
 .debug_loc     0x00016254      0x3f8 build/usbd_ioreq.o
 .debug_loc     0x0001664c      0x1fd build/usbd_cdc_if.o
 .debug_loc     0x00016849      0xb06 build/usbd_cdc.o

.debug_aranges  0x00000000     0x1730
 .debug_aranges
                0x00000000       0x50 build/main.o
 .debug_aranges
                0x00000050       0x28 build/ws2811.o
 .debug_aranges
                0x00000078       0x60 build/stm32f0xx_it.o
 .debug_aranges
                0x000000d8       0x40 build/stm32f0xx_hal_msp.o
 .debug_aranges
                0x00000118       0x20 build/usb_device.o
 .debug_aranges
                0x00000138       0x60 build/usbd_desc.o
 .debug_aranges
                0x00000198      0x118 build/usbd_conf.o
 .debug_aranges
                0x000002b0       0xc8 build/stm32f0xx_ll_usb.o
 .debug_aranges
                0x00000378      0x138 build/stm32f0xx_hal_pcd.o
 .debug_aranges
                0x000004b0       0x58 build/stm32f0xx_hal_pcd_ex.o
 .debug_aranges
                0x00000508       0x80 build/stm32f0xx_hal_rcc.o
 .debug_aranges
                0x00000588       0x78 build/stm32f0xx_hal_rcc_ex.o
 .debug_aranges
                0x00000600       0xd0 build/stm32f0xx_hal.o
 .debug_aranges
                0x000006d0       0x58 build/stm32f0xx_hal_gpio.o
 .debug_aranges
                0x00000728       0x88 build/stm32f0xx_hal_dma.o
 .debug_aranges
                0x000007b0       0x98 build/stm32f0xx_hal_cortex.o
 .debug_aranges
                0x00000848      0x1d8 build/stm32f0xx_hal_spi.o
 .debug_aranges
                0x00000a20      0x3d0 build/stm32f0xx_hal_tim.o
 .debug_aranges
                0x00000df0      0x168 build/stm32f0xx_hal_tim_ex.o
 .debug_aranges
                0x00000f58       0x28 build/system_stm32f0xx.o
 .debug_aranges
                0x00000f80       0xb8 build/usbd_core.o
 .debug_aranges
                0x00001038       0x88 build/usbd_ctlreq.o
 .debug_aranges
                0x000010c0       0x50 build/usbd_ioreq.o
 .debug_aranges
                0x00001110       0x40 build/usbd_cdc_if.o
 .debug_aranges
                0x00001150       0x90 build/usbd_cdc.o
 .debug_aranges
                0x000011e0       0x28 build/startup_stm32f042x6.o
 .debug_aranges
                0x00001208       0x78 /usr/lib/gcc/arm-none-eabi/14.1.0/../../../../arm-none-eabi/lib/thumb/v6-m/nofp/libc_nano.a(libc_a-findfp.o)
 .debug_aranges
                0x00001280       0x20 /usr/lib/gcc/arm-none-eabi/14.1.0/../../../../arm-none-eabi/lib/thumb/v6-m/nofp/libc_nano.a(libc_a-fwalk.o)
 .debug_aranges
                0x000012a0       0x28 /usr/lib/gcc/arm-none-eabi/14.1.0/../../../../arm-none-eabi/lib/thumb/v6-m/nofp/libc_nano.a(libc_a-printf.o)
 .debug_aranges
                0x000012c8       0x28 /usr/lib/gcc/arm-none-eabi/14.1.0/../../../../arm-none-eabi/lib/thumb/v6-m/nofp/libc_nano.a(libc_a-putchar.o)
 .debug_aranges
                0x000012f0       0x40 /usr/lib/gcc/arm-none-eabi/14.1.0/../../../../arm-none-eabi/lib/thumb/v6-m/nofp/libc_nano.a(libc_a-stdio.o)
 .debug_aranges
                0x00001330       0x20 /usr/lib/gcc/arm-none-eabi/14.1.0/../../../../arm-none-eabi/lib/thumb/v6-m/nofp/libc_nano.a(libc_a-memset.o)
 .debug_aranges
                0x00001350       0x20 /usr/lib/gcc/arm-none-eabi/14.1.0/../../../../arm-none-eabi/lib/thumb/v6-m/nofp/libc_nano.a(libc_a-closer.o)
 .debug_aranges
                0x00001370       0x20 /usr/lib/gcc/arm-none-eabi/14.1.0/../../../../arm-none-eabi/lib/thumb/v6-m/nofp/libc_nano.a(libc_a-reent.o)
 .debug_aranges
                0x00001390       0x18 /usr/lib/gcc/arm-none-eabi/14.1.0/../../../../arm-none-eabi/lib/thumb/v6-m/nofp/libc_nano.a(libc_a-impure.o)
 .debug_aranges
                0x000013a8       0x20 /usr/lib/gcc/arm-none-eabi/14.1.0/../../../../arm-none-eabi/lib/thumb/v6-m/nofp/libc_nano.a(libc_a-lseekr.o)
 .debug_aranges
                0x000013c8       0x20 /usr/lib/gcc/arm-none-eabi/14.1.0/../../../../arm-none-eabi/lib/thumb/v6-m/nofp/libc_nano.a(libc_a-readr.o)
 .debug_aranges
                0x000013e8       0x20 /usr/lib/gcc/arm-none-eabi/14.1.0/../../../../arm-none-eabi/lib/thumb/v6-m/nofp/libc_nano.a(libc_a-writer.o)
 .debug_aranges
                0x00001408       0x20 /usr/lib/gcc/arm-none-eabi/14.1.0/../../../../arm-none-eabi/lib/thumb/v6-m/nofp/libc_nano.a(libc_a-init.o)
 .debug_aranges
                0x00001428       0x68 /usr/lib/gcc/arm-none-eabi/14.1.0/../../../../arm-none-eabi/lib/thumb/v6-m/nofp/libc_nano.a(libc_a-lock.o)
 .debug_aranges
                0x00001490       0x20 /usr/lib/gcc/arm-none-eabi/14.1.0/../../../../arm-none-eabi/lib/thumb/v6-m/nofp/libc_nano.a(libc_a-memcpy-stub.o)
 .debug_aranges
                0x000014b0       0x20 /usr/lib/gcc/arm-none-eabi/14.1.0/../../../../arm-none-eabi/lib/thumb/v6-m/nofp/libc_nano.a(libc_a-freer.o)
 .debug_aranges
                0x000014d0       0x28 /usr/lib/gcc/arm-none-eabi/14.1.0/../../../../arm-none-eabi/lib/thumb/v6-m/nofp/libc_nano.a(libc_a-mallocr.o)
 .debug_aranges
                0x000014f8       0x28 /usr/lib/gcc/arm-none-eabi/14.1.0/../../../../arm-none-eabi/lib/thumb/v6-m/nofp/libc_nano.a(libc_a-mlock.o)
 .debug_aranges
                0x00001520       0x40 /usr/lib/gcc/arm-none-eabi/14.1.0/../../../../arm-none-eabi/lib/thumb/v6-m/nofp/libc_nano.a(libc_a-nano-vfprintf.o)
 .debug_aranges
                0x00001560       0x28 /usr/lib/gcc/arm-none-eabi/14.1.0/../../../../arm-none-eabi/lib/thumb/v6-m/nofp/libc_nano.a(libc_a-nano-vfprintf_i.o)
 .debug_aranges
                0x00001588       0x30 /usr/lib/gcc/arm-none-eabi/14.1.0/../../../../arm-none-eabi/lib/thumb/v6-m/nofp/libc_nano.a(libc_a-fflush.o)
 .debug_aranges
                0x000015b8       0x28 /usr/lib/gcc/arm-none-eabi/14.1.0/../../../../arm-none-eabi/lib/thumb/v6-m/nofp/libc_nano.a(libc_a-putc.o)
 .debug_aranges
                0x000015e0       0x28 /usr/lib/gcc/arm-none-eabi/14.1.0/../../../../arm-none-eabi/lib/thumb/v6-m/nofp/libc_nano.a(libc_a-wbuf.o)
 .debug_aranges
                0x00001608       0x20 /usr/lib/gcc/arm-none-eabi/14.1.0/../../../../arm-none-eabi/lib/thumb/v6-m/nofp/libc_nano.a(libc_a-wsetup.o)
 .debug_aranges
                0x00001628       0x20 /usr/lib/gcc/arm-none-eabi/14.1.0/../../../../arm-none-eabi/lib/thumb/v6-m/nofp/libc_nano.a(libc_a-sbrkr.o)
 .debug_aranges
                0x00001648       0x20 /usr/lib/gcc/arm-none-eabi/14.1.0/../../../../arm-none-eabi/lib/thumb/v6-m/nofp/libc_nano.a(libc_a-memchr-stub.o)
 .debug_aranges
                0x00001668       0x28 /usr/lib/gcc/arm-none-eabi/14.1.0/../../../../arm-none-eabi/lib/thumb/v6-m/nofp/libc_nano.a(libc_a-makebuf.o)
 .debug_aranges
                0x00001690       0x20 /usr/lib/gcc/arm-none-eabi/14.1.0/../../../../arm-none-eabi/lib/thumb/v6-m/nofp/libc_nano.a(libc_a-fstatr.o)
 .debug_aranges
                0x000016b0       0x20 /usr/lib/gcc/arm-none-eabi/14.1.0/../../../../arm-none-eabi/lib/thumb/v6-m/nofp/libc_nano.a(libc_a-isattyr.o)
 .debug_aranges
                0x000016d0       0x20 /usr/lib/gcc/arm-none-eabi/14.1.0/thumb/v6-m/nofp/libgcc.a(_thumb1_case_shi.o)
 .debug_aranges
                0x000016f0       0x20 /usr/lib/gcc/arm-none-eabi/14.1.0/thumb/v6-m/nofp/libgcc.a(_udivsi3.o)
 .debug_aranges
                0x00001710       0x20 /usr/lib/gcc/arm-none-eabi/14.1.0/thumb/v6-m/nofp/libgcc.a(_dvmd_tls.o)

.debug_ranges   0x00000000     0x14c0
 .debug_ranges  0x00000000       0x88 build/main.o
 .debug_ranges  0x00000088       0x90 build/ws2811.o
 .debug_ranges  0x00000118       0x50 build/stm32f0xx_it.o
 .debug_ranges  0x00000168       0x30 build/stm32f0xx_hal_msp.o
 .debug_ranges  0x00000198       0x10 build/usb_device.o
 .debug_ranges  0x000001a8       0x50 build/usbd_desc.o
 .debug_ranges  0x000001f8      0x108 build/usbd_conf.o
 .debug_ranges  0x00000300      0x2f0 build/stm32f0xx_ll_usb.o
 .debug_ranges  0x000005f0      0x238 build/stm32f0xx_hal_pcd.o
 .debug_ranges  0x00000828       0x48 build/stm32f0xx_hal_pcd_ex.o
 .debug_ranges  0x00000870       0x88 build/stm32f0xx_hal_rcc.o
 .debug_ranges  0x000008f8       0x80 build/stm32f0xx_hal_rcc_ex.o
 .debug_ranges  0x00000978       0xc0 build/stm32f0xx_hal.o
 .debug_ranges  0x00000a38       0x48 build/stm32f0xx_hal_gpio.o
 .debug_ranges  0x00000a80       0x78 build/stm32f0xx_hal_dma.o
 .debug_ranges  0x00000af8       0xa0 build/stm32f0xx_hal_cortex.o
 .debug_ranges  0x00000b98      0x1c8 build/stm32f0xx_hal_spi.o
 .debug_ranges  0x00000d60      0x3c0 build/stm32f0xx_hal_tim.o
 .debug_ranges  0x00001120      0x158 build/stm32f0xx_hal_tim_ex.o
 .debug_ranges  0x00001278       0x18 build/system_stm32f0xx.o
 .debug_ranges  0x00001290       0xa8 build/usbd_core.o
 .debug_ranges  0x00001338       0x78 build/usbd_ctlreq.o
 .debug_ranges  0x000013b0       0x40 build/usbd_ioreq.o
 .debug_ranges  0x000013f0       0x30 build/usbd_cdc_if.o
 .debug_ranges  0x00001420       0x80 build/usbd_cdc.o
 .debug_ranges  0x000014a0       0x20 build/startup_stm32f042x6.o

.debug_line     0x00000000    0x170ac
 .debug_line    0x00000000      0x5de build/main.o
 .debug_line    0x000005de      0x34f build/ws2811.o
 .debug_line    0x0000092d      0x280 build/stm32f0xx_it.o
 .debug_line    0x00000bad      0x2b6 build/stm32f0xx_hal_msp.o
 .debug_line    0x00000e63      0x287 build/usb_device.o
 .debug_line    0x000010ea      0x306 build/usbd_desc.o
 .debug_line    0x000013f0      0x7fa build/usbd_conf.o
 .debug_line    0x00001bea     0x16a5 build/stm32f0xx_ll_usb.o
 .debug_line    0x0000328f     0x176d build/stm32f0xx_hal_pcd.o
 .debug_line    0x000049fc      0x3ea build/stm32f0xx_hal_pcd_ex.o
 .debug_line    0x00004de6      0xcd4 build/stm32f0xx_hal_rcc.o
 .debug_line    0x00005aba      0x833 build/stm32f0xx_hal_rcc_ex.o
 .debug_line    0x000062ed      0x4b1 build/stm32f0xx_hal.o
 .debug_line    0x0000679e      0x624 build/stm32f0xx_hal_gpio.o
 .debug_line    0x00006dc2      0x9cd build/stm32f0xx_hal_dma.o
 .debug_line    0x0000778f      0x4c2 build/stm32f0xx_hal_cortex.o
 .debug_line    0x00007c51     0x2833 build/stm32f0xx_hal_spi.o
 .debug_line    0x0000a484     0x4845 build/stm32f0xx_hal_tim.o
 .debug_line    0x0000ecc9     0x19e4 build/stm32f0xx_hal_tim_ex.o
 .debug_line    0x000106ad      0x1d3 build/system_stm32f0xx.o
 .debug_line    0x00010880      0x715 build/usbd_core.o
 .debug_line    0x00010f95      0xa92 build/usbd_ctlreq.o
 .debug_line    0x00011a27      0x22c build/usbd_ioreq.o
 .debug_line    0x00011c53      0x209 build/usbd_cdc_if.o
 .debug_line    0x00011e5c      0x76d build/usbd_cdc.o
 .debug_line    0x000125c9       0x86 build/startup_stm32f042x6.o
 .debug_line    0x0001264f      0x5d6 /usr/lib/gcc/arm-none-eabi/14.1.0/../../../../arm-none-eabi/lib/thumb/v6-m/nofp/libc_nano.a(libc_a-findfp.o)
 .debug_line    0x00012c25      0x1dc /usr/lib/gcc/arm-none-eabi/14.1.0/../../../../arm-none-eabi/lib/thumb/v6-m/nofp/libc_nano.a(libc_a-fwalk.o)
 .debug_line    0x00012e01      0x1f1 /usr/lib/gcc/arm-none-eabi/14.1.0/../../../../arm-none-eabi/lib/thumb/v6-m/nofp/libc_nano.a(libc_a-printf.o)
 .debug_line    0x00012ff2      0x1b1 /usr/lib/gcc/arm-none-eabi/14.1.0/../../../../arm-none-eabi/lib/thumb/v6-m/nofp/libc_nano.a(libc_a-putchar.o)
 .debug_line    0x000131a3      0x291 /usr/lib/gcc/arm-none-eabi/14.1.0/../../../../arm-none-eabi/lib/thumb/v6-m/nofp/libc_nano.a(libc_a-stdio.o)
 .debug_line    0x00013434      0x11d /usr/lib/gcc/arm-none-eabi/14.1.0/../../../../arm-none-eabi/lib/thumb/v6-m/nofp/libc_nano.a(libc_a-memset.o)
 .debug_line    0x00013551      0x1bc /usr/lib/gcc/arm-none-eabi/14.1.0/../../../../arm-none-eabi/lib/thumb/v6-m/nofp/libc_nano.a(libc_a-closer.o)
 .debug_line    0x0001370d      0x28c /usr/lib/gcc/arm-none-eabi/14.1.0/../../../../arm-none-eabi/lib/thumb/v6-m/nofp/libc_nano.a(libc_a-reent.o)
 .debug_line    0x00013999      0x108 /usr/lib/gcc/arm-none-eabi/14.1.0/../../../../arm-none-eabi/lib/thumb/v6-m/nofp/libc_nano.a(libc_a-impure.o)
 .debug_line    0x00013aa1      0x1b7 /usr/lib/gcc/arm-none-eabi/14.1.0/../../../../arm-none-eabi/lib/thumb/v6-m/nofp/libc_nano.a(libc_a-lseekr.o)
 .debug_line    0x00013c58      0x1b6 /usr/lib/gcc/arm-none-eabi/14.1.0/../../../../arm-none-eabi/lib/thumb/v6-m/nofp/libc_nano.a(libc_a-readr.o)
 .debug_line    0x00013e0e      0x1b7 /usr/lib/gcc/arm-none-eabi/14.1.0/../../../../arm-none-eabi/lib/thumb/v6-m/nofp/libc_nano.a(libc_a-writer.o)
 .debug_line    0x00013fc5      0x119 /usr/lib/gcc/arm-none-eabi/14.1.0/../../../../arm-none-eabi/lib/thumb/v6-m/nofp/libc_nano.a(libc_a-init.o)
 .debug_line    0x000140de      0x17d /usr/lib/gcc/arm-none-eabi/14.1.0/../../../../arm-none-eabi/lib/thumb/v6-m/nofp/libc_nano.a(libc_a-lock.o)
 .debug_line    0x0001425b      0x190 /usr/lib/gcc/arm-none-eabi/14.1.0/../../../../arm-none-eabi/lib/thumb/v6-m/nofp/libc_nano.a(libc_a-memcpy-stub.o)
 .debug_line    0x000143eb      0x2b0 /usr/lib/gcc/arm-none-eabi/14.1.0/../../../../arm-none-eabi/lib/thumb/v6-m/nofp/libc_nano.a(libc_a-freer.o)
 .debug_line    0x0001469b      0x49b /usr/lib/gcc/arm-none-eabi/14.1.0/../../../../arm-none-eabi/lib/thumb/v6-m/nofp/libc_nano.a(libc_a-mallocr.o)
 .debug_line    0x00014b36      0x19c /usr/lib/gcc/arm-none-eabi/14.1.0/../../../../arm-none-eabi/lib/thumb/v6-m/nofp/libc_nano.a(libc_a-mlock.o)
 .debug_line    0x00014cd2      0x6c3 /usr/lib/gcc/arm-none-eabi/14.1.0/../../../../arm-none-eabi/lib/thumb/v6-m/nofp/libc_nano.a(libc_a-nano-vfprintf.o)
 .debug_line    0x00015395      0x650 /usr/lib/gcc/arm-none-eabi/14.1.0/../../../../arm-none-eabi/lib/thumb/v6-m/nofp/libc_nano.a(libc_a-nano-vfprintf_i.o)
 .debug_line    0x000159e5      0x3fd /usr/lib/gcc/arm-none-eabi/14.1.0/../../../../arm-none-eabi/lib/thumb/v6-m/nofp/libc_nano.a(libc_a-fflush.o)
 .debug_line    0x00015de2      0x23e /usr/lib/gcc/arm-none-eabi/14.1.0/../../../../arm-none-eabi/lib/thumb/v6-m/nofp/libc_nano.a(libc_a-putc.o)
 .debug_line    0x00016020      0x273 /usr/lib/gcc/arm-none-eabi/14.1.0/../../../../arm-none-eabi/lib/thumb/v6-m/nofp/libc_nano.a(libc_a-wbuf.o)
 .debug_line    0x00016293      0x28e /usr/lib/gcc/arm-none-eabi/14.1.0/../../../../arm-none-eabi/lib/thumb/v6-m/nofp/libc_nano.a(libc_a-wsetup.o)
 .debug_line    0x00016521      0x1bc /usr/lib/gcc/arm-none-eabi/14.1.0/../../../../arm-none-eabi/lib/thumb/v6-m/nofp/libc_nano.a(libc_a-sbrkr.o)
 .debug_line    0x000166dd      0x191 /usr/lib/gcc/arm-none-eabi/14.1.0/../../../../arm-none-eabi/lib/thumb/v6-m/nofp/libc_nano.a(libc_a-memchr-stub.o)
 .debug_line    0x0001686e      0x33a /usr/lib/gcc/arm-none-eabi/14.1.0/../../../../arm-none-eabi/lib/thumb/v6-m/nofp/libc_nano.a(libc_a-makebuf.o)
 .debug_line    0x00016ba8      0x249 /usr/lib/gcc/arm-none-eabi/14.1.0/../../../../arm-none-eabi/lib/thumb/v6-m/nofp/libc_nano.a(libc_a-fstatr.o)
 .debug_line    0x00016df1      0x1bd /usr/lib/gcc/arm-none-eabi/14.1.0/../../../../arm-none-eabi/lib/thumb/v6-m/nofp/libc_nano.a(libc_a-isattyr.o)
 .debug_line    0x00016fae       0x53 /usr/lib/gcc/arm-none-eabi/14.1.0/thumb/v6-m/nofp/libgcc.a(_thumb1_case_shi.o)
 .debug_line    0x00017001       0x61 /usr/lib/gcc/arm-none-eabi/14.1.0/thumb/v6-m/nofp/libgcc.a(_udivsi3.o)
 .debug_line    0x00017062       0x4a /usr/lib/gcc/arm-none-eabi/14.1.0/thumb/v6-m/nofp/libgcc.a(_dvmd_tls.o)

.debug_str      0x00000000     0x64cb
 .debug_str     0x00000000     0x64cb build/main.o
                                0xe4e (size before relaxing)
 .debug_str     0x000064cb      0x676 build/ws2811.o
 .debug_str     0x000064cb      0xc94 build/stm32f0xx_it.o
 .debug_str     0x000064cb      0xb77 build/stm32f0xx_hal_msp.o
 .debug_str     0x000064cb      0x700 build/usb_device.o
 .debug_str     0x000064cb      0x40f build/usbd_desc.o
 .debug_str     0x000064cb     0x1051 build/usbd_conf.o
 .debug_str     0x000064cb      0x635 build/stm32f0xx_ll_usb.o
 .debug_str     0x000064cb      0xaaa build/stm32f0xx_hal_pcd.o
 .debug_str     0x000064cb      0x734 build/stm32f0xx_hal_pcd_ex.o
 .debug_str     0x000064cb      0x62a build/stm32f0xx_hal_rcc.o
 .debug_str     0x000064cb      0x5d6 build/stm32f0xx_hal_rcc_ex.o
 .debug_str     0x000064cb      0x68f build/stm32f0xx_hal.o
 .debug_str     0x000064cb      0x3be build/stm32f0xx_hal_gpio.o
 .debug_str     0x000064cb      0x5e1 build/stm32f0xx_hal_dma.o
 .debug_str     0x000064cb      0x5d0 build/stm32f0xx_hal_cortex.o
 .debug_str     0x000064cb      0xb92 build/stm32f0xx_hal_spi.o
 .debug_str     0x000064cb     0x1643 build/stm32f0xx_hal_tim.o
 .debug_str     0x000064cb      0xe4f build/stm32f0xx_hal_tim_ex.o
 .debug_str     0x000064cb      0x23b build/system_stm32f0xx.o
 .debug_str     0x000064cb      0x821 build/usbd_core.o
 .debug_str     0x000064cb      0x709 build/usbd_ctlreq.o
 .debug_str     0x000064cb      0x636 build/usbd_ioreq.o
 .debug_str     0x000064cb      0x6d8 build/usbd_cdc_if.o
 .debug_str     0x000064cb      0xc1f build/usbd_cdc.o
 .debug_str     0x000064cb       0x4f build/startup_stm32f042x6.o
 .debug_str     0x000064cb      0x75b /usr/lib/gcc/arm-none-eabi/14.1.0/../../../../arm-none-eabi/lib/thumb/v6-m/nofp/libc_nano.a(libc_a-findfp.o)
 .debug_str     0x000064cb      0x4e8 /usr/lib/gcc/arm-none-eabi/14.1.0/../../../../arm-none-eabi/lib/thumb/v6-m/nofp/libc_nano.a(libc_a-fwalk.o)
 .debug_str     0x000064cb      0x513 /usr/lib/gcc/arm-none-eabi/14.1.0/../../../../arm-none-eabi/lib/thumb/v6-m/nofp/libc_nano.a(libc_a-printf.o)
 .debug_str     0x000064cb      0x4f2 /usr/lib/gcc/arm-none-eabi/14.1.0/../../../../arm-none-eabi/lib/thumb/v6-m/nofp/libc_nano.a(libc_a-putchar.o)
 .debug_str     0x000064cb      0x545 /usr/lib/gcc/arm-none-eabi/14.1.0/../../../../arm-none-eabi/lib/thumb/v6-m/nofp/libc_nano.a(libc_a-stdio.o)
 .debug_str     0x000064cb      0x1b8 /usr/lib/gcc/arm-none-eabi/14.1.0/../../../../arm-none-eabi/lib/thumb/v6-m/nofp/libc_nano.a(libc_a-memset.o)
 .debug_str     0x000064cb      0x4ce /usr/lib/gcc/arm-none-eabi/14.1.0/../../../../arm-none-eabi/lib/thumb/v6-m/nofp/libc_nano.a(libc_a-closer.o)
 .debug_str     0x000064cb      0x4f7 /usr/lib/gcc/arm-none-eabi/14.1.0/../../../../arm-none-eabi/lib/thumb/v6-m/nofp/libc_nano.a(libc_a-reent.o)