Archive member included to satisfy reference by file (symbol)

/usr/lib/gcc/arm-none-eabi/14.1.0/../../../../arm-none-eabi/lib/thumb/v6-m/nofp/libc_nano.a(libc_a-atexit.o)
                              /usr/lib/gcc/arm-none-eabi/14.1.0/../../../../arm-none-eabi/lib/thumb/v6-m/nofp/crt0.o (atexit)
/usr/lib/gcc/arm-none-eabi/14.1.0/../../../../arm-none-eabi/lib/thumb/v6-m/nofp/libc_nano.a(libc_a-exit.o)
                              /usr/lib/gcc/arm-none-eabi/14.1.0/../../../../arm-none-eabi/lib/thumb/v6-m/nofp/crt0.o (exit)
/usr/lib/gcc/arm-none-eabi/14.1.0/../../../../arm-none-eabi/lib/thumb/v6-m/nofp/libc_nano.a(libc_a-findfp.o)
                              /usr/lib/gcc/arm-none-eabi/14.1.0/../../../../arm-none-eabi/lib/thumb/v6-m/nofp/libc_nano.a(libc_a-exit.o) (__stdio_exit_handler)
/usr/lib/gcc/arm-none-eabi/14.1.0/../../../../arm-none-eabi/lib/thumb/v6-m/nofp/libc_nano.a(libc_a-fwalk.o)
                              /usr/lib/gcc/arm-none-eabi/14.1.0/../../../../arm-none-eabi/lib/thumb/v6-m/nofp/libc_nano.a(libc_a-findfp.o) (_fwalk_sglue)
/usr/lib/gcc/arm-none-eabi/14.1.0/../../../../arm-none-eabi/lib/thumb/v6-m/nofp/libc_nano.a(libc_a-stdio.o)
                              /usr/lib/gcc/arm-none-eabi/14.1.0/../../../../arm-none-eabi/lib/thumb/v6-m/nofp/libc_nano.a(libc_a-findfp.o) (__sread)
/usr/lib/gcc/arm-none-eabi/14.1.0/../../../../arm-none-eabi/lib/thumb/v6-m/nofp/libc_nano.a(libc_a-memset.o)
                              /usr/lib/gcc/arm-none-eabi/14.1.0/../../../../arm-none-eabi/lib/thumb/v6-m/nofp/crt0.o (memset)
/usr/lib/gcc/arm-none-eabi/14.1.0/../../../../arm-none-eabi/lib/thumb/v6-m/nofp/libc_nano.a(libc_a-closer.o)
                              /usr/lib/gcc/arm-none-eabi/14.1.0/../../../../arm-none-eabi/lib/thumb/v6-m/nofp/libc_nano.a(libc_a-stdio.o) (_close_r)
/usr/lib/gcc/arm-none-eabi/14.1.0/../../../../arm-none-eabi/lib/thumb/v6-m/nofp/libc_nano.a(libc_a-reent.o)
                              /usr/lib/gcc/arm-none-eabi/14.1.0/../../../../arm-none-eabi/lib/thumb/v6-m/nofp/libc_nano.a(libc_a-closer.o) (errno)
/usr/lib/gcc/arm-none-eabi/14.1.0/../../../../arm-none-eabi/lib/thumb/v6-m/nofp/libc_nano.a(libc_a-impure.o)
                              /usr/lib/gcc/arm-none-eabi/14.1.0/../../../../arm-none-eabi/lib/thumb/v6-m/nofp/libc_nano.a(libc_a-reent.o) (_impure_ptr)
/usr/lib/gcc/arm-none-eabi/14.1.0/../../../../arm-none-eabi/lib/thumb/v6-m/nofp/libc_nano.a(libc_a-lseekr.o)
                              /usr/lib/gcc/arm-none-eabi/14.1.0/../../../../arm-none-eabi/lib/thumb/v6-m/nofp/libc_nano.a(libc_a-stdio.o) (_lseek_r)
/usr/lib/gcc/arm-none-eabi/14.1.0/../../../../arm-none-eabi/lib/thumb/v6-m/nofp/libc_nano.a(libc_a-readr.o)
                              /usr/lib/gcc/arm-none-eabi/14.1.0/../../../../arm-none-eabi/lib/thumb/v6-m/nofp/libc_nano.a(libc_a-stdio.o) (_read_r)
/usr/lib/gcc/arm-none-eabi/14.1.0/../../../../arm-none-eabi/lib/thumb/v6-m/nofp/libc_nano.a(libc_a-writer.o)
                              /usr/lib/gcc/arm-none-eabi/14.1.0/../../../../arm-none-eabi/lib/thumb/v6-m/nofp/libc_nano.a(libc_a-stdio.o) (_write_r)
/usr/lib/gcc/arm-none-eabi/14.1.0/../../../../arm-none-eabi/lib/thumb/v6-m/nofp/libc_nano.a(libc_a-init.o)
                              /usr/lib/gcc/arm-none-eabi/14.1.0/../../../../arm-none-eabi/lib/thumb/v6-m/nofp/crt0.o (__libc_init_array)
/usr/lib/gcc/arm-none-eabi/14.1.0/../../../../arm-none-eabi/lib/thumb/v6-m/nofp/libc_nano.a(libc_a-fini.o)
                              /usr/lib/gcc/arm-none-eabi/14.1.0/../../../../arm-none-eabi/lib/thumb/v6-m/nofp/crt0.o (__libc_fini_array)
/usr/lib/gcc/arm-none-eabi/14.1.0/../../../../arm-none-eabi/lib/thumb/v6-m/nofp/libc_nano.a(libc_a-lock.o)
                              /usr/lib/gcc/arm-none-eabi/14.1.0/../../../../arm-none-eabi/lib/thumb/v6-m/nofp/libc_nano.a(libc_a-findfp.o) (__retarget_lock_init_recursive)
/usr/lib/gcc/arm-none-eabi/14.1.0/../../../../arm-none-eabi/lib/thumb/v6-m/nofp/libc_nano.a(libc_a-__atexit.o)
                              /usr/lib/gcc/arm-none-eabi/14.1.0/../../../../arm-none-eabi/lib/thumb/v6-m/nofp/libc_nano.a(libc_a-atexit.o) (__register_exitproc)
/usr/lib/gcc/arm-none-eabi/14.1.0/../../../../arm-none-eabi/lib/thumb/v6-m/nofp/libc_nano.a(libc_a-__call_atexit.o)
                              /usr/lib/gcc/arm-none-eabi/14.1.0/../../../../arm-none-eabi/lib/thumb/v6-m/nofp/libc_nano.a(libc_a-__atexit.o) (__call_exitprocs)
/usr/lib/gcc/arm-none-eabi/14.1.0/../../../../arm-none-eabi/lib/thumb/v6-m/nofp/libc_nano.a(libc_a-freer.o)
                              /usr/lib/gcc/arm-none-eabi/14.1.0/../../../../arm-none-eabi/lib/thumb/v6-m/nofp/libc_nano.a(libc_a-reent.o) (_free_r)
/usr/lib/gcc/arm-none-eabi/14.1.0/../../../../arm-none-eabi/lib/thumb/v6-m/nofp/libc_nano.a(libc_a-mallocr.o)
                              /usr/lib/gcc/arm-none-eabi/14.1.0/../../../../arm-none-eabi/lib/thumb/v6-m/nofp/libc_nano.a(libc_a-findfp.o) (_malloc_r)
[...]
Memory Configuration

Name             Origin             Length             Attributes
RAM              0x20000000         0x00001800         xrw
FLASH            0x08000000         0x00008000         xr
*default*        0x00000000         0xffffffff

Linker script and memory map

LOAD /usr/lib/gcc/arm-none-eabi/14.1.0/thumb/v6-m/nofp/crti.o
LOAD /usr/lib/gcc/arm-none-eabi/14.1.0/thumb/v6-m/nofp/crtbegin.o
LOAD /usr/lib/gcc/arm-none-eabi/14.1.0/../../../../arm-none-eabi/lib/thumb/v6-m/nofp/crt0.o
LOAD build/main.o
LOAD build/ws2811.o
LOAD build/stm32f0xx_it.o
LOAD build/stm32f0xx_hal_msp.o
LOAD build/usb_device.o
LOAD build/usbd_desc.o
LOAD build/usbd_conf.o
LOAD build/stm32f0xx_ll_usb.o
LOAD build/stm32f0xx_hal_pcd.o
LOAD build/stm32f0xx_hal_pcd_ex.o
LOAD build/stm32f0xx_hal_rcc.o
LOAD build/stm32f0xx_hal_rcc_ex.o
LOAD build/stm32f0xx_hal.o
LOAD build/stm32f0xx_hal_i2c.o
LOAD build/stm32f0xx_hal_i2c_ex.o
LOAD build/stm32f0xx_hal_gpio.o
LOAD build/stm32f0xx_hal_dma.o
LOAD build/stm32f0xx_hal_cortex.o
LOAD build/stm32f0xx_hal_pwr.o
LOAD build/stm32f0xx_hal_pwr_ex.o
LOAD build/stm32f0xx_hal_flash.o
LOAD build/stm32f0xx_hal_flash_ex.o
LOAD build/stm32f0xx_hal_exti.o
LOAD build/stm32f0xx_hal_spi.o
LOAD build/stm32f0xx_hal_spi_ex.o
LOAD build/stm32f0xx_hal_tim.o
LOAD build/stm32f0xx_hal_tim_ex.o
LOAD build/system_stm32f0xx.o
LOAD build/usbd_core.o
LOAD build/usbd_ctlreq.o
LOAD build/usbd_ioreq.o
LOAD build/usbd_custom_hid_if.o
LOAD build/usbd_customhid.o
LOAD build/startup_stm32f042x6.o
LOAD /usr/lib/gcc/arm-none-eabi/14.1.0/../../../../arm-none-eabi/lib/thumb/v6-m/nofp/libc_nano.a
LOAD /usr/lib/gcc/arm-none-eabi/14.1.0/../../../../arm-none-eabi/lib/thumb/v6-m/nofp/libm.a
LOAD /usr/lib/gcc/arm-none-eabi/14.1.0/../../../../arm-none-eabi/lib/thumb/v6-m/nofp/libnosys.a
START GROUP
LOAD /usr/lib/gcc/arm-none-eabi/14.1.0/thumb/v6-m/nofp/libgcc.a
LOAD /usr/lib/gcc/arm-none-eabi/14.1.0/../../../../arm-none-eabi/lib/thumb/v6-m/nofp/libc_nano.a
END GROUP
START GROUP
LOAD /usr/lib/gcc/arm-none-eabi/14.1.0/thumb/v6-m/nofp/libgcc.a
LOAD /usr/lib/gcc/arm-none-eabi/14.1.0/../../../../arm-none-eabi/lib/thumb/v6-m/nofp/libc_nano.a
END GROUP
LOAD /usr/lib/gcc/arm-none-eabi/14.1.0/thumb/v6-m/nofp/crtend.o
LOAD /usr/lib/gcc/arm-none-eabi/14.1.0/thumb/v6-m/nofp/crtn.o
                0x20001800                        _estack = (ORIGIN (RAM) + LENGTH (RAM))
                0x00000000                        _Min_Heap_Size = 0x0
                0x00000400                        _Min_Stack_Size = 0x400

.isr_vector     0x08000000       0xc0
                0x08000000                        . = ALIGN (0x4)
 *(.isr_vector)
 .isr_vector    0x08000000       0xc0 build/startup_stm32f042x6.o
                0x08000000                g_pfnVectors
                0x080000c0                        . = ALIGN (0x4)

.text           0x080000c0     0x4ab8
                0x080000c0                        . = ALIGN (0x4)
 *(.text)
 .text          0x080000c0       0x8c /usr/lib/gcc/arm-none-eabi/14.1.0/thumb/v6-m/nofp/libgcc.a(_udivsi3.o)
                0x080000c0                __udivsi3
                0x080000c0                __aeabi_uidiv
                0x08000138                __aeabi_uidivmod
 .text          0x0800014c        0x4 /usr/lib/gcc/arm-none-eabi/14.1.0/thumb/v6-m/nofp/libgcc.a(_dvmd_tls.o)
                0x0800014c                __aeabi_ldiv0
                0x0800014c                __aeabi_idiv0
 *(.text*)
 .text.__do_global_dtors_aux
                0x08000150       0x28 /usr/lib/gcc/arm-none-eabi/14.1.0/thumb/v6-m/nofp/crtbegin.o
 .text.frame_dummy
                0x08000178       0x20 /usr/lib/gcc/arm-none-eabi/14.1.0/thumb/v6-m/nofp/crtbegin.o
 .text.MX_GPIO_Init
                0x08000198       0x78 build/main.o
 .text.Error_Handler
                0x08000210        0x4 build/main.o
                0x08000210                Error_Handler
 .text.MX_SPI1_Init
                0x08000214       0x50 build/main.o
 .text.MX_TIM2_Init
                0x08000264       0x78 build/main.o
 .text.SystemClock_Config
                0x080002dc       0x74 build/main.o
                0x080002dc                SystemClock_Config
 .text.main     0x08000350       0xac build/main.o
                0x08000350                main
 .text.ws2811_tx
                0x080003fc       0x40 build/ws2811.o
                0x080003fc                ws2811_tx
 .text.ws2811_trigger
                0x0800043c       0xdc build/ws2811.o
                0x0800043c                ws2811_trigger
 .text.NMI_Handler
                0x08000518        0x2 build/stm32f0xx_it.o
                0x08000518                NMI_Handler
 .text.HardFault_Handler
                0x0800051a        0x2 build/stm32f0xx_it.o
                0x0800051a                HardFault_Handler
 .text.SVC_Handler
                0x0800051c        0x2 build/stm32f0xx_it.o
                0x0800051c                SVC_Handler
 .text.PendSV_Handler
                0x0800051e        0x2 build/stm32f0xx_it.o
                0x0800051e                PendSV_Handler
 .text.SysTick_Handler
                0x08000520        0x8 build/stm32f0xx_it.o
                0x08000520                SysTick_Handler
 .text.TIM2_IRQHandler
                0x08000528       0x10 build/stm32f0xx_it.o
                0x08000528                TIM2_IRQHandler
 .text.SPI1_IRQHandler
                0x08000538       0x10 build/stm32f0xx_it.o
                0x08000538                SPI1_IRQHandler
 .text.USB_IRQHandler
                0x08000548       0x10 build/stm32f0xx_it.o
                0x08000548                USB_IRQHandler
 .text.HAL_TIM_PeriodElapsedCallback
                0x08000558        0x8 build/stm32f0xx_it.o
                0x08000558                HAL_TIM_PeriodElapsedCallback
 .text.HAL_MspInit
                0x08000560       0x30 build/stm32f0xx_hal_msp.o
                0x08000560                HAL_MspInit
 .text.HAL_SPI_MspInit
                0x08000590       0x74 build/stm32f0xx_hal_msp.o
                0x08000590                HAL_SPI_MspInit
 .text.HAL_TIM_Base_MspInit
                0x08000604       0x3c build/stm32f0xx_hal_msp.o
                0x08000604                HAL_TIM_Base_MspInit
 .text.MX_USB_DEVICE_Init
                0x08000640       0x5c build/usb_device.o
                0x08000640                MX_USB_DEVICE_Init
 .text.USBD_FS_DeviceDescriptor
                0x0800069c        0xc build/usbd_desc.o
                0x0800069c                USBD_FS_DeviceDescriptor
 .text.USBD_FS_LangIDStrDescriptor
                0x080006a8        0xc build/usbd_desc.o
                0x080006a8                USBD_FS_LangIDStrDescriptor
 .text.IntToUnicode
                0x080006b4       0x30 build/usbd_desc.o
 .text.Get_SerialNum
                0x080006e4       0x40 build/usbd_desc.o
 .text.USBD_FS_SerialStrDescriptor
                0x08000724       0x14 build/usbd_desc.o
                0x08000724                USBD_FS_SerialStrDescriptor
 .text.USBD_FS_ProductStrDescriptor
                0x08000738       0x28 build/usbd_desc.o
                0x08000738                USBD_FS_ProductStrDescriptor
 .text.USBD_FS_ManufacturerStrDescriptor
                0x08000760       0x1c build/usbd_desc.o
                0x08000760                USBD_FS_ManufacturerStrDescriptor
 .text.USBD_FS_ConfigStrDescriptor
                0x0800077c       0x28 build/usbd_desc.o
                0x0800077c                USBD_FS_ConfigStrDescriptor
 .text.USBD_FS_InterfaceStrDescriptor
                0x080007a4       0x28 build/usbd_desc.o
                0x080007a4                USBD_FS_InterfaceStrDescriptor
 .text.USBD_Get_USB_Status
                0x080007cc       0x16 build/usbd_conf.o
 .text.SystemClockConfig_Resume
                0x080007e2        0x8 build/usbd_conf.o
 *fill*         0x080007ea        0x2 
 .text.HAL_PCD_MspInit
                0x080007ec       0x40 build/usbd_conf.o
                0x080007ec                HAL_PCD_MspInit
 .text.HAL_PCD_SetupStageCallback
                0x0800082c       0x16 build/usbd_conf.o
                0x0800082c                HAL_PCD_SetupStageCallback
 .text.HAL_PCD_DataOutStageCallback
                0x08000842       0x1e build/usbd_conf.o
                0x08000842                HAL_PCD_DataOutStageCallback
 .text.HAL_PCD_DataInStageCallback
                0x08000860       0x1a build/usbd_conf.o
                0x08000860                HAL_PCD_DataInStageCallback
 .text.HAL_PCD_SOFCallback
                0x0800087a        0xe build/usbd_conf.o
                0x0800087a                HAL_PCD_SOFCallback
 .text.HAL_PCD_ResetCallback
                0x08000888       0x24 build/usbd_conf.o
                0x08000888                HAL_PCD_ResetCallback
 .text.HAL_PCD_SuspendCallback
                0x080008ac       0x24 build/usbd_conf.o
                0x080008ac                HAL_PCD_SuspendCallback
 .text.HAL_PCD_ResumeCallback
                0x080008d0       0x2c build/usbd_conf.o
                0x080008d0                HAL_PCD_ResumeCallback
 .text.USBD_LL_Init
                0x080008fc       0x78 build/usbd_conf.o
                0x080008fc                USBD_LL_Init
 .text.USBD_LL_Start
                0x08000974       0x12 build/usbd_conf.o
                0x08000974                USBD_LL_Start
 .text.USBD_LL_OpenEP
                0x08000986       0x18 build/usbd_conf.o
                0x08000986                USBD_LL_OpenEP
 .text.USBD_LL_CloseEP
                0x0800099e       0x12 build/usbd_conf.o
                0x0800099e                USBD_LL_CloseEP
 .text.USBD_LL_StallEP
                0x080009b0       0x12 build/usbd_conf.o
                0x080009b0                USBD_LL_StallEP
 .text.USBD_LL_ClearStallEP
                0x080009c2       0x12 build/usbd_conf.o
                0x080009c2                USBD_LL_ClearStallEP
 .text.USBD_LL_IsStallEP
                0x080009d4       0x30 build/usbd_conf.o
                0x080009d4                USBD_LL_IsStallEP
 .text.USBD_LL_SetUSBAddress
                0x08000a04       0x12 build/usbd_conf.o
                0x08000a04                USBD_LL_SetUSBAddress
 .text.USBD_LL_Transmit
                0x08000a16       0x12 build/usbd_conf.o
                0x08000a16                USBD_LL_Transmit
 .text.USBD_LL_PrepareReceive
                0x08000a28       0x12 build/usbd_conf.o
                0x08000a28                USBD_LL_PrepareReceive
 *fill*         0x08000a3a        0x2 
 .text.USBD_static_malloc
                0x08000a3c        0x8 build/usbd_conf.o
                0x08000a3c                USBD_static_malloc
 .text.USBD_static_free
                0x08000a44        0x2 build/usbd_conf.o
                0x08000a44                USBD_static_free
 *fill*         0x08000a46        0x2 
 .text.USB_EnableGlobalInt
                0x08000a48       0x14 build/stm32f0xx_ll_usb.o
                0x08000a48                USB_EnableGlobalInt
 .text.USB_DisableGlobalInt
                0x08000a5c       0x14 build/stm32f0xx_ll_usb.o
                0x08000a5c                USB_DisableGlobalInt
 .text.USB_DevInit
                0x08000a70       0x1e build/stm32f0xx_ll_usb.o
                0x08000a70                USB_DevInit
 *fill*         0x08000a8e        0x2 
 .text.USB_ActivateEndpoint
                0x08000a90      0x324 build/stm32f0xx_ll_usb.o
                0x08000a90                USB_ActivateEndpoint
 .text.USB_DeactivateEndpoint
                0x08000db4      0x170 build/stm32f0xx_ll_usb.o
                0x08000db4                USB_DeactivateEndpoint
 .text.USB_EPSetStall
                0x08000f24       0x4c build/stm32f0xx_ll_usb.o
                0x08000f24                USB_EPSetStall
 .text.USB_EPClearStall
                0x08000f70       0x9c build/stm32f0xx_ll_usb.o
                0x08000f70                USB_EPClearStall
 .text.USB_SetDevAddress
                0x0800100c        0xe build/stm32f0xx_ll_usb.o
                0x0800100c                USB_SetDevAddress
 *fill*         0x0800101a        0x2 
 .text.USB_DevConnect
                0x0800101c       0x14 build/stm32f0xx_ll_usb.o
                0x0800101c                USB_DevConnect
 .text.USB_ReadInterrupts
                0x08001030        0x8 build/stm32f0xx_ll_usb.o
                0x08001030                USB_ReadInterrupts
 .text.USB_WritePMA
                0x08001038       0x28 build/stm32f0xx_ll_usb.o
                0x08001038                USB_WritePMA
 .text.USB_EPStartXfer
                0x08001060      0x734 build/stm32f0xx_ll_usb.o
                0x08001060                USB_EPStartXfer
 .text.USB_ReadPMA
                0x08001794       0x2c build/stm32f0xx_ll_usb.o
                0x08001794                USB_ReadPMA
 .text.HAL_PCD_EP_DB_Receive
                0x080017c0      0x110 build/stm32f0xx_hal_pcd.o
 .text.HAL_PCD_Init
                0x080018d0       0xc0 build/stm32f0xx_hal_pcd.o
                0x080018d0                HAL_PCD_Init
 .text.HAL_PCD_Start
                0x08001990       0x2e build/stm32f0xx_hal_pcd.o
                0x08001990                HAL_PCD_Start
 *fill*         0x080019be        0x2 
 .text.HAL_PCD_EP_DB_Transmit
                0x080019c0      0x3d8 build/stm32f0xx_hal_pcd.o
 .text.PCD_EP_ISR_Handler
                0x08001d98      0x560 build/stm32f0xx_hal_pcd.o
 .text.HAL_PCD_SetAddress
                0x080022f8       0x2a build/stm32f0xx_hal_pcd.o
                0x080022f8                HAL_PCD_SetAddress
 *fill*         0x08002322        0x2 
 .text.HAL_PCD_IRQHandler
                0x08002324      0x180 build/stm32f0xx_hal_pcd.o
                0x08002324                HAL_PCD_IRQHandler
 .text.HAL_PCD_EP_Open
                0x080024a4       0x7c build/stm32f0xx_hal_pcd.o
                0x080024a4                HAL_PCD_EP_Open
 .text.HAL_PCD_EP_Close
                0x08002520       0x6e build/stm32f0xx_hal_pcd.o
                0x08002520                HAL_PCD_EP_Close
 .text.HAL_PCD_EP_Receive
                0x0800258e       0x4a build/stm32f0xx_hal_pcd.o
                0x0800258e                HAL_PCD_EP_Receive
 .text.HAL_PCD_EP_Transmit
                0x080025d8       0x66 build/stm32f0xx_hal_pcd.o
                0x080025d8                HAL_PCD_EP_Transmit
 .text.HAL_PCD_EP_SetStall
                0x0800263e       0x74 build/stm32f0xx_hal_pcd.o
                0x0800263e                HAL_PCD_EP_SetStall
 .text.HAL_PCD_EP_ClrStall
                0x080026b2       0x80 build/stm32f0xx_hal_pcd.o
                0x080026b2                HAL_PCD_EP_ClrStall
 .text.HAL_PCDEx_PMAConfig
                0x08002732       0x3a build/stm32f0xx_hal_pcd_ex.o
                0x08002732                HAL_PCDEx_PMAConfig
 .text.HAL_PCDEx_ActivateLPM
                0x0800276c       0x2a build/stm32f0xx_hal_pcd_ex.o
                0x0800276c                HAL_PCDEx_ActivateLPM
 .text.HAL_PCDEx_LPM_Callback
                0x08002796        0x2 build/stm32f0xx_hal_pcd_ex.o
                0x08002796                HAL_PCDEx_LPM_Callback
 .text.HAL_RCC_OscConfig
                0x08002798      0x544 build/stm32f0xx_hal_rcc.o
                0x08002798                HAL_RCC_OscConfig
 .text.HAL_RCC_GetSysClockFreq
                0x08002cdc       0x84 build/stm32f0xx_hal_rcc.o
                0x08002cdc                HAL_RCC_GetSysClockFreq
 .text.HAL_RCC_ClockConfig
                0x08002d60      0x144 build/stm32f0xx_hal_rcc.o
                0x08002d60                HAL_RCC_ClockConfig
 .text.HAL_RCCEx_PeriphCLKConfig
                0x08002ea4      0x148 build/stm32f0xx_hal_rcc_ex.o
                0x08002ea4                HAL_RCCEx_PeriphCLKConfig
 .text.HAL_InitTick
                0x08002fec       0x50 build/stm32f0xx_hal.o
                0x08002fec                HAL_InitTick
 .text.HAL_Init
                0x0800303c       0x20 build/stm32f0xx_hal.o
                0x0800303c                HAL_Init
 .text.HAL_IncTick
                0x0800305c       0x18 build/stm32f0xx_hal.o
                0x0800305c                HAL_IncTick
 .text.HAL_GetTick
                0x08003074        0xc build/stm32f0xx_hal.o
                0x08003074                HAL_GetTick
 .text.HAL_Delay
                0x08003080       0x24 build/stm32f0xx_hal.o
                0x08003080                HAL_Delay
 .text.HAL_GPIO_Init
                0x080030a4      0x17c build/stm32f0xx_hal_gpio.o
                0x080030a4                HAL_GPIO_Init
 .text.HAL_GPIO_WritePin
                0x08003220        0xc build/stm32f0xx_hal_gpio.o
                0x08003220                HAL_GPIO_WritePin
 .text.HAL_DMA_Abort_IT
                0x0800322c       0x4a build/stm32f0xx_hal_dma.o
                0x0800322c                HAL_DMA_Abort_IT
 *fill*         0x08003276        0x2 
 .text.__NVIC_SetPriority
                0x08003278       0x60 build/stm32f0xx_hal_cortex.o
 .text.SysTick_Config
                0x080032d8       0x38 build/stm32f0xx_hal_cortex.o
 .text.HAL_NVIC_SetPriority
                0x08003310        0x8 build/stm32f0xx_hal_cortex.o
                0x08003310                HAL_NVIC_SetPriority
 .text.HAL_NVIC_EnableIRQ
                0x08003318       0x18 build/stm32f0xx_hal_cortex.o
                0x08003318                HAL_NVIC_EnableIRQ
 .text.HAL_SYSTICK_Config
                0x08003330        0x8 build/stm32f0xx_hal_cortex.o
                0x08003330                HAL_SYSTICK_Config
 .text.SPI_WaitFlagStateUntilTimeout
                0x08003338       0xe0 build/stm32f0xx_hal_spi.o
 .text.SPI_WaitFifoStateUntilTimeout
                0x08003418      0x10c build/stm32f0xx_hal_spi.o
 .text.SPI_EndRxTxTransaction
                0x08003524       0x68 build/stm32f0xx_hal_spi.o
 .text.HAL_SPI_Init
                0x0800358c      0x104 build/stm32f0xx_hal_spi.o
                0x0800358c                HAL_SPI_Init
 .text.HAL_SPI_Transmit_IT
                0x08003690       0xb0 build/stm32f0xx_hal_spi.o
                0x08003690                HAL_SPI_Transmit_IT
 .text.HAL_SPI_TxCpltCallback
                0x08003740        0x2 build/stm32f0xx_hal_spi.o
                0x08003740                HAL_SPI_TxCpltCallback
 .text.HAL_SPI_ErrorCallback
                0x08003742        0x2 build/stm32f0xx_hal_spi.o
                0x08003742                HAL_SPI_ErrorCallback
 .text.SPI_CloseTx_ISR
                0x08003744       0x5c build/stm32f0xx_hal_spi.o
 .text.SPI_TxISR_8BIT
                0x080037a0       0x26 build/stm32f0xx_hal_spi.o
 .text.SPI_TxISR_16BIT
                0x080037c6       0x26 build/stm32f0xx_hal_spi.o
 .text.HAL_SPI_IRQHandler
                0x080037ec      0x124 build/stm32f0xx_hal_spi.o
                0x080037ec                HAL_SPI_IRQHandler
 .text.SPI_DMAAbortOnError
                0x08003910       0x12 build/stm32f0xx_hal_spi.o
 .text.TIM_TI1_ConfigInputStage
                0x08003922       0x22 build/stm32f0xx_hal_tim.o
 .text.TIM_TI2_ConfigInputStage
                0x08003944       0x28 build/stm32f0xx_hal_tim.o
 .text.TIM_ITRx_SetConfig
                0x0800396c       0x10 build/stm32f0xx_hal_tim.o
 .text.HAL_TIM_OC_DelayElapsedCallback
                0x0800397c        0x2 build/stm32f0xx_hal_tim.o
                0x0800397c                HAL_TIM_OC_DelayElapsedCallback
 .text.HAL_TIM_IC_CaptureCallback
                0x0800397e        0x2 build/stm32f0xx_hal_tim.o
                0x0800397e                HAL_TIM_IC_CaptureCallback
 .text.HAL_TIM_PWM_PulseFinishedCallback
                0x08003980        0x2 build/stm32f0xx_hal_tim.o
                0x08003980                HAL_TIM_PWM_PulseFinishedCallback
 .text.HAL_TIM_TriggerCallback
                0x08003982        0x2 build/stm32f0xx_hal_tim.o
                0x08003982                HAL_TIM_TriggerCallback
 .text.HAL_TIM_IRQHandler
                0x08003984      0x13e build/stm32f0xx_hal_tim.o
                0x08003984                HAL_TIM_IRQHandler
 *fill*         0x08003ac2        0x2 
 .text.TIM_Base_SetConfig
                0x08003ac4       0xa0 build/stm32f0xx_hal_tim.o
                0x08003ac4                TIM_Base_SetConfig
 .text.HAL_TIM_Base_Init
                0x08003b64       0x58 build/stm32f0xx_hal_tim.o
                0x08003b64                HAL_TIM_Base_Init
 .text.TIM_ETR_SetConfig
                0x08003bbc       0x18 build/stm32f0xx_hal_tim.o
                0x08003bbc                TIM_ETR_SetConfig
 .text.HAL_TIM_ConfigClockSource
                0x08003bd4      0x108 build/stm32f0xx_hal_tim.o
                0x08003bd4                HAL_TIM_ConfigClockSource
 .text.HAL_TIMEx_MasterConfigSynchronization
                0x08003cdc       0x64 build/stm32f0xx_hal_tim_ex.o
                0x08003cdc                HAL_TIMEx_MasterConfigSynchronization
 .text.HAL_TIMEx_CommutCallback
                0x08003d40        0x2 build/stm32f0xx_hal_tim_ex.o
                0x08003d40                HAL_TIMEx_CommutCallback
 .text.HAL_TIMEx_BreakCallback
                0x08003d42        0x2 build/stm32f0xx_hal_tim_ex.o
                0x08003d42                HAL_TIMEx_BreakCallback
 .text.SystemInit
                0x08003d44        0x2 build/system_stm32f0xx.o
                0x08003d44                SystemInit
 .text.USBD_Init
                0x08003d46       0x38 build/usbd_core.o
                0x08003d46                USBD_Init
 .text.USBD_RegisterClass
                0x08003d7e       0x12 build/usbd_core.o
                0x08003d7e                USBD_RegisterClass
 .text.USBD_Start
                0x08003d90        0xa build/usbd_core.o
                0x08003d90                USBD_Start
 .text.USBD_SetClassConfig
                0x08003d9a       0x1e build/usbd_core.o
                0x08003d9a                USBD_SetClassConfig
 .text.USBD_ClrClassConfig
                0x08003db8       0x10 build/usbd_core.o
                0x08003db8                USBD_ClrClassConfig
 .text.USBD_LL_SetupStage
                0x08003dc8       0x64 build/usbd_core.o
                0x08003dc8                USBD_LL_SetupStage
 .text.USBD_LL_DataOutStage
                0x08003e2c       0xa4 build/usbd_core.o
                0x08003e2c                USBD_LL_DataOutStage
 .text.USBD_LL_DataInStage
                0x08003ed0       0xea build/usbd_core.o
                0x08003ed0                USBD_LL_DataInStage
 .text.USBD_LL_Reset
                0x08003fba       0x5e build/usbd_core.o
                0x08003fba                USBD_LL_Reset
 .text.USBD_LL_SetSpeed
                0x08004018        0x6 build/usbd_core.o
                0x08004018                USBD_LL_SetSpeed
 *fill*         0x0800401e        0x2 
 .text.USBD_LL_Suspend
                0x08004020       0x18 build/usbd_core.o
                0x08004020                USBD_LL_Suspend
 .text.USBD_LL_Resume
                0x08004038       0x1c build/usbd_core.o
                0x08004038                USBD_LL_Resume
 .text.USBD_LL_SOF
                0x08004054       0x20 build/usbd_core.o
                0x08004054                USBD_LL_SOF
 .text.USBD_GetLen
                0x08004074       0x14 build/usbd_ctlreq.o
 .text.USBD_SetFeature
                0x08004088       0x18 build/usbd_ctlreq.o
 .text.USBD_ParseSetupRequest
                0x080040a0       0x28 build/usbd_ctlreq.o
                0x080040a0                USBD_ParseSetupRequest
 .text.USBD_CtlError
                0x080040c8       0x14 build/usbd_ctlreq.o
                0x080040c8                USBD_CtlError
 .text.USBD_GetDescriptor
                0x080040dc      0x1b8 build/usbd_ctlreq.o
 .text.USBD_SetAddress
                0x08004294       0x60 build/usbd_ctlreq.o
 .text.USBD_SetConfig
                0x080042f4       0xb8 build/usbd_ctlreq.o
 .text.USBD_GetConfig
                0x080043ac       0x40 build/usbd_ctlreq.o
 .text.USBD_GetStatus
                0x080043ec       0x3e build/usbd_ctlreq.o
 .text.USBD_ClrFeature
                0x0800442a       0x2a build/usbd_ctlreq.o
 .text.USBD_StdDevReq
                0x08004454       0x6c build/usbd_ctlreq.o
                0x08004454                USBD_StdDevReq
 .text.USBD_StdItfReq
                0x080044c0       0x66 build/usbd_ctlreq.o
                0x080044c0                USBD_StdItfReq
 .text.USBD_StdEPReq
                0x08004526      0x210 build/usbd_ctlreq.o
                0x08004526                USBD_StdEPReq
 .text.USBD_GetString
                0x08004736       0x3c build/usbd_ctlreq.o
                0x08004736                USBD_GetString
 .text.USBD_CtlSendData
                0x08004772       0x1c build/usbd_ioreq.o
                0x08004772                USBD_CtlSendData
 .text.USBD_CtlContinueSendData
                0x0800478e       0x10 build/usbd_ioreq.o
                0x0800478e                USBD_CtlContinueSendData
 .text.USBD_CtlPrepareRx
                0x0800479e       0x22 build/usbd_ioreq.o
                0x0800479e                USBD_CtlPrepareRx
 .text.USBD_CtlContinueRx
                0x080047c0       0x10 build/usbd_ioreq.o
                0x080047c0                USBD_CtlContinueRx
 .text.USBD_CtlSendStatus
                0x080047d0       0x18 build/usbd_ioreq.o
                0x080047d0                USBD_CtlSendStatus
 .text.USBD_CtlReceiveStatus
                0x080047e8       0x18 build/usbd_ioreq.o
                0x080047e8                USBD_CtlReceiveStatus
 .text.CUSTOM_HID_Init_FS
                0x08004800        0x4 build/usbd_custom_hid_if.o
 .text.CUSTOM_HID_DeInit_FS
                0x08004804        0x4 build/usbd_custom_hid_if.o
 .text.CUSTOM_HID_OutEvent_FS
                0x08004808        0x4 build/usbd_custom_hid_if.o
 .text.USBD_CUSTOM_HID_GetFSCfgDesc
                0x0800480c        0xc build/usbd_customhid.o
 .text.USBD_CUSTOM_HID_GetHSCfgDesc
                0x08004818        0xc build/usbd_customhid.o
 .text.USBD_CUSTOM_HID_GetOtherSpeedCfgDesc
                0x08004824        0xc build/usbd_customhid.o
 .text.USBD_CUSTOM_HID_DataIn
                0x08004830       0x10 build/usbd_customhid.o
 .text.USBD_CUSTOM_HID_EP0_RxReady
                0x08004840       0x26 build/usbd_customhid.o
 *fill*         0x08004866        0x2 
 .text.USBD_CUSTOM_HID_GetDeviceQualifierDesc
                0x08004868        0xc build/usbd_customhid.o
 .text.USBD_CUSTOM_HID_DataOut
                0x08004874       0x26 build/usbd_customhid.o
 *fill*         0x0800489a        0x2 
 .text.USBD_CUSTOM_HID_Setup
                0x0800489c      0x138 build/usbd_customhid.o
 .text.USBD_CUSTOM_HID_DeInit
                0x080049d4       0x42 build/usbd_customhid.o
 .text.USBD_CUSTOM_HID_Init
                0x08004a16       0x5a build/usbd_customhid.o
 .text.USBD_CUSTOM_HID_RegisterInterface
                0x08004a70       0x12 build/usbd_customhid.o
                0x08004a70                USBD_CUSTOM_HID_RegisterInterface
 *fill*         0x08004a82        0x2 
 .text.Reset_Handler
                0x08004a84       0x80 build/startup_stm32f042x6.o
                0x08004a84                Reset_Handler
 .text.Default_Handler
                0x08004b04        0x2 build/startup_stm32f042x6.o
                0x08004b04                TIM1_CC_IRQHandler
                0x08004b04                TSC_IRQHandler
                0x08004b04                I2C1_IRQHandler
                0x08004b04                RCC_CRS_IRQHandler
                0x08004b04                EXTI2_3_IRQHandler
                0x08004b04                ADC1_IRQHandler
                0x08004b04                TIM17_IRQHandler
                0x08004b04                CEC_CAN_IRQHandler
                0x08004b04                RTC_IRQHandler
                0x08004b04                PVD_VDDIO2_IRQHandler
                0x08004b04                TIM16_IRQHandler
                0x08004b04                TIM3_IRQHandler
                0x08004b04                EXTI4_15_IRQHandler
                0x08004b04                DMA1_Channel1_IRQHandler
                0x08004b04                Default_Handler
                0x08004b04                TIM14_IRQHandler
                0x08004b04                DMA1_Channel4_5_IRQHandler
                0x08004b04                EXTI0_1_IRQHandler
                0x08004b04                SPI2_IRQHandler
                0x08004b04                WWDG_IRQHandler
                0x08004b04                DMA1_Channel2_3_IRQHandler
                0x08004b04                USART2_IRQHandler
                0x08004b04                FLASH_IRQHandler
                0x08004b04                USART1_IRQHandler
                0x08004b04                TIM1_BRK_UP_TRG_COM_IRQHandler
 .text.memset   0x08004b06       0x10 /usr/lib/gcc/arm-none-eabi/14.1.0/../../../../arm-none-eabi/lib/thumb/v6-m/nofp/libc_nano.a(libc_a-memset.o)
                0x08004b06                memset
 *fill*         0x08004b16        0x2 
 .text.__libc_init_array
                0x08004b18       0x48 /usr/lib/gcc/arm-none-eabi/14.1.0/../../../../arm-none-eabi/lib/thumb/v6-m/nofp/libc_nano.a(libc_a-init.o)
                0x08004b18                __libc_init_array
 *(.glue_7)
 .glue_7        0x08004b60        0x0 linker stubs
 *(.glue_7t)
 .glue_7t       0x08004b60        0x0 linker stubs
 *(.eh_frame)
 .eh_frame      0x08004b60        0x0 /usr/lib/gcc/arm-none-eabi/14.1.0/thumb/v6-m/nofp/crtbegin.o
 *(.init)
 .init          0x08004b60        0x4 /usr/lib/gcc/arm-none-eabi/14.1.0/thumb/v6-m/nofp/crti.o
                0x08004b60                _init
 .init          0x08004b64        0x8 /usr/lib/gcc/arm-none-eabi/14.1.0/thumb/v6-m/nofp/crtn.o
 *(.fini)
 .fini          0x08004b6c        0x4 /usr/lib/gcc/arm-none-eabi/14.1.0/thumb/v6-m/nofp/crti.o
                0x08004b6c                _fini
 .fini          0x08004b70        0x8 /usr/lib/gcc/arm-none-eabi/14.1.0/thumb/v6-m/nofp/crtn.o
                0x08004b78                        . = ALIGN (0x4)
                0x08004b78                        _etext = .

.vfp11_veneer   0x08004b78        0x0
 .vfp11_veneer  0x08004b78        0x0 linker stubs

.v4_bx          0x08004b78        0x0
 .v4_bx         0x08004b78        0x0 linker stubs

.iplt           0x08004b78        0x0
 .iplt          0x08004b78        0x0 /usr/lib/gcc/arm-none-eabi/14.1.0/thumb/v6-m/nofp/crtbegin.o

.rodata         0x08004b78      0x120
                0x08004b78                        . = ALIGN (0x4)
 *(.rodata)
 *(.rodata*)
 .rodata.USBD_FS_ProductStrDescriptor.str1.4
                0x08004b78       0x5d build/usbd_desc.o
                                 0x1d (size before relaxing)
 .rodata.USBD_FS_ManufacturerStrDescriptor.str1.4
                0x08004bd5       0x13 build/usbd_desc.o
 .rodata.USBD_FS_ConfigStrDescriptor.str1.4
                0x08004bd5       0x12 build/usbd_desc.o
 .rodata.USBD_FS_InterfaceStrDescriptor.str1.4
                0x08004bd5       0x15 build/usbd_desc.o
 *fill*         0x08004bd5        0x3 
 .rodata.aPredivFactorTable.0
                0x08004bd8       0x10 build/stm32f0xx_hal_rcc.o
 .rodata.aPLLMULFactorTable.1
                0x08004be8       0x10 build/stm32f0xx_hal_rcc.o
 .rodata.AHBPrescTable
                0x08004bf8       0x10 build/system_stm32f0xx.o
                0x08004bf8                AHBPrescTable
 .rodata.USBD_GetDescriptor
                0x08004c08       0x38 build/usbd_ctlreq.o
 .rodata.USBD_StdDevReq
                0x08004c40       0x28 build/usbd_ctlreq.o
 .rodata.USBD_CUSTOM_HID_Setup
                0x08004c68       0x30 build/usbd_customhid.o
                0x08004c98                        . = ALIGN (0x4)

.rel.dyn        0x08004c98        0x0
 .rel.iplt      0x08004c98        0x0 /usr/lib/gcc/arm-none-eabi/14.1.0/thumb/v6-m/nofp/crtbegin.o

.ARM.extab
 *(.ARM.extab* .gnu.linkonce.armextab.*)

.ARM            0x08004c98        0x0
                0x08004c98                        __exidx_start = .
 *(.ARM.exidx*)
                0x08004c98                        __exidx_end = .

.preinit_array  0x08004c98        0x0
                0x08004c98                        PROVIDE (__preinit_array_start = .)
 *(.preinit_array*)
                0x08004c98                        PROVIDE (__preinit_array_end = .)

.init_array     0x08004c98        0x4
                0x08004c98                        PROVIDE (__init_array_start = .)
 *(SORT_BY_NAME(.init_array.*))
 *(.init_array*)
 .init_array    0x08004c98        0x4 /usr/lib/gcc/arm-none-eabi/14.1.0/thumb/v6-m/nofp/crtbegin.o
                0x08004c9c                        PROVIDE (__init_array_end = .)

.fini_array     0x08004c9c        0x4
                0x08004c9c                        PROVIDE (__fini_array_start = .)
 *(SORT_BY_NAME(.fini_array.*))
 *(.fini_array*)
 .fini_array    0x08004c9c        0x4 /usr/lib/gcc/arm-none-eabi/14.1.0/thumb/v6-m/nofp/crtbegin.o
                0x08004ca0                        PROVIDE (__fini_array_end = .)
                0x08004ca0                        _sidata = LOADADDR (.data)

.data           0x20000000      0x208 load address 0x08004ca0
                0x20000000                        . = ALIGN (0x4)
                0x20000000                        _sdata = .
 *(.data)
 *(.data*)
 .data.USBD_StringSerial
                0x20000000       0x1a build/usbd_desc.o
                0x20000000                USBD_StringSerial
 *fill*         0x2000001a        0x2 
 .data.USBD_LangIDDesc
                0x2000001c        0x4 build/usbd_desc.o
                0x2000001c                USBD_LangIDDesc
 .data.USBD_FS_DeviceDesc
                0x20000020       0x12 build/usbd_desc.o
                0x20000020                USBD_FS_DeviceDesc
 *fill*         0x20000032        0x2 
 .data.FS_Desc  0x20000034       0x1c build/usbd_desc.o
                0x20000034                FS_Desc
 .data.uwTickFreq
                0x20000050        0x1 build/stm32f0xx_hal.o
                0x20000050                uwTickFreq
 *fill*         0x20000051        0x3 
 .data.uwTickPrio
                0x20000054        0x4 build/stm32f0xx_hal.o
                0x20000054                uwTickPrio
 .data.SystemCoreClock
                0x20000058        0x4 build/system_stm32f0xx.o
                0x20000058                SystemCoreClock
 .data.USBD_CustomHID_fops_FS
                0x2000005c       0x10 build/usbd_custom_hid_if.o
                0x2000005c                USBD_CustomHID_fops_FS
 .data.CUSTOM_HID_ReportDesc_FS
                0x2000006c       0xc8 build/usbd_custom_hid_if.o
 .data.USBD_CUSTOM_HID_DeviceQualifierDesc
                0x20000134        0xa build/usbd_customhid.o
 *fill*         0x2000013e        0x2 
 .data.USBD_CUSTOM_HID_Desc
                0x20000140        0x9 build/usbd_customhid.o
 *fill*         0x20000149        0x3 
 .data.USBD_CUSTOM_HID_OtherSpeedCfgDesc
                0x2000014c       0x29 build/usbd_customhid.o
 *fill*         0x20000175        0x3 
 .data.USBD_CUSTOM_HID_CfgHSDesc
                0x20000178       0x29 build/usbd_customhid.o
 *fill*         0x200001a1        0x3 
 .data.USBD_CUSTOM_HID_CfgFSDesc
                0x200001a4       0x29 build/usbd_customhid.o
 *fill*         0x200001cd        0x3 
 .data.USBD_CUSTOM_HID
                0x200001d0       0x38 build/usbd_customhid.o
                0x200001d0                USBD_CUSTOM_HID
                0x20000208                        . = ALIGN (0x4)
                0x20000208                        _edata = .

.igot.plt       0x20000208        0x0 load address 0x08004ea8
 .igot.plt      0x20000208        0x0 /usr/lib/gcc/arm-none-eabi/14.1.0/thumb/v6-m/nofp/crtbegin.o
                0x20000208                        . = ALIGN (0x4)

.bss            0x20000208      0xb5c load address 0x08004ea8
                0x20000208                        _sbss = .
                0x20000208                        __bss_start__ = _sbss
 *(.bss)
 *(.bss*)
 .bss.completed.1
                0x20000208        0x1 /usr/lib/gcc/arm-none-eabi/14.1.0/thumb/v6-m/nofp/crtbegin.o
 *fill*         0x20000209        0x3 
 .bss.object.0  0x2000020c       0x18 /usr/lib/gcc/arm-none-eabi/14.1.0/thumb/v6-m/nofp/crtbegin.o
 .bss.buff.0    0x20000224       0x6c build/main.o
 .bss.htim2     0x20000290       0x48 build/main.o
                0x20000290                htim2
 .bss.hspi1     0x200002d8       0x64 build/main.o
                0x200002d8                hspi1
 .bss.output_buff
                0x2000033c      0x1b3 build/ws2811.o
 *fill*         0x200004ef        0x1 
 .bss.spi_d     0x200004f0        0x4 build/ws2811.o
 .bss.spi_index
                0x200004f4        0x4 build/ws2811.o
 .bss.ws2811_bkup_buffer
                0x200004f8       0x6c build/ws2811.o
 .bss.hUsbDeviceFS
                0x20000564      0x2c4 build/usb_device.o
                0x20000564                hUsbDeviceFS
 .bss.USBD_StrDesc
                0x20000828      0x200 build/usbd_desc.o
                0x20000828                USBD_StrDesc
 .bss.mem.0     0x20000a28       0x58 build/usbd_conf.o
 .bss.hpcd_USB_FS
                0x20000a80      0x2dc build/usbd_conf.o
                0x20000a80                hpcd_USB_FS
 .bss.uwTick    0x20000d5c        0x4 build/stm32f0xx_hal.o
                0x20000d5c                uwTick
 .bss.cfgidx.0  0x20000d60        0x1 build/usbd_ctlreq.o
 *(COMMON)
                0x20000d64                        . = ALIGN (0x4)
 *fill*         0x20000d61        0x3 
                0x20000d64                        _ebss = .
                0x20000d64                        __bss_end__ = _ebss

._user_heap_stack
                0x20000d64      0x404 load address 0x08004ea8
                0x20000d68                        . = ALIGN (0x8)
 *fill*         0x20000d64        0x4 
                0x20000d68                        PROVIDE (end = .)
                [!provide]                        PROVIDE (_end = .)
                0x20000d68                        . = (. + _Min_Heap_Size)
                0x20001168                        . = (. + _Min_Stack_Size)
 *fill*         0x20000d68      0x400 
                0x20001168                        . = ALIGN (0x8)

/DISCARD/
 libc.a(*)
 libm.a(*)
 libgcc.a(*)

.ARM.attributes
                0x00000000       0x28
 *(.ARM.attributes)
 .ARM.attributes
                0x00000000       0x1e /usr/lib/gcc/arm-none-eabi/14.1.0/thumb/v6-m/nofp/crti.o
 .ARM.attributes
                0x0000001e       0x2c /usr/lib/gcc/arm-none-eabi/14.1.0/thumb/v6-m/nofp/crtbegin.o
 .ARM.attributes
                0x0000004a       0x2c build/main.o
 .ARM.attributes
                0x00000076       0x2c build/ws2811.o
 .ARM.attributes
                0x000000a2       0x2c build/stm32f0xx_it.o
 .ARM.attributes
                0x000000ce       0x2c build/stm32f0xx_hal_msp.o
 .ARM.attributes
                0x000000fa       0x2c build/usb_device.o
 .ARM.attributes
                0x00000126       0x2c build/usbd_desc.o
 .ARM.attributes
                0x00000152       0x2c build/usbd_conf.o
 .ARM.attributes
                0x0000017e       0x2c build/stm32f0xx_ll_usb.o
 .ARM.attributes
                0x000001aa       0x2c build/stm32f0xx_hal_pcd.o
 .ARM.attributes
                0x000001d6       0x2c build/stm32f0xx_hal_pcd_ex.o
 .ARM.attributes
                0x00000202       0x2c build/stm32f0xx_hal_rcc.o
 .ARM.attributes
                0x0000022e       0x2c build/stm32f0xx_hal_rcc_ex.o
 .ARM.attributes
                0x0000025a       0x2c build/stm32f0xx_hal.o
 .ARM.attributes
                0x00000286       0x2c build/stm32f0xx_hal_gpio.o
 .ARM.attributes
                0x000002b2       0x2c build/stm32f0xx_hal_dma.o
 .ARM.attributes
                0x000002de       0x2c build/stm32f0xx_hal_cortex.o
 .ARM.attributes
                0x0000030a       0x2c build/stm32f0xx_hal_spi.o
 .ARM.attributes
                0x00000336       0x2c build/stm32f0xx_hal_tim.o
 .ARM.attributes
                0x00000362       0x2c build/stm32f0xx_hal_tim_ex.o
 .ARM.attributes
                0x0000038e       0x2c build/system_stm32f0xx.o
 .ARM.attributes
                0x000003ba       0x2c build/usbd_core.o
 .ARM.attributes
                0x000003e6       0x2c build/usbd_ctlreq.o
 .ARM.attributes
                0x00000412       0x2c build/usbd_ioreq.o
 .ARM.attributes
                0x0000043e       0x2c build/usbd_custom_hid_if.o
 .ARM.attributes
                0x0000046a       0x2c build/usbd_customhid.o
 .ARM.attributes
                0x00000496       0x21 build/startup_stm32f042x6.o
 .ARM.attributes
                0x000004b7       0x2c /usr/lib/gcc/arm-none-eabi/14.1.0/../../../../arm-none-eabi/lib/thumb/v6-m/nofp/libc_nano.a(libc_a-memset.o)
 .ARM.attributes
                0x000004e3       0x2c /usr/lib/gcc/arm-none-eabi/14.1.0/../../../../arm-none-eabi/lib/thumb/v6-m/nofp/libc_nano.a(libc_a-init.o)
 .ARM.attributes
                0x0000050f       0x1e /usr/lib/gcc/arm-none-eabi/14.1.0/thumb/v6-m/nofp/libgcc.a(_udivsi3.o)
 .ARM.attributes
                0x0000052d       0x1e /usr/lib/gcc/arm-none-eabi/14.1.0/thumb/v6-m/nofp/libgcc.a(_dvmd_tls.o)
 .ARM.attributes
                0x0000054b       0x1e /usr/lib/gcc/arm-none-eabi/14.1.0/thumb/v6-m/nofp/crtn.o
OUTPUT(build/fw2.elf elf32-littlearm)
LOAD linker stubs
LOAD /usr/lib/gcc/arm-none-eabi/14.1.0/../../../../arm-none-eabi/lib/thumb/v6-m/nofp/libc.a
LOAD /usr/lib/gcc/arm-none-eabi/14.1.0/../../../../arm-none-eabi/lib/thumb/v6-m/nofp/libm.a
LOAD /usr/lib/gcc/arm-none-eabi/14.1.0/thumb/v6-m/nofp/libgcc.a

.debug_info     0x00000000    0x1a73c
 .debug_info    0x00000000     0x1562 build/main.o
 .debug_info    0x00001562      0x94e build/ws2811.o
 .debug_info    0x00001eb0     0x10e4 build/stm32f0xx_it.o
 .debug_info    0x00002f94      0xfa0 build/stm32f0xx_hal_msp.o
 .debug_info    0x00003f34      0x76c build/usb_device.o
 .debug_info    0x000046a0      0x654 build/usbd_desc.o
 .debug_info    0x00004cf4     0x1f20 build/usbd_conf.o
 .debug_info    0x00006c14     0x1be7 build/stm32f0xx_ll_usb.o
 .debug_info    0x000087fb     0x1e31 build/stm32f0xx_hal_pcd.o
 .debug_info    0x0000a62c      0xa9e build/stm32f0xx_hal_pcd_ex.o
 .debug_info    0x0000b0ca      0xba8 build/stm32f0xx_hal_rcc.o
 .debug_info    0x0000bc72      0x7b5 build/stm32f0xx_hal_rcc_ex.o
 .debug_info    0x0000c427      0x827 build/stm32f0xx_hal.o
 .debug_info    0x0000cc4e      0x6da build/stm32f0xx_hal_gpio.o
 .debug_info    0x0000d328      0x93e build/stm32f0xx_hal_dma.o
 .debug_info    0x0000dc66      0x8e1 build/stm32f0xx_hal_cortex.o
 .debug_info    0x0000e547     0x236a build/stm32f0xx_hal_spi.o
 .debug_info    0x000108b1     0x40f0 build/stm32f0xx_hal_tim.o
 .debug_info    0x000149a1     0x1cb9 build/stm32f0xx_hal_tim_ex.o
 .debug_info    0x0001665a      0x2ce build/system_stm32f0xx.o
 .debug_info    0x00016928      0xfa2 build/usbd_core.o
 .debug_info    0x000178ca     0x123b build/usbd_ctlreq.o
 .debug_info    0x00018b05      0x946 build/usbd_ioreq.o
 .debug_info    0x0001944b      0x203 build/usbd_custom_hid_if.o
 .debug_info    0x0001964e      0xe5a build/usbd_customhid.o
 .debug_info    0x0001a4a8       0x30 build/startup_stm32f042x6.o
 .debug_info    0x0001a4d8       0xe0 /usr/lib/gcc/arm-none-eabi/14.1.0/../../../../arm-none-eabi/lib/thumb/v6-m/nofp/libc_nano.a(libc_a-memset.o)
 .debug_info    0x0001a5b8      0x10b /usr/lib/gcc/arm-none-eabi/14.1.0/../../../../arm-none-eabi/lib/thumb/v6-m/nofp/libc_nano.a(libc_a-init.o)
 .debug_info    0x0001a6c3       0x3d /usr/lib/gcc/arm-none-eabi/14.1.0/thumb/v6-m/nofp/libgcc.a(_udivsi3.o)
 .debug_info    0x0001a700       0x3c /usr/lib/gcc/arm-none-eabi/14.1.0/thumb/v6-m/nofp/libgcc.a(_dvmd_tls.o)

.debug_abbrev   0x00000000     0x3d4f
 .debug_abbrev  0x00000000      0x310 build/main.o
 .debug_abbrev  0x00000310      0x216 build/ws2811.o
 .debug_abbrev  0x00000526      0x1d9 build/stm32f0xx_it.o
 .debug_abbrev  0x000006ff      0x1e3 build/stm32f0xx_hal_msp.o
 .debug_abbrev  0x000008e2      0x195 build/usb_device.o
 .debug_abbrev  0x00000a77      0x23c build/usbd_desc.o
 .debug_abbrev  0x00000cb3      0x35c build/usbd_conf.o
 .debug_abbrev  0x0000100f      0x2f4 build/stm32f0xx_ll_usb.o
 .debug_abbrev  0x00001303      0x307 build/stm32f0xx_hal_pcd.o
 .debug_abbrev  0x0000160a      0x278 build/stm32f0xx_hal_pcd_ex.o
 .debug_abbrev  0x00001882      0x2b4 build/stm32f0xx_hal_rcc.o
 .debug_abbrev  0x00001b36      0x221 build/stm32f0xx_hal_rcc_ex.o
 .debug_abbrev  0x00001d57      0x268 build/stm32f0xx_hal.o
 .debug_abbrev  0x00001fbf      0x222 build/stm32f0xx_hal_gpio.o
 .debug_abbrev  0x000021e1      0x242 build/stm32f0xx_hal_dma.o
 .debug_abbrev  0x00002423      0x2f4 build/stm32f0xx_hal_cortex.o
 .debug_abbrev  0x00002717      0x2ab build/stm32f0xx_hal_spi.o
 .debug_abbrev  0x000029c2      0x2bd build/stm32f0xx_hal_tim.o
 .debug_abbrev  0x00002c7f      0x29d build/stm32f0xx_hal_tim_ex.o
 .debug_abbrev  0x00002f1c      0x134 build/system_stm32f0xx.o
 .debug_abbrev  0x00003050      0x2ab build/usbd_core.o
 .debug_abbrev  0x000032fb      0x2ec build/usbd_ctlreq.o
 .debug_abbrev  0x000035e7      0x18e build/usbd_ioreq.o
 .debug_abbrev  0x00003775      0x140 build/usbd_custom_hid_if.o
 .debug_abbrev  0x000038b5      0x2c8 build/usbd_customhid.o
 .debug_abbrev  0x00003b7d       0x1d build/startup_stm32f042x6.o
 .debug_abbrev  0x00003b9a       0x9e /usr/lib/gcc/arm-none-eabi/14.1.0/../../../../arm-none-eabi/lib/thumb/v6-m/nofp/libc_nano.a(libc_a-memset.o)
 .debug_abbrev  0x00003c38       0xc9 /usr/lib/gcc/arm-none-eabi/14.1.0/../../../../arm-none-eabi/lib/thumb/v6-m/nofp/libc_nano.a(libc_a-init.o)
 .debug_abbrev  0x00003d01       0x28 /usr/lib/gcc/arm-none-eabi/14.1.0/thumb/v6-m/nofp/libgcc.a(_udivsi3.o)
 .debug_abbrev  0x00003d29       0x26 /usr/lib/gcc/arm-none-eabi/14.1.0/thumb/v6-m/nofp/libgcc.a(_dvmd_tls.o)

.debug_loc      0x00000000    0x16fb2
 .debug_loc     0x00000000      0x151 build/main.o
 .debug_loc     0x00000151      0x2e6 build/ws2811.o
 .debug_loc     0x00000437       0xcb build/stm32f0xx_it.o
 .debug_loc     0x00000502      0x1e7 build/stm32f0xx_hal_msp.o
 .debug_loc     0x000006e9       0x20 build/usb_device.o
 .debug_loc     0x00000709      0x4c9 build/usbd_desc.o
 .debug_loc     0x00000bd2     0x111d build/usbd_conf.o
 .debug_loc     0x00001cef     0x1d98 build/stm32f0xx_ll_usb.o
 .debug_loc     0x00003a87     0x1bb0 build/stm32f0xx_hal_pcd.o
 .debug_loc     0x00005637      0x330 build/stm32f0xx_hal_pcd_ex.o
 .debug_loc     0x00005967      0x816 build/stm32f0xx_hal_rcc.o
 .debug_loc     0x0000617d      0x8a4 build/stm32f0xx_hal_rcc_ex.o
 .debug_loc     0x00006a21      0x1f9 build/stm32f0xx_hal.o
 .debug_loc     0x00006c1a      0x47a build/stm32f0xx_hal_gpio.o
 .debug_loc     0x00007094      0xb4c build/stm32f0xx_hal_dma.o
 .debug_loc     0x00007be0      0x3d4 build/stm32f0xx_hal_cortex.o
 .debug_loc     0x00007fb4     0x2b14 build/stm32f0xx_hal_spi.o
 .debug_loc     0x0000aac8     0x68f1 build/stm32f0xx_hal_tim.o
 .debug_loc     0x000113b9     0x292c build/stm32f0xx_hal_tim_ex.o
 .debug_loc     0x00013ce5      0x1ae build/system_stm32f0xx.o
 .debug_loc     0x00013e93      0xb64 build/usbd_core.o
 .debug_loc     0x000149f7     0x16c6 build/usbd_ctlreq.o
 .debug_loc     0x000160bd      0x3f8 build/usbd_ioreq.o
 .debug_loc     0x000164b5       0x2b build/usbd_custom_hid_if.o
 .debug_loc     0x000164e0      0xad2 build/usbd_customhid.o

.debug_aranges  0x00000000     0x1258
 .debug_aranges
                0x00000000       0x48 build/main.o
 .debug_aranges
                0x00000048       0x28 build/ws2811.o
 .debug_aranges
                0x00000070       0x60 build/stm32f0xx_it.o
 .debug_aranges
                0x000000d0       0x40 build/stm32f0xx_hal_msp.o
 .debug_aranges
                0x00000110       0x20 build/usb_device.o
 .debug_aranges
                0x00000130       0x60 build/usbd_desc.o
 .debug_aranges
                0x00000190      0x118 build/usbd_conf.o
 .debug_aranges
                0x000002a8       0xc8 build/stm32f0xx_ll_usb.o
 .debug_aranges
                0x00000370      0x138 build/stm32f0xx_hal_pcd.o
 .debug_aranges
                0x000004a8       0x58 build/stm32f0xx_hal_pcd_ex.o
 .debug_aranges
                0x00000500       0x80 build/stm32f0xx_hal_rcc.o
 .debug_aranges
                0x00000580       0x78 build/stm32f0xx_hal_rcc_ex.o
 .debug_aranges
                0x000005f8       0xd0 build/stm32f0xx_hal.o
 .debug_aranges
                0x000006c8       0x58 build/stm32f0xx_hal_gpio.o
 .debug_aranges
                0x00000720       0x88 build/stm32f0xx_hal_dma.o
 .debug_aranges
                0x000007a8       0x98 build/stm32f0xx_hal_cortex.o
 .debug_aranges
                0x00000840      0x1d8 build/stm32f0xx_hal_spi.o
 .debug_aranges
                0x00000a18      0x3d0 build/stm32f0xx_hal_tim.o
 .debug_aranges
                0x00000de8      0x168 build/stm32f0xx_hal_tim_ex.o
 .debug_aranges
                0x00000f50       0x28 build/system_stm32f0xx.o
 .debug_aranges
                0x00000f78       0xb8 build/usbd_core.o
 .debug_aranges
                0x00001030       0x88 build/usbd_ctlreq.o
 .debug_aranges
                0x000010b8       0x50 build/usbd_ioreq.o
 .debug_aranges
                0x00001108       0x30 build/usbd_custom_hid_if.o
 .debug_aranges
                0x00001138       0x78 build/usbd_customhid.o
 .debug_aranges
                0x000011b0       0x28 build/startup_stm32f042x6.o
 .debug_aranges
                0x000011d8       0x20 /usr/lib/gcc/arm-none-eabi/14.1.0/../../../../arm-none-eabi/lib/thumb/v6-m/nofp/libc_nano.a(libc_a-memset.o)
 .debug_aranges
                0x000011f8       0x20 /usr/lib/gcc/arm-none-eabi/14.1.0/../../../../arm-none-eabi/lib/thumb/v6-m/nofp/libc_nano.a(libc_a-init.o)
 .debug_aranges
                0x00001218       0x20 /usr/lib/gcc/arm-none-eabi/14.1.0/thumb/v6-m/nofp/libgcc.a(_udivsi3.o)
 .debug_aranges
                0x00001238       0x20 /usr/lib/gcc/arm-none-eabi/14.1.0/thumb/v6-m/nofp/libgcc.a(_dvmd_tls.o)

.debug_ranges   0x00000000     0x14c0
 .debug_ranges  0x00000000       0x80 build/main.o
 .debug_ranges  0x00000080       0xc0 build/ws2811.o
 .debug_ranges  0x00000140       0x50 build/stm32f0xx_it.o
 .debug_ranges  0x00000190       0x30 build/stm32f0xx_hal_msp.o
 .debug_ranges  0x000001c0       0x10 build/usb_device.o
 .debug_ranges  0x000001d0       0x50 build/usbd_desc.o
 .debug_ranges  0x00000220      0x108 build/usbd_conf.o
 .debug_ranges  0x00000328      0x2f0 build/stm32f0xx_ll_usb.o
 .debug_ranges  0x00000618      0x238 build/stm32f0xx_hal_pcd.o
 .debug_ranges  0x00000850       0x48 build/stm32f0xx_hal_pcd_ex.o
 .debug_ranges  0x00000898       0x88 build/stm32f0xx_hal_rcc.o
 .debug_ranges  0x00000920       0x80 build/stm32f0xx_hal_rcc_ex.o
 .debug_ranges  0x000009a0       0xc0 build/stm32f0xx_hal.o
 .debug_ranges  0x00000a60       0x48 build/stm32f0xx_hal_gpio.o
 .debug_ranges  0x00000aa8       0x78 build/stm32f0xx_hal_dma.o
 .debug_ranges  0x00000b20       0xa0 build/stm32f0xx_hal_cortex.o
 .debug_ranges  0x00000bc0      0x1c8 build/stm32f0xx_hal_spi.o
 .debug_ranges  0x00000d88      0x3c0 build/stm32f0xx_hal_tim.o
 .debug_ranges  0x00001148      0x158 build/stm32f0xx_hal_tim_ex.o
 .debug_ranges  0x000012a0       0x18 build/system_stm32f0xx.o
 .debug_ranges  0x000012b8       0xa8 build/usbd_core.o
 .debug_ranges  0x00001360       0x78 build/usbd_ctlreq.o
 .debug_ranges  0x000013d8       0x40 build/usbd_ioreq.o
 .debug_ranges  0x00001418       0x20 build/usbd_custom_hid_if.o
 .debug_ranges  0x00001438       0x68 build/usbd_customhid.o
 .debug_ranges  0x000014a0       0x20 build/startup_stm32f042x6.o

.debug_line     0x00000000    0x1254f
 .debug_line    0x00000000      0x55f build/main.o
 .debug_line    0x0000055f      0x31b build/ws2811.o
 .debug_line    0x0000087a      0x280 build/stm32f0xx_it.o
 .debug_line    0x00000afa      0x2b6 build/stm32f0xx_hal_msp.o
 .debug_line    0x00000db0      0x1d4 build/usb_device.o
 .debug_line    0x00000f84      0x306 build/usbd_desc.o
 .debug_line    0x0000128a      0x7f1 build/usbd_conf.o
 .debug_line    0x00001a7b     0x16a5 build/stm32f0xx_ll_usb.o
 .debug_line    0x00003120     0x176d build/stm32f0xx_hal_pcd.o
 .debug_line    0x0000488d      0x3ea build/stm32f0xx_hal_pcd_ex.o
 .debug_line    0x00004c77      0xcd2 build/stm32f0xx_hal_rcc.o
 .debug_line    0x00005949      0x833 build/stm32f0xx_hal_rcc_ex.o
 .debug_line    0x0000617c      0x4b1 build/stm32f0xx_hal.o
 .debug_line    0x0000662d      0x624 build/stm32f0xx_hal_gpio.o
 .debug_line    0x00006c51      0x9cd build/stm32f0xx_hal_dma.o
 .debug_line    0x0000761e      0x4c2 build/stm32f0xx_hal_cortex.o
 .debug_line    0x00007ae0     0x2833 build/stm32f0xx_hal_spi.o
 .debug_line    0x0000a313     0x4845 build/stm32f0xx_hal_tim.o
 .debug_line    0x0000eb58     0x19e4 build/stm32f0xx_hal_tim_ex.o
 .debug_line    0x0001053c      0x1d3 build/system_stm32f0xx.o
 .debug_line    0x0001070f      0x6a6 build/usbd_core.o
 .debug_line    0x00010db5      0xa92 build/usbd_ctlreq.o
 .debug_line    0x00011847      0x22c build/usbd_ioreq.o
 .debug_line    0x00011a73      0x19a build/usbd_custom_hid_if.o
 .debug_line    0x00011c0d      0x5db build/usbd_customhid.o
 .debug_line    0x000121e8       0x86 build/startup_stm32f042x6.o
 .debug_line    0x0001226e      0x11d /usr/lib/gcc/arm-none-eabi/14.1.0/../../../../arm-none-eabi/lib/thumb/v6-m/nofp/libc_nano.a(libc_a-memset.o)
 .debug_line    0x0001238b      0x119 /usr/lib/gcc/arm-none-eabi/14.1.0/../../../../arm-none-eabi/lib/thumb/v6-m/nofp/libc_nano.a(libc_a-init.o)
 .debug_line    0x000124a4       0x61 /usr/lib/gcc/arm-none-eabi/14.1.0/thumb/v6-m/nofp/libgcc.a(_udivsi3.o)
 .debug_line    0x00012505       0x4a /usr/lib/gcc/arm-none-eabi/14.1.0/thumb/v6-m/nofp/libgcc.a(_dvmd_tls.o)

.debug_str      0x00000000     0x5154
 .debug_str     0x00000000     0x5154 build/main.o
                                0xd85 (size before relaxing)
 .debug_str     0x00005154      0x65e build/ws2811.o
 .debug_str     0x00005154      0xc94 build/stm32f0xx_it.o
 .debug_str     0x00005154      0xb77 build/stm32f0xx_hal_msp.o
 .debug_str     0x00005154      0x634 build/usb_device.o
 .debug_str     0x00005154      0x40f build/usbd_desc.o
 .debug_str     0x00005154     0x1051 build/usbd_conf.o
 .debug_str     0x00005154      0x635 build/stm32f0xx_ll_usb.o
 .debug_str     0x00005154      0xaaa build/stm32f0xx_hal_pcd.o
 .debug_str     0x00005154      0x734 build/stm32f0xx_hal_pcd_ex.o
 .debug_str     0x00005154      0x62a build/stm32f0xx_hal_rcc.o
 .debug_str     0x00005154      0x5d6 build/stm32f0xx_hal_rcc_ex.o
 .debug_str     0x00005154      0x68f build/stm32f0xx_hal.o
 .debug_str     0x00005154      0x3be build/stm32f0xx_hal_gpio.o
 .debug_str     0x00005154      0x5e1 build/stm32f0xx_hal_dma.o
 .debug_str     0x00005154      0x5d0 build/stm32f0xx_hal_cortex.o
 .debug_str     0x00005154      0xb92 build/stm32f0xx_hal_spi.o
 .debug_str     0x00005154     0x1643 build/stm32f0xx_hal_tim.o
 .debug_str     0x00005154      0xe4f build/stm32f0xx_hal_tim_ex.o
 .debug_str     0x00005154      0x23b build/system_stm32f0xx.o
 .debug_str     0x00005154      0x800 build/usbd_core.o
 .debug_str     0x00005154      0x709 build/usbd_ctlreq.o
 .debug_str     0x00005154      0x636 build/usbd_ioreq.o
 .debug_str     0x00005154      0x25f build/usbd_custom_hid_if.o
 .debug_str     0x00005154      0x91b build/usbd_customhid.o
 .debug_str     0x00005154       0x4f build/startup_stm32f042x6.o
 .debug_str     0x00005154      0x1b8 /usr/lib/gcc/arm-none-eabi/14.1.0/../../../../arm-none-eabi/lib/thumb/v6-m/nofp/libc_nano.a(libc_a-memset.o)
 .debug_str     0x00005154      0x219 /usr/lib/gcc/arm-none-eabi/14.1.0/../../../../arm-none-eabi/lib/thumb/v6-m/nofp/libc_nano.a(libc_a-init.o)
 .debug_str     0x00005154       0xb9 /usr/lib/gcc/arm-none-eabi/14.1.0/thumb/v6-m/nofp/libgcc.a(_udivsi3.o)
 .debug_str     0x00005154       0xba /usr/lib/gcc/arm-none-eabi/14.1.0/thumb/v6-m/nofp/libgcc.a(_dvmd_tls.o)

.comment        0x00000000       0x1e
 .comment       0x00000000       0x1e build/main.o
                                 0x1f (size before relaxing)
 .comment       0x0000001e       0x1f build/ws2811.o
 .comment       0x0000001e       0x1f build/stm32f0xx_it.o
 .comment       0x0000001e       0x1f build/stm32f0xx_hal_msp.o
 .comment       0x0000001e       0x1f build/usb_device.o
 .comment       0x0000001e       0x1f build/usbd_desc.o
 .comment       0x0000001e       0x1f build/usbd_conf.o
 .comment       0x0000001e       0x1f build/stm32f0xx_ll_usb.o
 .comment       0x0000001e       0x1f build/stm32f0xx_hal_pcd.o
 .comment       0x0000001e       0x1f build/stm32f0xx_hal_pcd_ex.o
 .comment       0x0000001e       0x1f build/stm32f0xx_hal_rcc.o
 .comment       0x0000001e       0x1f build/stm32f0xx_hal_rcc_ex.o
 .comment       0x0000001e       0x1f build/stm32f0xx_hal.o
 .comment       0x0000001e       0x1f build/stm32f0xx_hal_gpio.o
 .comment       0x0000001e       0x1f build/stm32f0xx_hal_dma.o
 .comment       0x0000001e       0x1f build/stm32f0xx_hal_cortex.o
 .comment       0x0000001e       0x1f build/stm32f0xx_hal_spi.o
 .comment       0x0000001e       0x1f build/stm32f0xx_hal_tim.o
 .comment       0x0000001e       0x1f build/stm32f0xx_hal_tim_ex.o
 .comment       0x0000001e       0x1f build/system_stm32f0xx.o
 .comment       0x0000001e       0x1f build/usbd_core.o
 .comment       0x0000001e       0x1f build/usbd_ctlreq.o
 .comment       0x0000001e       0x1f build/usbd_ioreq.o
 .comment       0x0000001e       0x1f build/usbd_custom_hid_if.o
 .comment       0x0000001e       0x1f build/usbd_customhid.o
 .comment       0x0000001e       0x1f /usr/lib/gcc/arm-none-eabi/14.1.0/../../../../arm-none-eabi/lib/thumb/v6-m/nofp/libc_nano.a(libc_a-memset.o)
 .comment       0x0000001e       0x1f /usr/lib/gcc/arm-none-eabi/14.1.0/../../../../arm-none-eabi/lib/thumb/v6-m/nofp/libc_nano.a(libc_a-init.o)

.debug_frame    0x00000000     0x2dd0
 .debug_frame   0x00000000       0xa4 build/main.o
 .debug_frame   0x000000a4       0x58 build/ws2811.o
 .debug_frame   0x000000fc       0xc8 build/stm32f0xx_it.o
 .debug_frame   0x000001c4       0x88 build/stm32f0xx_hal_msp.o
 .debug_frame   0x0000024c       0x28 build/usb_device.o
 .debug_frame   0x00000274       0xe0 build/usbd_desc.o
 .debug_frame   0x00000354      0x2f8 build/usbd_conf.o
 .debug_frame   0x0000064c      0x1b4 build/stm32f0xx_ll_usb.o
 .debug_frame   0x00000800      0x358 build/stm32f0xx_hal_pcd.o
 .debug_frame   0x00000b58       0xa8 build/stm32f0xx_hal_pcd_ex.o
 .debug_frame   0x00000c00      0x138 build/stm32f0xx_hal_rcc.o
 .debug_frame   0x00000d38       0xfc build/stm32f0xx_hal_rcc_ex.o
 .debug_frame   0x00000e34      0x1ac build/stm32f0xx_hal.o
 .debug_frame   0x00000fe0       0xc0 build/stm32f0xx_hal_gpio.o
 .debug_frame   0x000010a0      0x168 build/stm32f0xx_hal_dma.o
 .debug_frame   0x00001208      0x144 build/stm32f0xx_hal_cortex.o
 .debug_frame   0x0000134c      0x5a4 build/stm32f0xx_hal_spi.o
 .debug_frame   0x000018f0      0xae0 build/stm32f0xx_hal_tim.o
 .debug_frame   0x000023d0      0x420 build/stm32f0xx_hal_tim_ex.o
 .debug_frame   0x000027f0       0x38 build/system_stm32f0xx.o
 .debug_frame   0x00002828      0x1c4 build/usbd_core.o
 .debug_frame   0x000029ec      0x168 build/usbd_ctlreq.o
 .debug_frame   0x00002b54       0xb8 build/usbd_ioreq.o
 .debug_frame   0x00002c0c       0x40 build/usbd_custom_hid_if.o
 .debug_frame   0x00002c4c      0x118 build/usbd_customhid.o
 .debug_frame   0x00002d64       0x20 /usr/lib/gcc/arm-none-eabi/14.1.0/../../../../arm-none-eabi/lib/thumb/v6-m/nofp/libc_nano.a(libc_a-memset.o)
 .debug_frame   0x00002d84       0x2c /usr/lib/gcc/arm-none-eabi/14.1.0/../../../../arm-none-eabi/lib/thumb/v6-m/nofp/libc_nano.a(libc_a-init.o)
 .debug_frame   0x00002db0       0x20 /usr/lib/gcc/arm-none-eabi/14.1.0/thumb/v6-m/nofp/libgcc.a(_udivsi3.o)

.debug_loclists
                0x00000000       0xdb
 .debug_loclists
                0x00000000       0x80 /usr/lib/gcc/arm-none-eabi/14.1.0/../../../../arm-none-eabi/lib/thumb/v6-m/nofp/libc_nano.a(libc_a-memset.o)
 .debug_loclists
                0x00000080       0x5b /usr/lib/gcc/arm-none-eabi/14.1.0/../../../../arm-none-eabi/lib/thumb/v6-m/nofp/libc_nano.a(libc_a-init.o)

.debug_rnglists
                0x00000000       0x26
 .debug_rnglists
                0x00000000       0x13 /usr/lib/gcc/arm-none-eabi/14.1.0/../../../../arm-none-eabi/lib/thumb/v6-m/nofp/libc_nano.a(libc_a-memset.o)
 .debug_rnglists
                0x00000013       0x13 /usr/lib/gcc/arm-none-eabi/14.1.0/../../../../arm-none-eabi/lib/thumb/v6-m/nofp/libc_nano.a(libc_a-init.o)

.debug_line_str
                0x00000000       0x92
 .debug_line_str
                0x00000000       0x92 /usr/lib/gcc/arm-none-eabi/14.1.0/thumb/v6-m/nofp/libgcc.a(_udivsi3.o)
 .debug_line_str
                0x00000092       0x92 /usr/lib/gcc/arm-none-eabi/14.1.0/thumb/v6-m/nofp/libgcc.a(_dvmd_tls.o)

Cross Reference Table

Symbol                                            File
ADC1_IRQHandler                                   build/startup_stm32f042x6.o
AHBPrescTable                                     build/system_stm32f0xx.o
                                                  build/stm32f0xx_hal_rcc.o
APBPrescTable                                     build/system_stm32f0xx.o
                                                  build/stm32f0xx_hal_rcc.o
CEC_CAN_IRQHandler                                build/startup_stm32f042x6.o
DMA1_Channel1_IRQHandler                          build/startup_stm32f042x6.o
DMA1_Channel2_3_IRQHandler                        build/startup_stm32f042x6.o
DMA1_Channel4_5_IRQHandler                        build/startup_stm32f042x6.o
Default_Handler                                   build/startup_stm32f042x6.o
EXTI0_1_IRQHandler                                build/startup_stm32f042x6.o
EXTI2_3_IRQHandler                                build/startup_stm32f042x6.o
EXTI4_15_IRQHandler                               build/startup_stm32f042x6.o
Error_Handler                                     build/main.o
                                                  build/usbd_conf.o
                                                  build/usb_device.o
FLASH_IRQHandler                                  build/startup_stm32f042x6.o
FLASH_PageErase                                   build/stm32f0xx_hal_flash_ex.o
                                                  build/stm32f0xx_hal_flash.o
FLASH_WaitForLastOperation                        build/stm32f0xx_hal_flash.o
                                                  build/stm32f0xx_hal_flash_ex.o
FS_Desc                                           build/usbd_desc.o
                                                  build/usb_device.o
HAL_DBGMCU_DisableDBGStandbyMode                  build/stm32f0xx_hal.o
HAL_DBGMCU_DisableDBGStopMode                     build/stm32f0xx_hal.o
HAL_DBGMCU_EnableDBGStandbyMode                   build/stm32f0xx_hal.o
HAL_DBGMCU_EnableDBGStopMode                      build/stm32f0xx_hal.o
HAL_DMA_Abort                                     build/stm32f0xx_hal_dma.o
                                                  build/stm32f0xx_hal_spi.o
HAL_DMA_Abort_IT                                  build/stm32f0xx_hal_dma.o
                                                  build/stm32f0xx_hal_tim_ex.o
                                                  build/stm32f0xx_hal_tim.o
                                                  build/stm32f0xx_hal_spi.o
                                                  build/stm32f0xx_hal_i2c.o
HAL_DMA_DeInit                                    build/stm32f0xx_hal_dma.o
HAL_DMA_GetError                                  build/stm32f0xx_hal_dma.o
HAL_DMA_GetState                                  build/stm32f0xx_hal_dma.o
                                                  build/stm32f0xx_hal_i2c.o
HAL_DMA_IRQHandler                                build/stm32f0xx_hal_dma.o
HAL_DMA_Init                                      build/stm32f0xx_hal_dma.o
HAL_DMA_PollForTransfer                           build/stm32f0xx_hal_dma.o
HAL_DMA_RegisterCallback                          build/stm32f0xx_hal_dma.o
HAL_DMA_Start                                     build/stm32f0xx_hal_dma.o
HAL_DMA_Start_IT                                  build/stm32f0xx_hal_dma.o
                                                  build/stm32f0xx_hal_tim_ex.o
                                                  build/stm32f0xx_hal_tim.o
                                                  build/stm32f0xx_hal_spi.o
                                                  build/stm32f0xx_hal_i2c.o
HAL_DMA_UnRegisterCallback                        build/stm32f0xx_hal_dma.o
HAL_DeInit                                        build/stm32f0xx_hal.o
HAL_Delay                                         build/stm32f0xx_hal.o
                                                  build/stm32f0xx_hal_pcd_ex.o
                                                  build/usbd_conf.o
                                                  build/main.o
HAL_EXTI_ClearConfigLine                          build/stm32f0xx_hal_exti.o
HAL_EXTI_ClearPending                             build/stm32f0xx_hal_exti.o
HAL_EXTI_GenerateSWI                              build/stm32f0xx_hal_exti.o
HAL_EXTI_GetConfigLine                            build/stm32f0xx_hal_exti.o
HAL_EXTI_GetHandle                                build/stm32f0xx_hal_exti.o
HAL_EXTI_GetPending                               build/stm32f0xx_hal_exti.o
HAL_EXTI_IRQHandler                               build/stm32f0xx_hal_exti.o
HAL_EXTI_RegisterCallback                         build/stm32f0xx_hal_exti.o
HAL_EXTI_SetConfigLine                            build/stm32f0xx_hal_exti.o
HAL_FLASHEx_Erase                                 build/stm32f0xx_hal_flash_ex.o
HAL_FLASHEx_Erase_IT                              build/stm32f0xx_hal_flash_ex.o
HAL_FLASHEx_OBErase                               build/stm32f0xx_hal_flash_ex.o
HAL_FLASHEx_OBGetConfig                           build/stm32f0xx_hal_flash_ex.o
HAL_FLASHEx_OBGetUserData                         build/stm32f0xx_hal_flash_ex.o
HAL_FLASHEx_OBProgram                             build/stm32f0xx_hal_flash_ex.o
HAL_FLASH_EndOfOperationCallback                  build/stm32f0xx_hal_flash.o
HAL_FLASH_GetError                                build/stm32f0xx_hal_flash.o
HAL_FLASH_IRQHandler                              build/stm32f0xx_hal_flash.o
HAL_FLASH_Lock                                    build/stm32f0xx_hal_flash.o
HAL_FLASH_OB_Launch                               build/stm32f0xx_hal_flash.o
HAL_FLASH_OB_Lock                                 build/stm32f0xx_hal_flash.o
HAL_FLASH_OB_Unlock                               build/stm32f0xx_hal_flash.o
HAL_FLASH_OperationErrorCallback                  build/stm32f0xx_hal_flash.o
HAL_FLASH_Program                                 build/stm32f0xx_hal_flash.o
HAL_FLASH_Program_IT                              build/stm32f0xx_hal_flash.o
HAL_FLASH_Unlock                                  build/stm32f0xx_hal_flash.o
HAL_GPIO_DeInit                                   build/stm32f0xx_hal_gpio.o
                                                  build/stm32f0xx_hal_msp.o
HAL_GPIO_EXTI_Callback                            build/stm32f0xx_hal_gpio.o
HAL_GPIO_EXTI_IRQHandler                          build/stm32f0xx_hal_gpio.o
HAL_GPIO_Init                                     build/stm32f0xx_hal_gpio.o
                                                  build/stm32f0xx_hal_rcc.o
                                                  build/stm32f0xx_hal_msp.o
                                                  build/main.o
HAL_GPIO_LockPin                                  build/stm32f0xx_hal_gpio.o
HAL_GPIO_ReadPin                                  build/stm32f0xx_hal_gpio.o
HAL_GPIO_TogglePin                                build/stm32f0xx_hal_gpio.o
HAL_GPIO_WritePin                                 build/stm32f0xx_hal_gpio.o
                                                  build/main.o
HAL_GetDEVID                                      build/stm32f0xx_hal.o
HAL_GetHalVersion                                 build/stm32f0xx_hal.o
HAL_GetREVID                                      build/stm32f0xx_hal.o
HAL_GetTick                                       build/stm32f0xx_hal.o
                                                  build/stm32f0xx_hal_spi.o
                                                  build/stm32f0xx_hal_flash.o
                                                  build/stm32f0xx_hal_dma.o
                                                  build/stm32f0xx_hal_i2c.o
                                                  build/stm32f0xx_hal_rcc_ex.o
                                                  build/stm32f0xx_hal_rcc.o
                                                  build/stm32f0xx_hal_pcd_ex.o
HAL_GetTickFreq                                   build/stm32f0xx_hal.o
HAL_GetTickPrio                                   build/stm32f0xx_hal.o
HAL_GetUIDw0                                      build/stm32f0xx_hal.o
HAL_GetUIDw1                                      build/stm32f0xx_hal.o
HAL_GetUIDw2                                      build/stm32f0xx_hal.o
HAL_I2CEx_ConfigAnalogFilter                      build/stm32f0xx_hal_i2c_ex.o
HAL_I2CEx_ConfigDigitalFilter                     build/stm32f0xx_hal_i2c_ex.o
HAL_I2CEx_DisableFastModePlus                     build/stm32f0xx_hal_i2c_ex.o
HAL_I2CEx_DisableWakeUp                           build/stm32f0xx_hal_i2c_ex.o
HAL_I2CEx_EnableFastModePlus                      build/stm32f0xx_hal_i2c_ex.o
HAL_I2CEx_EnableWakeUp                            build/stm32f0xx_hal_i2c_ex.o
HAL_I2C_AbortCpltCallback                         build/stm32f0xx_hal_i2c.o
HAL_I2C_AddrCallback                              build/stm32f0xx_hal_i2c.o
HAL_I2C_DeInit                                    build/stm32f0xx_hal_i2c.o
HAL_I2C_DisableListen_IT                          build/stm32f0xx_hal_i2c.o
HAL_I2C_ER_IRQHandler                             build/stm32f0xx_hal_i2c.o
HAL_I2C_EV_IRQHandler                             build/stm32f0xx_hal_i2c.o
HAL_I2C_EnableListen_IT                           build/stm32f0xx_hal_i2c.o
HAL_I2C_ErrorCallback                             build/stm32f0xx_hal_i2c.o
HAL_I2C_GetError                                  build/stm32f0xx_hal_i2c.o
HAL_I2C_GetMode                                   build/stm32f0xx_hal_i2c.o
HAL_I2C_GetState                                  build/stm32f0xx_hal_i2c.o
HAL_I2C_Init                                      build/stm32f0xx_hal_i2c.o
HAL_I2C_IsDeviceReady                             build/stm32f0xx_hal_i2c.o
HAL_I2C_ListenCpltCallback                        build/stm32f0xx_hal_i2c.o
HAL_I2C_MasterRxCpltCallback                      build/stm32f0xx_hal_i2c.o
HAL_I2C_MasterTxCpltCallback                      build/stm32f0xx_hal_i2c.o
HAL_I2C_Master_Abort_IT                           build/stm32f0xx_hal_i2c.o
HAL_I2C_Master_Receive                            build/stm32f0xx_hal_i2c.o
HAL_I2C_Master_Receive_DMA                        build/stm32f0xx_hal_i2c.o
HAL_I2C_Master_Receive_IT                         build/stm32f0xx_hal_i2c.o
HAL_I2C_Master_Seq_Receive_DMA                    build/stm32f0xx_hal_i2c.o
HAL_I2C_Master_Seq_Receive_IT                     build/stm32f0xx_hal_i2c.o
HAL_I2C_Master_Seq_Transmit_DMA                   build/stm32f0xx_hal_i2c.o
HAL_I2C_Master_Seq_Transmit_IT                    build/stm32f0xx_hal_i2c.o
HAL_I2C_Master_Transmit                           build/stm32f0xx_hal_i2c.o
HAL_I2C_Master_Transmit_DMA                       build/stm32f0xx_hal_i2c.o
HAL_I2C_Master_Transmit_IT                        build/stm32f0xx_hal_i2c.o
HAL_I2C_MemRxCpltCallback                         build/stm32f0xx_hal_i2c.o
HAL_I2C_MemTxCpltCallback                         build/stm32f0xx_hal_i2c.o
HAL_I2C_Mem_Read                                  build/stm32f0xx_hal_i2c.o
HAL_I2C_Mem_Read_DMA                              build/stm32f0xx_hal_i2c.o
HAL_I2C_Mem_Read_IT                               build/stm32f0xx_hal_i2c.o
HAL_I2C_Mem_Write                                 build/stm32f0xx_hal_i2c.o
HAL_I2C_Mem_Write_DMA                             build/stm32f0xx_hal_i2c.o
HAL_I2C_Mem_Write_IT                              build/stm32f0xx_hal_i2c.o
HAL_I2C_MspDeInit                                 build/stm32f0xx_hal_i2c.o
HAL_I2C_MspInit                                   build/stm32f0xx_hal_i2c.o
HAL_I2C_SlaveRxCpltCallback                       build/stm32f0xx_hal_i2c.o
HAL_I2C_SlaveTxCpltCallback                       build/stm32f0xx_hal_i2c.o
HAL_I2C_Slave_Receive                             build/stm32f0xx_hal_i2c.o
HAL_I2C_Slave_Receive_DMA                         build/stm32f0xx_hal_i2c.o
HAL_I2C_Slave_Receive_IT                          build/stm32f0xx_hal_i2c.o
HAL_I2C_Slave_Seq_Receive_DMA                     build/stm32f0xx_hal_i2c.o
HAL_I2C_Slave_Seq_Receive_IT                      build/stm32f0xx_hal_i2c.o
HAL_I2C_Slave_Seq_Transmit_DMA                    build/stm32f0xx_hal_i2c.o
HAL_I2C_Slave_Seq_Transmit_IT                     build/stm32f0xx_hal_i2c.o
HAL_I2C_Slave_Transmit                            build/stm32f0xx_hal_i2c.o
HAL_I2C_Slave_Transmit_DMA                        build/stm32f0xx_hal_i2c.o
HAL_I2C_Slave_Transmit_IT                         build/stm32f0xx_hal_i2c.o
HAL_IncTick                                       build/stm32f0xx_hal.o
                                                  build/stm32f0xx_it.o
HAL_Init                                          build/stm32f0xx_hal.o
                                                  build/main.o
HAL_InitTick                                      build/stm32f0xx_hal.o
                                                  build/stm32f0xx_hal_rcc.o
HAL_MspDeInit                                     build/stm32f0xx_hal.o
HAL_MspInit                                       build/stm32f0xx_hal_msp.o
HAL_NVIC_ClearPendingIRQ                          build/stm32f0xx_hal_cortex.o
HAL_NVIC_DisableIRQ                               build/stm32f0xx_hal_cortex.o
                                                  build/usbd_conf.o
                                                  build/stm32f0xx_hal_msp.o
HAL_NVIC_EnableIRQ                                build/stm32f0xx_hal_cortex.o
                                                  build/usbd_conf.o
                                                  build/stm32f0xx_hal_msp.o
HAL_NVIC_GetPendingIRQ                            build/stm32f0xx_hal_cortex.o
HAL_NVIC_GetPriority                              build/stm32f0xx_hal_cortex.o
HAL_NVIC_SetPendingIRQ                            build/stm32f0xx_hal_cortex.o
HAL_NVIC_SetPriority                              build/stm32f0xx_hal_cortex.o
                                                  build/stm32f0xx_hal.o
                                                  build/usbd_conf.o
                                                  build/stm32f0xx_hal_msp.o
HAL_NVIC_SystemReset                              build/stm32f0xx_hal_cortex.o
HAL_PCDEx_ActivateBCD                             build/stm32f0xx_hal_pcd_ex.o
HAL_PCDEx_ActivateLPM                             build/stm32f0xx_hal_pcd_ex.o
                                                  build/stm32f0xx_hal_pcd.o
HAL_PCDEx_BCD_Callback                            build/stm32f0xx_hal_pcd_ex.o
HAL_PCDEx_BCD_VBUSDetect                          build/stm32f0xx_hal_pcd_ex.o
HAL_PCDEx_DeActivateBCD                           build/stm32f0xx_hal_pcd_ex.o
HAL_PCDEx_DeActivateLPM                           build/stm32f0xx_hal_pcd_ex.o
HAL_PCDEx_LPM_Callback                            build/stm32f0xx_hal_pcd_ex.o
                                                  build/stm32f0xx_hal_pcd.o
HAL_PCDEx_PMAConfig                               build/stm32f0xx_hal_pcd_ex.o
                                                  build/usbd_conf.o
HAL_PCD_ActivateRemoteWakeup                      build/stm32f0xx_hal_pcd.o
HAL_PCD_ConnectCallback                           build/usbd_conf.o
HAL_PCD_DataInStageCallback                       build/usbd_conf.o
HAL_PCD_DataOutStageCallback                      build/usbd_conf.o
HAL_PCD_DeActivateRemoteWakeup                    build/stm32f0xx_hal_pcd.o
HAL_PCD_DeInit                                    build/stm32f0xx_hal_pcd.o
                                                  build/usbd_conf.o
HAL_PCD_DevConnect                                build/stm32f0xx_hal_pcd.o
HAL_PCD_DevDisconnect                             build/stm32f0xx_hal_pcd.o
HAL_PCD_DisconnectCallback                        build/usbd_conf.o
HAL_PCD_EP_Abort                                  build/stm32f0xx_hal_pcd.o
HAL_PCD_EP_Close                                  build/stm32f0xx_hal_pcd.o
                                                  build/usbd_conf.o
HAL_PCD_EP_ClrStall                               build/stm32f0xx_hal_pcd.o
                                                  build/usbd_conf.o
HAL_PCD_EP_Flush                                  build/stm32f0xx_hal_pcd.o
                                                  build/usbd_conf.o
HAL_PCD_EP_GetRxCount                             build/stm32f0xx_hal_pcd.o
                                                  build/usbd_conf.o
HAL_PCD_EP_Open                                   build/stm32f0xx_hal_pcd.o
                                                  build/usbd_conf.o
HAL_PCD_EP_Receive                                build/stm32f0xx_hal_pcd.o
                                                  build/usbd_conf.o
HAL_PCD_EP_SetStall                               build/stm32f0xx_hal_pcd.o
                                                  build/usbd_conf.o
HAL_PCD_EP_Transmit                               build/stm32f0xx_hal_pcd.o
                                                  build/usbd_conf.o
HAL_PCD_GetState                                  build/stm32f0xx_hal_pcd.o
HAL_PCD_IRQHandler                                build/stm32f0xx_hal_pcd.o
                                                  build/stm32f0xx_it.o
HAL_PCD_ISOINIncompleteCallback                   build/usbd_conf.o
HAL_PCD_ISOOUTIncompleteCallback                  build/usbd_conf.o
HAL_PCD_Init                                      build/stm32f0xx_hal_pcd.o
                                                  build/usbd_conf.o
HAL_PCD_MspDeInit                                 build/usbd_conf.o
HAL_PCD_MspInit                                   build/usbd_conf.o
HAL_PCD_ResetCallback                             build/usbd_conf.o
HAL_PCD_ResumeCallback                            build/usbd_conf.o
HAL_PCD_SOFCallback                               build/usbd_conf.o
HAL_PCD_SetAddress                                build/stm32f0xx_hal_pcd.o
                                                  build/usbd_conf.o
HAL_PCD_SetupStageCallback                        build/usbd_conf.o
HAL_PCD_Start                                     build/stm32f0xx_hal_pcd.o
                                                  build/usbd_conf.o
HAL_PCD_Stop                                      build/stm32f0xx_hal_pcd.o
                                                  build/usbd_conf.o
HAL_PCD_SuspendCallback                           build/usbd_conf.o
HAL_PWREx_DisableVddio2Monitor                    build/stm32f0xx_hal_pwr_ex.o
HAL_PWREx_EnableVddio2Monitor                     build/stm32f0xx_hal_pwr_ex.o
HAL_PWREx_Vddio2MonitorCallback                   build/stm32f0xx_hal_pwr_ex.o
HAL_PWREx_Vddio2Monitor_IRQHandler                build/stm32f0xx_hal_pwr_ex.o
HAL_PWR_ConfigPVD                                 build/stm32f0xx_hal_pwr_ex.o
HAL_PWR_DeInit                                    build/stm32f0xx_hal_pwr.o
HAL_PWR_DisableBkUpAccess                         build/stm32f0xx_hal_pwr.o
HAL_PWR_DisablePVD                                build/stm32f0xx_hal_pwr_ex.o
HAL_PWR_DisableSEVOnPend                          build/stm32f0xx_hal_pwr.o
HAL_PWR_DisableSleepOnExit                        build/stm32f0xx_hal_pwr.o
HAL_PWR_DisableWakeUpPin                          build/stm32f0xx_hal_pwr.o
HAL_PWR_EnableBkUpAccess                          build/stm32f0xx_hal_pwr.o
HAL_PWR_EnablePVD                                 build/stm32f0xx_hal_pwr_ex.o
HAL_PWR_EnableSEVOnPend                           build/stm32f0xx_hal_pwr.o
HAL_PWR_EnableSleepOnExit                         build/stm32f0xx_hal_pwr.o
HAL_PWR_EnableWakeUpPin                           build/stm32f0xx_hal_pwr.o
HAL_PWR_EnterSLEEPMode                            build/stm32f0xx_hal_pwr.o
HAL_PWR_EnterSTANDBYMode                          build/stm32f0xx_hal_pwr.o
HAL_PWR_EnterSTOPMode                             build/stm32f0xx_hal_pwr.o
HAL_PWR_PVDCallback                               build/stm32f0xx_hal_pwr_ex.o
HAL_PWR_PVD_IRQHandler                            build/stm32f0xx_hal_pwr_ex.o
HAL_RCCEx_CRSConfig                               build/stm32f0xx_hal_rcc_ex.o
HAL_RCCEx_CRSGetSynchronizationInfo               build/stm32f0xx_hal_rcc_ex.o
HAL_RCCEx_CRSSoftwareSynchronizationGenerate      build/stm32f0xx_hal_rcc_ex.o
HAL_RCCEx_CRSWaitSynchronization                  build/stm32f0xx_hal_rcc_ex.o
HAL_RCCEx_CRS_ErrorCallback                       build/stm32f0xx_hal_rcc_ex.o
HAL_RCCEx_CRS_ExpectedSyncCallback                build/stm32f0xx_hal_rcc_ex.o
HAL_RCCEx_CRS_IRQHandler                          build/stm32f0xx_hal_rcc_ex.o
HAL_RCCEx_CRS_SyncOkCallback                      build/stm32f0xx_hal_rcc_ex.o
HAL_RCCEx_CRS_SyncWarnCallback                    build/stm32f0xx_hal_rcc_ex.o
HAL_RCCEx_GetPeriphCLKConfig                      build/stm32f0xx_hal_rcc_ex.o
HAL_RCCEx_GetPeriphCLKFreq                        build/stm32f0xx_hal_rcc_ex.o
HAL_RCCEx_PeriphCLKConfig                         build/stm32f0xx_hal_rcc_ex.o
                                                  build/main.o
HAL_RCC_CSSCallback                               build/stm32f0xx_hal_rcc.o
HAL_RCC_ClockConfig                               build/stm32f0xx_hal_rcc.o
                                                  build/main.o
HAL_RCC_DeInit                                    build/stm32f0xx_hal_rcc.o
HAL_RCC_DisableCSS                                build/stm32f0xx_hal_rcc.o
HAL_RCC_EnableCSS                                 build/stm32f0xx_hal_rcc.o
HAL_RCC_GetClockConfig                            build/stm32f0xx_hal_rcc.o
HAL_RCC_GetHCLKFreq                               build/stm32f0xx_hal_rcc.o
HAL_RCC_GetOscConfig                              build/stm32f0xx_hal_rcc.o
HAL_RCC_GetPCLK1Freq                              build/stm32f0xx_hal_rcc.o
                                                  build/stm32f0xx_hal_rcc_ex.o
HAL_RCC_GetSysClockFreq                           build/stm32f0xx_hal_rcc.o
                                                  build/stm32f0xx_hal_rcc_ex.o
HAL_RCC_MCOConfig                                 build/stm32f0xx_hal_rcc.o
HAL_RCC_NMI_IRQHandler                            build/stm32f0xx_hal_rcc.o
HAL_RCC_OscConfig                                 build/stm32f0xx_hal_rcc.o
                                                  build/main.o
HAL_ResumeTick                                    build/stm32f0xx_hal.o
HAL_SPIEx_FlushRxFifo                             build/stm32f0xx_hal_spi_ex.o
HAL_SPI_Abort                                     build/stm32f0xx_hal_spi.o
HAL_SPI_AbortCpltCallback                         build/stm32f0xx_hal_spi.o
HAL_SPI_Abort_IT                                  build/stm32f0xx_hal_spi.o
HAL_SPI_DMAPause                                  build/stm32f0xx_hal_spi.o
HAL_SPI_DMAResume                                 build/stm32f0xx_hal_spi.o
HAL_SPI_DMAStop                                   build/stm32f0xx_hal_spi.o
HAL_SPI_DeInit                                    build/stm32f0xx_hal_spi.o
HAL_SPI_ErrorCallback                             build/stm32f0xx_hal_spi.o
HAL_SPI_GetError                                  build/stm32f0xx_hal_spi.o
HAL_SPI_GetState                                  build/stm32f0xx_hal_spi.o
HAL_SPI_IRQHandler                                build/stm32f0xx_hal_spi.o
                                                  build/stm32f0xx_it.o
HAL_SPI_Init                                      build/stm32f0xx_hal_spi.o
                                                  build/main.o
HAL_SPI_MspDeInit                                 build/stm32f0xx_hal_msp.o
HAL_SPI_MspInit                                   build/stm32f0xx_hal_msp.o
HAL_SPI_Receive                                   build/stm32f0xx_hal_spi.o
HAL_SPI_Receive_DMA                               build/stm32f0xx_hal_spi.o
HAL_SPI_Receive_IT                                build/stm32f0xx_hal_spi.o
HAL_SPI_RxCpltCallback                            build/stm32f0xx_hal_spi.o
HAL_SPI_RxHalfCpltCallback                        build/stm32f0xx_hal_spi.o
HAL_SPI_Transmit                                  build/stm32f0xx_hal_spi.o
HAL_SPI_TransmitReceive                           build/stm32f0xx_hal_spi.o
HAL_SPI_TransmitReceive_DMA                       build/stm32f0xx_hal_spi.o
HAL_SPI_TransmitReceive_IT                        build/stm32f0xx_hal_spi.o
HAL_SPI_Transmit_DMA                              build/stm32f0xx_hal_spi.o
HAL_SPI_Transmit_IT                               build/stm32f0xx_hal_spi.o
                                                  build/ws2811.o
HAL_SPI_TxCpltCallback                            build/stm32f0xx_hal_spi.o
HAL_SPI_TxHalfCpltCallback                        build/stm32f0xx_hal_spi.o
HAL_SPI_TxRxCpltCallback                          build/stm32f0xx_hal_spi.o
HAL_SPI_TxRxHalfCpltCallback                      build/stm32f0xx_hal_spi.o
HAL_SYSTICK_CLKSourceConfig                       build/stm32f0xx_hal_cortex.o
HAL_SYSTICK_Callback                              build/stm32f0xx_hal_cortex.o
HAL_SYSTICK_Config                                build/stm32f0xx_hal_cortex.o
                                                  build/stm32f0xx_hal.o
HAL_SYSTICK_IRQHandler                            build/stm32f0xx_hal_cortex.o
HAL_SetTickFreq                                   build/stm32f0xx_hal.o
HAL_SuspendTick                                   build/stm32f0xx_hal.o
HAL_TIMEx_BreakCallback                           build/stm32f0xx_hal_tim_ex.o
                                                  build/stm32f0xx_hal_tim.o
HAL_TIMEx_CommutCallback                          build/stm32f0xx_hal_tim_ex.o
                                                  build/stm32f0xx_hal_tim.o
HAL_TIMEx_CommutHalfCpltCallback                  build/stm32f0xx_hal_tim_ex.o
HAL_TIMEx_ConfigBreakDeadTime                     build/stm32f0xx_hal_tim_ex.o
HAL_TIMEx_ConfigCommutEvent                       build/stm32f0xx_hal_tim_ex.o
HAL_TIMEx_ConfigCommutEvent_DMA                   build/stm32f0xx_hal_tim_ex.o
HAL_TIMEx_ConfigCommutEvent_IT                    build/stm32f0xx_hal_tim_ex.o
HAL_TIMEx_GetChannelNState                        build/stm32f0xx_hal_tim_ex.o
HAL_TIMEx_HallSensor_DeInit                       build/stm32f0xx_hal_tim_ex.o
HAL_TIMEx_HallSensor_GetState                     build/stm32f0xx_hal_tim_ex.o
HAL_TIMEx_HallSensor_Init                         build/stm32f0xx_hal_tim_ex.o
HAL_TIMEx_HallSensor_MspDeInit                    build/stm32f0xx_hal_tim_ex.o
HAL_TIMEx_HallSensor_MspInit                      build/stm32f0xx_hal_tim_ex.o
HAL_TIMEx_HallSensor_Start                        build/stm32f0xx_hal_tim_ex.o
HAL_TIMEx_HallSensor_Start_DMA                    build/stm32f0xx_hal_tim_ex.o
HAL_TIMEx_HallSensor_Start_IT                     build/stm32f0xx_hal_tim_ex.o
HAL_TIMEx_HallSensor_Stop                         build/stm32f0xx_hal_tim_ex.o
HAL_TIMEx_HallSensor_Stop_DMA                     build/stm32f0xx_hal_tim_ex.o
HAL_TIMEx_HallSensor_Stop_IT                      build/stm32f0xx_hal_tim_ex.o
HAL_TIMEx_MasterConfigSynchronization             build/stm32f0xx_hal_tim_ex.o
                                                  build/main.o
HAL_TIMEx_OCN_Start                               build/stm32f0xx_hal_tim_ex.o
HAL_TIMEx_OCN_Start_DMA                           build/stm32f0xx_hal_tim_ex.o
HAL_TIMEx_OCN_Start_IT                            build/stm32f0xx_hal_tim_ex.o
HAL_TIMEx_OCN_Stop                                build/stm32f0xx_hal_tim_ex.o
HAL_TIMEx_OCN_Stop_DMA                            build/stm32f0xx_hal_tim_ex.o
HAL_TIMEx_OCN_Stop_IT                             build/stm32f0xx_hal_tim_ex.o
HAL_TIMEx_OnePulseN_Start                         build/stm32f0xx_hal_tim_ex.o
HAL_TIMEx_OnePulseN_Start_IT                      build/stm32f0xx_hal_tim_ex.o
HAL_TIMEx_OnePulseN_Stop                          build/stm32f0xx_hal_tim_ex.o
HAL_TIMEx_OnePulseN_Stop_IT                       build/stm32f0xx_hal_tim_ex.o
HAL_TIMEx_PWMN_Start                              build/stm32f0xx_hal_tim_ex.o
HAL_TIMEx_PWMN_Start_DMA                          build/stm32f0xx_hal_tim_ex.o
HAL_TIMEx_PWMN_Start_IT                           build/stm32f0xx_hal_tim_ex.o
HAL_TIMEx_PWMN_Stop                               build/stm32f0xx_hal_tim_ex.o
HAL_TIMEx_PWMN_Stop_DMA                           build/stm32f0xx_hal_tim_ex.o
HAL_TIMEx_PWMN_Stop_IT                            build/stm32f0xx_hal_tim_ex.o
HAL_TIMEx_RemapConfig                             build/stm32f0xx_hal_tim_ex.o
HAL_TIM_Base_DeInit                               build/stm32f0xx_hal_tim.o
HAL_TIM_Base_GetState                             build/stm32f0xx_hal_tim.o
HAL_TIM_Base_Init                                 build/stm32f0xx_hal_tim.o
                                                  build/main.o
HAL_TIM_Base_MspDeInit                            build/stm32f0xx_hal_msp.o
HAL_TIM_Base_MspInit                              build/stm32f0xx_hal_msp.o
HAL_TIM_Base_Start                                build/stm32f0xx_hal_tim.o
HAL_TIM_Base_Start_DMA                            build/stm32f0xx_hal_tim.o
HAL_TIM_Base_Start_IT                             build/stm32f0xx_hal_tim.o
HAL_TIM_Base_Stop                                 build/stm32f0xx_hal_tim.o
HAL_TIM_Base_Stop_DMA                             build/stm32f0xx_hal_tim.o
HAL_TIM_Base_Stop_IT                              build/stm32f0xx_hal_tim.o
HAL_TIM_ConfigClockSource                         build/stm32f0xx_hal_tim.o
                                                  build/main.o
HAL_TIM_ConfigOCrefClear                          build/stm32f0xx_hal_tim.o
HAL_TIM_ConfigTI1Input                            build/stm32f0xx_hal_tim.o
HAL_TIM_DMABurstState                             build/stm32f0xx_hal_tim.o
HAL_TIM_DMABurst_MultiReadStart                   build/stm32f0xx_hal_tim.o
HAL_TIM_DMABurst_MultiWriteStart                  build/stm32f0xx_hal_tim.o
HAL_TIM_DMABurst_ReadStart                        build/stm32f0xx_hal_tim.o
HAL_TIM_DMABurst_ReadStop                         build/stm32f0xx_hal_tim.o
HAL_TIM_DMABurst_WriteStart                       build/stm32f0xx_hal_tim.o
HAL_TIM_DMABurst_WriteStop                        build/stm32f0xx_hal_tim.o
HAL_TIM_Encoder_DeInit                            build/stm32f0xx_hal_tim.o
HAL_TIM_Encoder_GetState                          build/stm32f0xx_hal_tim.o
HAL_TIM_Encoder_Init                              build/stm32f0xx_hal_tim.o
HAL_TIM_Encoder_MspDeInit                         build/stm32f0xx_hal_tim.o
HAL_TIM_Encoder_MspInit                           build/stm32f0xx_hal_tim.o
HAL_TIM_Encoder_Start                             build/stm32f0xx_hal_tim.o
HAL_TIM_Encoder_Start_DMA                         build/stm32f0xx_hal_tim.o
HAL_TIM_Encoder_Start_IT                          build/stm32f0xx_hal_tim.o
HAL_TIM_Encoder_Stop                              build/stm32f0xx_hal_tim.o
HAL_TIM_Encoder_Stop_DMA                          build/stm32f0xx_hal_tim.o
HAL_TIM_Encoder_Stop_IT                           build/stm32f0xx_hal_tim.o
HAL_TIM_ErrorCallback                             build/stm32f0xx_hal_tim.o
                                                  build/stm32f0xx_hal_tim_ex.o
HAL_TIM_GenerateEvent                             build/stm32f0xx_hal_tim.o
HAL_TIM_GetActiveChannel                          build/stm32f0xx_hal_tim.o
HAL_TIM_GetChannelState                           build/stm32f0xx_hal_tim.o
HAL_TIM_IC_CaptureCallback                        build/stm32f0xx_hal_tim.o
HAL_TIM_IC_CaptureHalfCpltCallback                build/stm32f0xx_hal_tim.o
HAL_TIM_IC_ConfigChannel                          build/stm32f0xx_hal_tim.o
HAL_TIM_IC_DeInit                                 build/stm32f0xx_hal_tim.o
HAL_TIM_IC_GetState                               build/stm32f0xx_hal_tim.o
HAL_TIM_IC_Init                                   build/stm32f0xx_hal_tim.o
HAL_TIM_IC_MspDeInit                              build/stm32f0xx_hal_tim.o
HAL_TIM_IC_MspInit                                build/stm32f0xx_hal_tim.o
HAL_TIM_IC_Start                                  build/stm32f0xx_hal_tim.o
HAL_TIM_IC_Start_DMA                              build/stm32f0xx_hal_tim.o
HAL_TIM_IC_Start_IT                               build/stm32f0xx_hal_tim.o
HAL_TIM_IC_Stop                                   build/stm32f0xx_hal_tim.o
HAL_TIM_IC_Stop_DMA                               build/stm32f0xx_hal_tim.o
HAL_TIM_IC_Stop_IT                                build/stm32f0xx_hal_tim.o
HAL_TIM_IRQHandler                                build/stm32f0xx_hal_tim.o
                                                  build/stm32f0xx_it.o
HAL_TIM_OC_ConfigChannel                          build/stm32f0xx_hal_tim.o
HAL_TIM_OC_DeInit                                 build/stm32f0xx_hal_tim.o
HAL_TIM_OC_DelayElapsedCallback                   build/stm32f0xx_hal_tim.o
HAL_TIM_OC_GetState                               build/stm32f0xx_hal_tim.o
HAL_TIM_OC_Init                                   build/stm32f0xx_hal_tim.o
HAL_TIM_OC_MspDeInit                              build/stm32f0xx_hal_tim.o
HAL_TIM_OC_MspInit                                build/stm32f0xx_hal_tim.o
HAL_TIM_OC_Start                                  build/stm32f0xx_hal_tim.o
HAL_TIM_OC_Start_DMA                              build/stm32f0xx_hal_tim.o
HAL_TIM_OC_Start_IT                               build/stm32f0xx_hal_tim.o
HAL_TIM_OC_Stop                                   build/stm32f0xx_hal_tim.o
HAL_TIM_OC_Stop_DMA                               build/stm32f0xx_hal_tim.o
HAL_TIM_OC_Stop_IT                                build/stm32f0xx_hal_tim.o